117.122.213.136 - - [17/Jun/2017:11:23:29 +0800] "HEAD /winerbond-site/api/querySocialInsurance HTTP/1.1" 405 0 "-" "curl/7.19.7 (x86_64-redhat-linux-gnu) libcurl/7.19.7 NSS/3.19.1 Basic ECC zlib/1.2.3 libidn/1.18 libssh2/1.4.2" "-" "0.005" "10.201.30.12:8080"
117.122.213.136 - - [17/Jun/2017:11:23:31 +0800] "HEAD /winerbond-site/api/querySocialInsurance HTTP/1.1" 405 0 "-" "curl/7.19.7 (x86_64-redhat-linux-gnu) libcurl/7.19.7 NSS/3.19.1 Basic ECC zlib/1.2.3 libidn/1.18 libssh2/1.4.2" "-" "0.004" "10.201.30.11:8080"
117.122.213.136 - - [17/Jun/2017:11:23:53 +0800] "HEAD /winerbond-site/api/querySocialInsurance HTTP/1.1" 405 0 "-" "curl/7.19.7 (x86_64-redhat-linux-gnu) libcurl/7.19.7 NSS/3.19.1 Basic ECC zlib/1.2.3 libidn/1.18 libssh2/1.4.2" "-" "0.004" "10.201.30.12:8080"
117.122.213.136 - - [17/Jun/2017:11:24:08 +0800] "HEAD /winerbond-site/api/querySocialInsurance HTTP/1.1" 405 0 "-" "curl/7.19.7 (x86_64-redhat-linux-gnu) libcurl/7.19.7 NSS/3.19.1 Basic ECC zlib/1.2.3 libidn/1.18 libssh2/1.4.2" "-" "0.004" "10.201.30.11:8080"
117.122.213.136 - - [17/Jun/2017:11:24:29 +0800] "HEAD /winerbond-site/api/querySocialInsurance HTTP/1.1" 405 0 "-" "curl/7.19.7 (x86_64-redhat-linux-gnu) libcurl/7.19.7 NSS/3.19.1 Basic ECC zlib/1.2.3 libidn/1.18 libssh2/1.4.2" "-" "0.004" "10.201.30.12:8080"
117.122.213.136 - - [17/Jun/2017:11:24:37 +0800] "HEAD /winerbond-site/api/querySocialInsurance HTTP/1.1" 405 0 "-" "curl/7.19.7 (x86_64-redhat-linux-gnu) libcurl/7.19.7 NSS/3.19.1 Basic ECC zlib/1.2.3 libidn/1.18 libssh2/1.4.2" "-" "0.004" "10.201.30.11:8080"
117.122.213.136 - - [17/Jun/2017:11:24:53 +0800] "HEAD /winerbond-site/api/querySocialInsurance HTTP/1.1" 405 0 "-" "curl/7.19.7 (x86_64-redhat-linux-gnu) libcurl/7.19.7 NSS/3.19.1 Basic ECC zlib/1.2.3 libidn/1.18 libssh2/1.4.2" "-" "0.004" "10.201.30.12:8080"
101.200.183.32 - - [17/Jun/2017:11:24:57 +0800] "POST /winerbond-site/api/winerbondLogin?login_name=shlj@portal.com&login_psw=Admin_123 HTTP/1.1" 200 82 "-" "Mozilla/5.0 (Windows NT 6.3; WOW64) AppleWebKit/537.36 (KHTML, like Gecko) Chrome/39.0.2171.71 Safari/537.36" "-" "0.817" "10.201.30.11:8080"
117.122.213.136 - - [17/Jun/2017:11:25:08 +0800] "HEAD /winerbond-site/api/querySocialInsurance HTTP/1.1" 405 0 "-" "curl/7.19.7 (x86_64-redhat-linux-gnu) libcurl/7.19.7 NSS/3.19.1 Basic ECC zlib/1.2.3 libidn/1.18 libssh2/1.4.2" "-" "0.004" "10.201.30.11:8080"
117.122.213.136 - - [17/Jun/2017:11:25:29 +0800] "HEAD /winerbond-site/api/querySocialInsurance HTTP/1.1" 405 0 "-" "curl/7.19.7 (x86_64-redhat-linux-gnu) libcurl/7.19.7 NSS/3.19.1 Basic ECC zlib/1.2.3 libidn/1.18 libssh2/1.4.2" "-" "0.004" "10.201.30.12:8080"
117.122.213.136 - - [17/Jun/2017:11:25:43 +0800] "HEAD /winerbond-site/api/querySocialInsurance HTTP/1.1" 405 0 "-" "curl/7.19.7 (x86_64-redhat-linux-gnu) libcurl/7.19.7 NSS/3.19.1 Basic ECC zlib/1.2.3 libidn/1.18 libssh2/1.4.2" "-" "0.004" "10.201.30.11:8080"
117.122.213.136 - - [17/Jun/2017:11:25:53 +0800] "HEAD /winerbond-site/api/querySocialInsurance HTTP/1.1" 405 0 "-" "curl/7.19.7 (x86_64-redhat-linux-gnu) libcurl/7.19.7 NSS/3.19.1 Basic ECC zlib/1.2.3 libidn/1.18 libssh2/1.4.2" "-" "0.005" "10.201.30.12:8080"
117.122.213.136 - - [17/Jun/2017:11:26:08 +0800] "HEAD /winerbond-site/api/querySocialInsurance HTTP/1.1" 405 0 "-" "curl/7.19.7 (x86_64-redhat-linux-gnu) libcurl/7.19.7 NSS/3.19.1 Basic ECC zlib/1.2.3 libidn/1.18 libssh2/1.4.2" "-" "0.004" "10.201.30.11:8080"
117.122.213.136 - - [17/Jun/2017:11:26:29 +0800] "HEAD /winerbond-site/api/querySocialInsurance HTTP/1.1" 405 0 "-" "curl/7.19.7 (x86_64-redhat-linux-gnu) libcurl/7.19.7 NSS/3.19.1 Basic ECC zlib/1.2.3 libidn/1.18 libssh2/1.4.2" "-" "0.004" "10.201.30.12:8080"
117.122.213.136 - - [17/Jun/2017:11:26:49 +0800] "HEAD /winerbond-site/api/querySocialInsurance HTTP/1.1" 405 0 "-" "curl/7.19.7 (x86_64-redhat-linux-gnu) libcurl/7.19.7 NSS/3.19.1 Basic ECC zlib/1.2.3 libidn/1.18 libssh2/1.4.2" "-" "0.005" "10.201.30.11:8080"
117.122.213.136 - - [17/Jun/2017:11:26:53 +0800] "HEAD /winerbond-site/api/querySocialInsurance HTTP/1.1" 405 0 "-" "curl/7.19.7 (x86_64-redhat-linux-gnu) libcurl/7.19.7 NSS/3.19.1 Basic ECC zlib/1.2.3 libidn/1.18 libssh2/1.4.2" "-" "0.004" "10.201.30.12:8080"
117.122.213.136 - - [17/Jun/2017:11:27:07 +0800] "HEAD /winerbond-site/api/querySocialInsurance HTTP/1.1" 405 0 "-" "curl/7.19.7 (x86_64-redhat-linux-gnu) libcurl/7.19.7 NSS/3.19.1 Basic ECC zlib/1.2.3 libidn/1.18 libssh2/1.4.2" "-" "0.004" "10.201.30.11:8080"
117.122.213.136 - - [17/Jun/2017:11:27:28 +0800] "HEAD /winerbond-site/api/querySocialInsurance HTTP/1.1" 405 0 "-" "curl/7.19.7 (x86_64-redhat-linux-gnu) libcurl/7.19.7 NSS/3.19.1 Basic ECC zlib/1.2.3 libidn/1.18 libssh2/1.4.2" "-" "0.004" "10.201.30.12:8080"
117.122.213.136 - - [17/Jun/2017:11:27:53 +0800] "HEAD /winerbond-site/api/querySocialInsurance HTTP/1.1" 405 0 "-" "curl/7.19.7 (x86_64-redhat-linux-gnu) libcurl/7.19.7 NSS/3.19.1 Basic ECC zlib/1.2.3 libidn/1.18 libssh2/1.4.2" "-" "0.005" "10.201.30.11:8080"
117.122.213.136 - - [17/Jun/2017:11:28:00 +0800] "HEAD /winerbond-site/api/querySocialInsurance HTTP/1.1" 405 0 "-" "curl/7.19.7 (x86_64-redhat-linux-gnu) libcurl/7.19.7 NSS/3.19.1 Basic ECC zlib/1.2.3 libidn/1.18 libssh2/1.4.2" "-" "0.004" "10.201.30.12:8080"
117.122.213.136 - - [17/Jun/2017:11:28:08 +0800] "HEAD /winerbond-site/api/querySocialInsurance HTTP/1.1" 405 0 "-" "curl/7.19.7 (x86_64-redhat-linux-gnu) libcurl/7.19.7 NSS/3.19.1 Basic ECC zlib/1.2.3 libidn/1.18 libssh2/1.4.2" "-" "0.004" "10.201.30.11:8080"
117.122.213.136 - - [17/Jun/2017:11:28:29 +0800] "HEAD /winerbond-site/api/querySocialInsurance HTTP/1.1" 405 0 "-" "curl/7.19.7 (x86_64-redhat-linux-gnu) libcurl/7.19.7 NSS/3.19.1 Basic ECC zlib/1.2.3 libidn/1.18 libssh2/1.4.2" "-" "0.004" "10.201.30.12:8080"
117.122.213.136 - - [17/Jun/2017:11:28:53 +0800] "HEAD /winerbond-site/api/querySocialInsurance HTTP/1.1" 405 0 "-" "curl/7.19.7 (x86_64-redhat-linux-gnu) libcurl/7.19.7 NSS/3.19.1 Basic ECC zlib/1.2.3 libidn/1.18 libssh2/1.4.2" "-" "0.004" "10.201.30.11:8080"
101.95.165.34 - - [17/Jun/2017:11:28:54 +0800] "GET /winerbond-site/ HTTP/1.1" 302 0 "-" "Mozilla/5.0 (Windows NT 10.0; WOW64) AppleWebKit/537.36 (KHTML, like Gecko) Maxthon/4.9.3.1000 Chrome/39.0.2146.0 Safari/537.36" "-" "0.003" "10.201.30.12:8080"
117.122.213.136 - - [17/Jun/2017:11:29:05 +0800] "HEAD /winerbond-site/api/querySocialInsurance HTTP/1.1" 405 0 "-" "curl/7.19.7 (x86_64-redhat-linux-gnu) libcurl/7.19.7 NSS/3.19.1 Basic ECC zlib/1.2.3 libidn/1.18 libssh2/1.4.2" "-" "0.004" "10.201.30.12:8080"
117.122.213.136 - - [17/Jun/2017:11:29:08 +0800] "HEAD /winerbond-site/api/querySocialInsurance HTTP/1.1" 405 0 "-" "curl/7.19.7 (x86_64-redhat-linux-gnu) libcurl/7.19.7 NSS/3.19.1 Basic ECC zlib/1.2.3 libidn/1.18 libssh2/1.4.2" "-" "0.004" "10.201.30.11:8080"
117.122.213.136 - - [17/Jun/2017:11:29:29 +0800] "HEAD /winerbond-site/api/querySocialInsurance HTTP/1.1" 405 0 "-" "curl/7.19.7 (x86_64-redhat-linux-gnu) libcurl/7.19.7 NSS/3.19.1 Basic ECC zlib/1.2.3 libidn/1.18 libssh2/1.4.2" "-" "0.004" "10.201.30.11:8080"
117.122.213.136 - - [17/Jun/2017:11:29:53 +0800] "HEAD /winerbond-site/api/querySocialInsurance HTTP/1.1" 405 0 "-" "curl/7.19.7 (x86_64-redhat-linux-gnu) libcurl/7.19.7 NSS/3.19.1 Basic ECC zlib/1.2.3 libidn/1.18 libssh2/1.4.2" "-" "0.004" "10.201.30.12:8080"
117.122.213.136 - - [17/Jun/2017:11:30:08 +0800] "HEAD /winerbond-site/api/querySocialInsurance HTTP/1.1" 405 0 "-" "curl/7.19.7 (x86_64-redhat-linux-gnu) libcurl/7.19.7 NSS/3.19.1 Basic ECC zlib/1.2.3 libidn/1.18 libssh2/1.4.2" "-" "0.004" "10.201.30.12:8080"
117.122.213.136 - - [17/Jun/2017:11:30:11 +0800] "HEAD /winerbond-site/api/querySocialInsurance HTTP/1.1" 405 0 "-" "curl/7.19.7 (x86_64-redhat-linux-gnu) libcurl/7.19.7 NSS/3.19.1 Basic ECC zlib/1.2.3 libidn/1.18 libssh2/1.4.2" "-" "0.004" "10.201.30.11:8080"
117.122.213.136 - - [17/Jun/2017:11:30:29 +0800] "HEAD /winerbond-site/api/querySocialInsurance HTTP/1.1" 405 0 "-" "curl/7.19.7 (x86_64-redhat-linux-gnu) libcurl/7.19.7 NSS/3.19.1 Basic ECC zlib/1.2.3 libidn/1.18 libssh2/1.4.2" "-" "0.003" "10.201.30.12:8080"
117.122.213.136 - - [17/Jun/2017:11:30:53 +0800] "HEAD /winerbond-site/api/querySocialInsurance HTTP/1.1" 405 0 "-" "curl/7.19.7 (x86_64-redhat-linux-gnu) libcurl/7.19.7 NSS/3.19.1 Basic ECC zlib/1.2.3 libidn/1.18 libssh2/1.4.2" "-" "0.005" "10.201.30.11:8080"
117.122.213.136 - - [17/Jun/2017:11:31:08 +0800] "HEAD /winerbond-site/api/querySocialInsurance HTTP/1.1" 405 0 "-" "curl/7.19.7 (x86_64-redhat-linux-gnu) libcurl/7.19.7 NSS/3.19.1 Basic ECC zlib/1.2.3 libidn/1.18 libssh2/1.4.2" "-" "0.004" "10.201.30.12:8080"
117.122.213.136 - - [17/Jun/2017:11:31:18 +0800] "HEAD /winerbond-site/api/querySocialInsurance HTTP/1.1" 405 0 "-" "curl/7.19.7 (x86_64-redhat-linux-gnu) libcurl/7.19.7 NSS/3.19.1 Basic ECC zlib/1.2.3 libidn/1.18 libssh2/1.4.2" "-" "0.003" "10.201.30.11:8080"
117.122.213.136 - - [17/Jun/2017:11:31:29 +0800] "HEAD /winerbond-site/api/querySocialInsurance HTTP/1.1" 405 0 "-" "curl/7.19.7 (x86_64-redhat-linux-gnu) libcurl/7.19.7 NSS/3.19.1 Basic ECC zlib/1.2.3 libidn/1.18 libssh2/1.4.2" "-" "0.005" "10.201.30.11:8080"
117.122.213.136 - - [17/Jun/2017:11:31:53 +0800] "HEAD /winerbond-site/api/querySocialInsurance HTTP/1.1" 405 0 "-" "curl/7.19.7 (x86_64-redhat-linux-gnu) libcurl/7.19.7 NSS/3.19.1 Basic ECC zlib/1.2.3 libidn/1.18 libssh2/1.4.2" "-" "0.004" "10.201.30.12:8080"
117.122.213.136 - - [17/Jun/2017:11:32:08 +0800] "HEAD /winerbond-site/api/querySocialInsurance HTTP/1.1" 405 0 "-" "curl/7.19.7 (x86_64-redhat-linux-gnu) libcurl/7.19.7 NSS/3.19.1 Basic ECC zlib/1.2.3 libidn/1.18 libssh2/1.4.2" "-" "0.005" "10.201.30.11:8080"
117.122.213.136 - - [17/Jun/2017:11:32:23 +0800] "HEAD /winerbond-site/api/querySocialInsurance HTTP/1.1" 405 0 "-" "curl/7.19.7 (x86_64-redhat-linux-gnu) libcurl/7.19.7 NSS/3.19.1 Basic ECC zlib/1.2.3 libidn/1.18 libssh2/1.4.2" "-" "0.005" "10.201.30.12:8080"
117.122.213.136 - - [17/Jun/2017:11:32:29 +0800] "HEAD /winerbond-site/api/querySocialInsurance HTTP/1.1" 405 0 "-" "curl/7.19.7 (x86_64-redhat-linux-gnu) libcurl/7.19.7 NSS/3.19.1 Basic ECC zlib/1.2.3 libidn/1.18 libssh2/1.4.2" "-" "0.004" "10.201.30.11:8080"
117.122.213.136 - - [17/Jun/2017:11:32:53 +0800] "HEAD /winerbond-site/api/querySocialInsurance HTTP/1.1" 405 0 "-" "curl/7.19.7 (x86_64-redhat-linux-gnu) libcurl/7.19.7 NSS/3.19.1 Basic ECC zlib/1.2.3 libidn/1.18 libssh2/1.4.2" "-" "0.004" "10.201.30.12:8080"
117.122.213.136 - - [17/Jun/2017:11:33:08 +0800] "HEAD /winerbond-site/api/querySocialInsurance HTTP/1.1" 405 0 "-" "curl/7.19.7 (x86_64-redhat-linux-gnu) libcurl/7.19.7 NSS/3.19.1 Basic ECC zlib/1.2.3 libidn/1.18 libssh2/1.4.2" "-" "0.012" "10.201.30.11:8080"
117.122.213.136 - - [17/Jun/2017:11:33:29 +0800] "HEAD /winerbond-site/api/querySocialInsurance HTTP/1.1" 405 0 "-" "curl/7.19.7 (x86_64-redhat-linux-gnu) libcurl/7.19.7 NSS/3.19.1 Basic ECC zlib/1.2.3 libidn/1.18 libssh2/1.4.2" "-" "0.004" "10.201.30.12:8080"
117.122.213.136 - - [17/Jun/2017:11:33:29 +0800] "HEAD /winerbond-site/api/querySocialInsurance HTTP/1.1" 405 0 "-" "curl/7.19.7 (x86_64-redhat-linux-gnu) libcurl/7.19.7 NSS/3.19.1 Basic ECC zlib/1.2.3 libidn/1.18 libssh2/1.4.2" "-" "0.003" "10.201.30.12:8080"
117.122.213.136 - - [17/Jun/2017:11:33:52 +0800] "HEAD /winerbond-site/api/querySocialInsurance HTTP/1.1" 405 0 "-" "curl/7.19.7 (x86_64-redhat-linux-gnu) libcurl/7.19.7 NSS/3.19.1 Basic ECC zlib/1.2.3 libidn/1.18 libssh2/1.4.2" "-" "0.004" "10.201.30.11:8080"
117.122.213.136 - - [17/Jun/2017:11:34:08 +0800] "HEAD /winerbond-site/api/querySocialInsurance HTTP/1.1" 405 0 "-" "curl/7.19.7 (x86_64-redhat-linux-gnu) libcurl/7.19.7 NSS/3.19.1 Basic ECC zlib/1.2.3 libidn/1.18 libssh2/1.4.2" "-" "0.004" "10.201.30.11:8080"
117.122.213.136 - - [17/Jun/2017:11:34:28 +0800] "HEAD /winerbond-site/api/querySocialInsurance HTTP/1.1" 405 0 "-" "curl/7.19.7 (x86_64-redhat-linux-gnu) libcurl/7.19.7 NSS/3.19.1 Basic ECC zlib/1.2.3 libidn/1.18 libssh2/1.4.2" "-" "0.004" "10.201.30.12:8080"
117.122.213.136 - - [17/Jun/2017:11:34:35 +0800] "HEAD /winerbond-site/api/querySocialInsurance HTTP/1.1" 405 0 "-" "curl/7.19.7 (x86_64-redhat-linux-gnu) libcurl/7.19.7 NSS/3.19.1 Basic ECC zlib/1.2.3 libidn/1.18 libssh2/1.4.2" "-" "0.004" "10.201.30.12:8080"
117.122.213.136 - - [17/Jun/2017:11:34:52 +0800] "HEAD /winerbond-site/api/querySocialInsurance HTTP/1.1" 405 0 "-" "curl/7.19.7 (x86_64-redhat-linux-gnu) libcurl/7.19.7 NSS/3.19.1 Basic ECC zlib/1.2.3 libidn/1.18 libssh2/1.4.2" "-" "0.005" "10.201.30.11:8080"
117.122.213.136 - - [17/Jun/2017:11:35:07 +0800] "HEAD /winerbond-site/api/querySocialInsurance HTTP/1.1" 405 0 "-" "curl/7.19.7 (x86_64-redhat-linux-gnu) libcurl/7.19.7 NSS/3.19.1 Basic ECC zlib/1.2.3 libidn/1.18 libssh2/1.4.2" "-" "0.004" "10.201.30.11:8080"
117.122.213.136 - - [17/Jun/2017:11:35:29 +0800] "HEAD /winerbond-site/api/querySocialInsurance HTTP/1.1" 405 0 "-" "curl/7.19.7 (x86_64-redhat-linux-gnu) libcurl/7.19.7 NSS/3.19.1 Basic ECC zlib/1.2.3 libidn/1.18 libssh2/1.4.2" "-" "0.004" "10.201.30.12:8080"
117.122.213.136 - - [17/Jun/2017:11:35:41 +0800] "HEAD /winerbond-site/api/querySocialInsurance HTTP/1.1" 405 0 "-" "curl/7.19.7 (x86_64-redhat-linux-gnu) libcurl/7.19.7 NSS/3.19.1 Basic ECC zlib/1.2.3 libidn/1.18 libssh2/1.4.2" "-" "0.004" "10.201.30.11:8080"
117.122.213.136 - - [17/Jun/2017:11:35:53 +0800] "HEAD /winerbond-site/api/querySocialInsurance HTTP/1.1" 405 0 "-" "curl/7.19.7 (x86_64-redhat-linux-gnu) libcurl/7.19.7 NSS/3.19.1 Basic ECC zlib/1.2.3 libidn/1.18 libssh2/1.4.2" "-" "0.004" "10.201.30.12:8080"
117.122.213.136 - - [17/Jun/2017:11:36:07 +0800] "HEAD /winerbond-site/api/querySocialInsurance HTTP/1.1" 405 0 "-" "curl/7.19.7 (x86_64-redhat-linux-gnu) libcurl/7.19.7 NSS/3.19.1 Basic ECC zlib/1.2.3 libidn/1.18 libssh2/1.4.2" "-" "0.004" "10.201.30.12:8080"
117.122.213.136 - - [17/Jun/2017:11:36:29 +0800] "HEAD /winerbond-site/api/querySocialInsurance HTTP/1.1" 405 0 "-" "curl/7.19.7 (x86_64-redhat-linux-gnu) libcurl/7.19.7 NSS/3.19.1 Basic ECC zlib/1.2.3 libidn/1.18 libssh2/1.4.2" "-" "0.014" "10.201.30.11:8080"
117.122.213.136 - - [17/Jun/2017:11:36:47 +0800] "HEAD /winerbond-site/api/querySocialInsurance HTTP/1.1" 405 0 "-" "curl/7.19.7 (x86_64-redhat-linux-gnu) libcurl/7.19.7 NSS/3.19.1 Basic ECC zlib/1.2.3 libidn/1.18 libssh2/1.4.2" "-" "0.004" "10.201.30.11:8080"
117.122.213.136 - - [17/Jun/2017:11:36:53 +0800] "HEAD /winerbond-site/api/querySocialInsurance HTTP/1.1" 405 0 "-" "curl/7.19.7 (x86_64-redhat-linux-gnu) libcurl/7.19.7 NSS/3.19.1 Basic ECC zlib/1.2.3 libidn/1.18 libssh2/1.4.2" "-" "0.004" "10.201.30.12:8080"
117.122.213.136 - - [17/Jun/2017:11:37:07 +0800] "HEAD /winerbond-site/api/querySocialInsurance HTTP/1.1" 405 0 "-" "curl/7.19.7 (x86_64-redhat-linux-gnu) libcurl/7.19.7 NSS/3.19.1 Basic ECC zlib/1.2.3 libidn/1.18 libssh2/1.4.2" "-" "0.004" "10.201.30.12:8080"
117.122.213.136 - - [17/Jun/2017:11:37:29 +0800] "HEAD /winerbond-site/api/querySocialInsurance HTTP/1.1" 405 0 "-" "curl/7.19.7 (x86_64-redhat-linux-gnu) libcurl/7.19.7 NSS/3.19.1 Basic ECC zlib/1.2.3 libidn/1.18 libssh2/1.4.2" "-" "0.005" "10.201.30.11:8080"
117.122.213.136 - - [17/Jun/2017:11:37:53 +0800] "HEAD /winerbond-site/api/querySocialInsurance HTTP/1.1" 405 0 "-" "curl/7.19.7 (x86_64-redhat-linux-gnu) libcurl/7.19.7 NSS/3.19.1 Basic ECC zlib/1.2.3 libidn/1.18 libssh2/1.4.2" "-" "0.004" "10.201.30.12:8080"
117.122.213.136 - - [17/Jun/2017:11:37:53 +0800] "HEAD /winerbond-site/api/querySocialInsurance HTTP/1.1" 405 0 "-" "curl/7.19.7 (x86_64-redhat-linux-gnu) libcurl/7.19.7 NSS/3.19.1 Basic ECC zlib/1.2.3 libidn/1.18 libssh2/1.4.2" "-" "0.005" "10.201.30.11:8080"
117.122.213.136 - - [17/Jun/2017:11:38:07 +0800] "HEAD /winerbond-site/api/querySocialInsurance HTTP/1.1" 405 0 "-" "curl/7.19.7 (x86_64-redhat-linux-gnu) libcurl/7.19.7 NSS/3.19.1 Basic ECC zlib/1.2.3 libidn/1.18 libssh2/1.4.2" "-" "0.004" "10.201.30.12:8080"
117.122.213.136 - - [17/Jun/2017:11:38:29 +0800] "HEAD /winerbond-site/api/querySocialInsurance HTTP/1.1" 405 0 "-" "curl/7.19.7 (x86_64-redhat-linux-gnu) libcurl/7.19.7 NSS/3.19.1 Basic ECC zlib/1.2.3 libidn/1.18 libssh2/1.4.2" "-" "0.004" "10.201.30.11:8080"
117.122.213.136 - - [17/Jun/2017:11:38:53 +0800] "HEAD /winerbond-site/api/querySocialInsurance HTTP/1.1" 405 0 "-" "curl/7.19.7 (x86_64-redhat-linux-gnu) libcurl/7.19.7 NSS/3.19.1 Basic ECC zlib/1.2.3 libidn/1.18 libssh2/1.4.2" "-" "0.004" "10.201.30.12:8080"
117.122.213.136 - - [17/Jun/2017:11:39:03 +0800] "HEAD /winerbond-site/api/querySocialInsurance HTTP/1.1" 405 0 "-" "curl/7.19.7 (x86_64-redhat-linux-gnu) libcurl/7.19.7 NSS/3.19.1 Basic ECC zlib/1.2.3 libidn/1.18 libssh2/1.4.2" "-" "0.005" "10.201.30.11:8080"
117.122.213.136 - - [17/Jun/2017:11:39:06 +0800] "HEAD /winerbond-site/api/querySocialInsurance HTTP/1.1" 405 0 "-" "curl/7.19.7 (x86_64-redhat-linux-gnu) libcurl/7.19.7 NSS/3.19.1 Basic ECC zlib/1.2.3 libidn/1.18 libssh2/1.4.2" "-" "0.003" "10.201.30.12:8080"
117.122.213.136 - - [17/Jun/2017:11:39:29 +0800] "HEAD /winerbond-site/api/querySocialInsurance HTTP/1.1" 405 0 "-" "curl/7.19.7 (x86_64-redhat-linux-gnu) libcurl/7.19.7 NSS/3.19.1 Basic ECC zlib/1.2.3 libidn/1.18 libssh2/1.4.2" "-" "0.005" "10.201.30.11:8080"
117.122.213.136 - - [17/Jun/2017:11:39:55 +0800] "HEAD /winerbond-site/api/querySocialInsurance HTTP/1.1" 405 0 "-" "curl/7.19.7 (x86_64-redhat-linux-gnu) libcurl/7.19.7 NSS/3.19.1 Basic ECC zlib/1.2.3 libidn/1.18 libssh2/1.4.2" "-" "0.004" "10.201.30.11:8080"
117.122.213.136 - - [17/Jun/2017:11:40:07 +0800] "HEAD /winerbond-site/api/querySocialInsurance HTTP/1.1" 405 0 "-" "curl/7.19.7 (x86_64-redhat-linux-gnu) libcurl/7.19.7 NSS/3.19.1 Basic ECC zlib/1.2.3 libidn/1.18 libssh2/1.4.2" "-" "0.004" "10.201.30.12:8080"
117.122.213.136 - - [17/Jun/2017:11:40:09 +0800] "HEAD /winerbond-site/api/querySocialInsurance HTTP/1.1" 405 0 "-" "curl/7.19.7 (x86_64-redhat-linux-gnu) libcurl/7.19.7 NSS/3.19.1 Basic ECC zlib/1.2.3 libidn/1.18 libssh2/1.4.2" "-" "0.011" "10.201.30.11:8080"
117.122.213.136 - - [17/Jun/2017:11:40:29 +0800] "HEAD /winerbond-site/api/querySocialInsurance HTTP/1.1" 405 0 "-" "curl/7.19.7 (x86_64-redhat-linux-gnu) libcurl/7.19.7 NSS/3.19.1 Basic ECC zlib/1.2.3 libidn/1.18 libssh2/1.4.2" "-" "0.004" "10.201.30.12:8080"
117.122.213.136 - - [17/Jun/2017:11:40:53 +0800] "HEAD /winerbond-site/api/querySocialInsurance HTTP/1.1" 405 0 "-" "curl/7.19.7 (x86_64-redhat-linux-gnu) libcurl/7.19.7 NSS/3.19.1 Basic ECC zlib/1.2.3 libidn/1.18 libssh2/1.4.2" "-" "0.006" "10.201.30.11:8080"
117.122.213.136 - - [17/Jun/2017:11:41:07 +0800] "HEAD /winerbond-site/api/querySocialInsurance HTTP/1.1" 405 0 "-" "curl/7.19.7 (x86_64-redhat-linux-gnu) libcurl/7.19.7 NSS/3.19.1 Basic ECC zlib/1.2.3 libidn/1.18 libssh2/1.4.2" "-" "0.005" "10.201.30.12:8080"
117.122.213.136 - - [17/Jun/2017:11:41:16 +0800] "HEAD /winerbond-site/api/querySocialInsurance HTTP/1.1" 405 0 "-" "curl/7.19.7 (x86_64-redhat-linux-gnu) libcurl/7.19.7 NSS/3.19.1 Basic ECC zlib/1.2.3 libidn/1.18 libssh2/1.4.2" "-" "0.004" "10.201.30.11:8080"
117.122.213.136 - - [17/Jun/2017:11:41:29 +0800] "HEAD /winerbond-site/api/querySocialInsurance HTTP/1.1" 405 0 "-" "curl/7.19.7 (x86_64-redhat-linux-gnu) libcurl/7.19.7 NSS/3.19.1 Basic ECC zlib/1.2.3 libidn/1.18 libssh2/1.4.2" "-" "0.003" "10.201.30.12:8080"
117.122.213.136 - - [17/Jun/2017:11:41:53 +0800] "HEAD /winerbond-site/api/querySocialInsurance HTTP/1.1" 405 0 "-" "curl/7.19.7 (x86_64-redhat-linux-gnu) libcurl/7.19.7 NSS/3.19.1 Basic ECC zlib/1.2.3 libidn/1.18 libssh2/1.4.2" "-" "0.004" "10.201.30.11:8080"
117.122.213.136 - - [17/Jun/2017:11:42:07 +0800] "HEAD /winerbond-site/api/querySocialInsurance HTTP/1.1" 405 0 "-" "curl/7.19.7 (x86_64-redhat-linux-gnu) libcurl/7.19.7 NSS/3.19.1 Basic ECC zlib/1.2.3 libidn/1.18 libssh2/1.4.2" "-" "0.004" "10.201.30.12:8080"
117.122.213.136 - - [17/Jun/2017:11:42:22 +0800] "HEAD /winerbond-site/api/querySocialInsurance HTTP/1.1" 405 0 "-" "curl/7.19.7 (x86_64-redhat-linux-gnu) libcurl/7.19.7 NSS/3.19.1 Basic ECC zlib/1.2.3 libidn/1.18 libssh2/1.4.2" "-" "0.004" "10.201.30.11:8080"
117.122.213.136 - - [17/Jun/2017:11:42:29 +0800] "HEAD /winerbond-site/api/querySocialInsurance HTTP/1.1" 405 0 "-" "curl/7.19.7 (x86_64-redhat-linux-gnu) libcurl/7.19.7 NSS/3.19.1 Basic ECC zlib/1.2.3 libidn/1.18 libssh2/1.4.2" "-" "0.004" "10.201.30.11:8080"
117.122.213.136 - - [17/Jun/2017:11:42:53 +0800] "HEAD /winerbond-site/api/querySocialInsurance HTTP/1.1" 405 0 "-" "curl/7.19.7 (x86_64-redhat-linux-gnu) libcurl/7.19.7 NSS/3.19.1 Basic ECC zlib/1.2.3 libidn/1.18 libssh2/1.4.2" "-" "0.004" "10.201.30.11:8080"
101.200.183.32 - - [17/Jun/2017:11:42:58 +0800] "POST /winerbond-site/api/winerbondLogin?login_name=shlj@portal.com&login_psw=Admin_123 HTTP/1.1" 200 82 "-" "Mozilla/5.0 (Windows NT 6.3; WOW64) AppleWebKit/537.36 (KHTML, like Gecko) Chrome/39.0.2171.71 Safari/537.36" "-" "0.540" "10.201.30.12:8080"
117.122.213.136 - - [17/Jun/2017:11:43:07 +0800] "HEAD /winerbond-site/api/querySocialInsurance HTTP/1.1" 405 0 "-" "curl/7.19.7 (x86_64-redhat-linux-gnu) libcurl/7.19.7 NSS/3.19.1 Basic ECC zlib/1.2.3 libidn/1.18 libssh2/1.4.2" "-" "0.004" "10.201.30.11:8080"
117.122.213.136 - - [17/Jun/2017:11:43:27 +0800] "HEAD /winerbond-site/api/querySocialInsurance HTTP/1.1" 405 0 "-" "curl/7.19.7 (x86_64-redhat-linux-gnu) libcurl/7.19.7 NSS/3.19.1 Basic ECC zlib/1.2.3 libidn/1.18 libssh2/1.4.2" "-" "0.004" "10.201.30.12:8080"
117.122.213.136 - - [17/Jun/2017:11:43:29 +0800] "HEAD /winerbond-site/api/querySocialInsurance HTTP/1.1" 405 0 "-" "curl/7.19.7 (x86_64-redhat-linux-gnu) libcurl/7.19.7 NSS/3.19.1 Basic ECC zlib/1.2.3 libidn/1.18 libssh2/1.4.2" "-" "0.004" "10.201.30.12:8080"
117.122.213.136 - - [17/Jun/2017:11:43:53 +0800] "HEAD /winerbond-site/api/querySocialInsurance HTTP/1.1" 405 0 "-" "curl/7.19.7 (x86_64-redhat-linux-gnu) libcurl/7.19.7 NSS/3.19.1 Basic ECC zlib/1.2.3 libidn/1.18 libssh2/1.4.2" "-" "0.005" "10.201.30.11:8080"
117.122.213.136 - - [17/Jun/2017:11:44:07 +0800] "HEAD /winerbond-site/api/querySocialInsurance HTTP/1.1" 405 0 "-" "curl/7.19.7 (x86_64-redhat-linux-gnu) libcurl/7.19.7 NSS/3.19.1 Basic ECC zlib/1.2.3 libidn/1.18 libssh2/1.4.2" "-" "0.004" "10.201.30.12:8080"
101.95.165.34 - - [17/Jun/2017:11:44:17 +0800] "GET /winerbond-site/ HTTP/1.1" 302 0 "-" "Mozilla/5.0 (Windows NT 10.0; WOW64) AppleWebKit/537.36 (KHTML, like Gecko) Maxthon/4.9.3.1000 Chrome/39.0.2146.0 Safari/537.36" "-" "0.003" "10.201.30.11:8080"
117.122.213.136 - - [17/Jun/2017:11:44:29 +0800] "HEAD /winerbond-site/api/querySocialInsurance HTTP/1.1" 405 0 "-" "curl/7.19.7 (x86_64-redhat-linux-gnu) libcurl/7.19.7 NSS/3.19.1 Basic ECC zlib/1.2.3 libidn/1.18 libssh2/1.4.2" "-" "0.004" "10.201.30.11:8080"
117.122.213.136 - - [17/Jun/2017:11:44:33 +0800] "HEAD /winerbond-site/api/querySocialInsurance HTTP/1.1" 405 0 "-" "curl/7.19.7 (x86_64-redhat-linux-gnu) libcurl/7.19.7 NSS/3.19.1 Basic ECC zlib/1.2.3 libidn/1.18 libssh2/1.4.2" "-" "0.004" "10.201.30.12:8080"
106.6.180.255 - - [17/Jun/2017:11:44:35 +0800] "GET / HTTP/1.1" 301 178 "-" "Mozilla/5.0 (Windows NT 10.0; Win64; x64; rv:53.0) Gecko/20100101 Firefox/53.0" "-" "0.000" "-"
106.6.180.255 - - [17/Jun/2017:11:44:35 +0800] "GET /winerbond-site/ HTTP/1.1" 302 0 "-" "Mozilla/5.0 (Windows NT 10.0; Win64; x64; rv:53.0) Gecko/20100101 Firefox/53.0" "-" "0.003" "10.201.30.11:8080"
117.122.213.136 - - [17/Jun/2017:11:44:53 +0800] "HEAD /winerbond-site/api/querySocialInsurance HTTP/1.1" 405 0 "-" "curl/7.19.7 (x86_64-redhat-linux-gnu) libcurl/7.19.7 NSS/3.19.1 Basic ECC zlib/1.2.3 libidn/1.18 libssh2/1.4.2" "-" "0.004" "10.201.30.12:8080"
101.95.165.34 - - [17/Jun/2017:11:45:03 +0800] "GET /winerbond-site/ HTTP/1.1" 302 0 "-" "Mozilla/5.0 (Windows NT 10.0; WOW64) AppleWebKit/537.36 (KHTML, like Gecko) Maxthon/4.9.3.1000 Chrome/39.0.2146.0 Safari/537.36" "-" "0.003" "10.201.30.12:8080"
117.122.213.136 - - [17/Jun/2017:11:45:07 +0800] "HEAD /winerbond-site/api/querySocialInsurance HTTP/1.1" 405 0 "-" "curl/7.19.7 (x86_64-redhat-linux-gnu) libcurl/7.19.7 NSS/3.19.1 Basic ECC zlib/1.2.3 libidn/1.18 libssh2/1.4.2" "-" "0.005" "10.201.30.11:8080"
117.122.213.136 - - [17/Jun/2017:11:45:29 +0800] "HEAD /winerbond-site/api/querySocialInsurance HTTP/1.1" 405 0 "-" "curl/7.19.7 (x86_64-redhat-linux-gnu) libcurl/7.19.7 NSS/3.19.1 Basic ECC zlib/1.2.3 libidn/1.18 libssh2/1.4.2" "-" "0.004" "10.201.30.11:8080"
117.122.213.136 - - [17/Jun/2017:11:45:39 +0800] "HEAD /winerbond-site/api/querySocialInsurance HTTP/1.1" 405 0 "-" "curl/7.19.7 (x86_64-redhat-linux-gnu) libcurl/7.19.7 NSS/3.19.1 Basic ECC zlib/1.2.3 libidn/1.18 libssh2/1.4.2" "-" "0.004" "10.201.30.12:8080"
117.122.213.136 - - [17/Jun/2017:11:45:53 +0800] "HEAD /winerbond-site/api/querySocialInsurance HTTP/1.1" 405 0 "-" "curl/7.19.7 (x86_64-redhat-linux-gnu) libcurl/7.19.7 NSS/3.19.1 Basic ECC zlib/1.2.3 libidn/1.18 libssh2/1.4.2" "-" "0.004" "10.201.30.11:8080"
117.122.213.136 - - [17/Jun/2017:11:46:07 +0800] "HEAD /winerbond-site/api/querySocialInsurance HTTP/1.1" 405 0 "-" "curl/7.19.7 (x86_64-redhat-linux-gnu) libcurl/7.19.7 NSS/3.19.1 Basic ECC zlib/1.2.3 libidn/1.18 libssh2/1.4.2" "-" "0.004" "10.201.30.12:8080"
117.122.213.136 - - [17/Jun/2017:11:46:29 +0800] "HEAD /winerbond-site/api/querySocialInsurance HTTP/1.1" 405 0 "-" "curl/7.19.7 (x86_64-redhat-linux-gnu) libcurl/7.19.7 NSS/3.19.1 Basic ECC zlib/1.2.3 libidn/1.18 libssh2/1.4.2" "-" "0.004" "10.201.30.11:8080"
117.122.213.136 - - [17/Jun/2017:11:46:44 +0800] "HEAD /winerbond-site/api/querySocialInsurance HTTP/1.1" 405 0 "-" "curl/7.19.7 (x86_64-redhat-linux-gnu) libcurl/7.19.7 NSS/3.19.1 Basic ECC zlib/1.2.3 libidn/1.18 libssh2/1.4.2" "-" "0.004" "10.201.30.12:8080"
117.122.213.136 - - [17/Jun/2017:11:46:52 +0800] "HEAD /winerbond-site/api/querySocialInsurance HTTP/1.1" 405 0 "-" "curl/7.19.7 (x86_64-redhat-linux-gnu) libcurl/7.19.7 NSS/3.19.1 Basic ECC zlib/1.2.3 libidn/1.18 libssh2/1.4.2" "-" "0.004" "10.201.30.11:8080"
117.122.213.136 - - [17/Jun/2017:11:47:07 +0800] "HEAD /winerbond-site/api/querySocialInsurance HTTP/1.1" 405 0 "-" "curl/7.19.7 (x86_64-redhat-linux-gnu) libcurl/7.19.7 NSS/3.19.1 Basic ECC zlib/1.2.3 libidn/1.18 libssh2/1.4.2" "-" "0.004" "10.201.30.11:8080"
117.122.213.136 - - [17/Jun/2017:11:47:29 +0800] "HEAD /winerbond-site/api/querySocialInsurance HTTP/1.1" 405 0 "-" "curl/7.19.7 (x86_64-redhat-linux-gnu) libcurl/7.19.7 NSS/3.19.1 Basic ECC zlib/1.2.3 libidn/1.18 libssh2/1.4.2" "-" "0.004" "10.201.30.12:8080"
117.122.213.136 - - [17/Jun/2017:11:47:50 +0800] "HEAD /winerbond-site/api/querySocialInsurance HTTP/1.1" 405 0 "-" "curl/7.19.7 (x86_64-redhat-linux-gnu) libcurl/7.19.7 NSS/3.19.1 Basic ECC zlib/1.2.3 libidn/1.18 libssh2/1.4.2" "-" "0.004" "10.201.30.11:8080"
117.122.213.136 - - [17/Jun/2017:11:47:52 +0800] "HEAD /winerbond-site/api/querySocialInsurance HTTP/1.1" 405 0 "-" "curl/7.19.7 (x86_64-redhat-linux-gnu) libcurl/7.19.7 NSS/3.19.1 Basic ECC zlib/1.2.3 libidn/1.18 libssh2/1.4.2" "-" "0.004" "10.201.30.12:8080"
117.122.213.136 - - [17/Jun/2017:11:48:08 +0800] "HEAD /winerbond-site/api/querySocialInsurance HTTP/1.1" 405 0 "-" "curl/7.19.7 (x86_64-redhat-linux-gnu) libcurl/7.19.7 NSS/3.19.1 Basic ECC zlib/1.2.3 libidn/1.18 libssh2/1.4.2" "-" "0.004" "10.201.30.11:8080"
117.122.213.136 - - [17/Jun/2017:11:48:28 +0800] "HEAD /winerbond-site/api/querySocialInsurance HTTP/1.1" 405 0 "-" "curl/7.19.7 (x86_64-redhat-linux-gnu) libcurl/7.19.7 NSS/3.19.1 Basic ECC zlib/1.2.3 libidn/1.18 libssh2/1.4.2" "-" "0.004" "10.201.30.11:8080"
117.122.213.136 - - [17/Jun/2017:11:48:53 +0800] "HEAD /winerbond-site/api/querySocialInsurance HTTP/1.1" 405 0 "-" "curl/7.19.7 (x86_64-redhat-linux-gnu) libcurl/7.19.7 NSS/3.19.1 Basic ECC zlib/1.2.3 libidn/1.18 libssh2/1.4.2" "-" "0.004" "10.201.30.11:8080"
117.122.213.136 - - [17/Jun/2017:11:48:57 +0800] "HEAD /winerbond-site/api/querySocialInsurance HTTP/1.1" 405 0 "-" "curl/7.19.7 (x86_64-redhat-linux-gnu) libcurl/7.19.7 NSS/3.19.1 Basic ECC zlib/1.2.3 libidn/1.18 libssh2/1.4.2" "-" "0.005" "10.201.30.11:8080"
117.122.213.136 - - [17/Jun/2017:11:49:06 +0800] "HEAD /winerbond-site/api/querySocialInsurance HTTP/1.1" 405 0 "-" "curl/7.19.7 (x86_64-redhat-linux-gnu) libcurl/7.19.7 NSS/3.19.1 Basic ECC zlib/1.2.3 libidn/1.18 libssh2/1.4.2" "-" "0.004" "10.201.30.12:8080"
101.95.165.34 - - [17/Jun/2017:11:49:08 +0800] "GET /winerbond-site/ HTTP/1.1" 302 0 "-" "Mozilla/5.0 (Windows NT 10.0; WOW64) AppleWebKit/537.36 (KHTML, like Gecko) Maxthon/4.9.3.1000 Chrome/39.0.2146.0 Safari/537.36" "-" "0.002" "10.201.30.11:8080"
101.95.165.34 - - [17/Jun/2017:11:49:20 +0800] "GET /winerbond-site/login HTTP/1.1" 200 2395 "-" "Mozilla/5.0 (Windows NT 10.0; WOW64) AppleWebKit/537.36 (KHTML, like Gecko) Maxthon/4.9.3.1000 Chrome/39.0.2146.0 Safari/537.36" "-" "0.006" "10.201.30.12:8080"
101.95.165.34 - - [17/Jun/2017:11:49:20 +0800] "GET /favicon.ico HTTP/1.1" 404 193 "-" "Mozilla/5.0 (Windows NT 10.0; WOW64) AppleWebKit/537.36 (KHTML, like Gecko) Maxthon/4.9.3.1000 Chrome/39.0.2146.0 Safari/537.36" "-" "0.000" "-"
117.122.213.136 - - [17/Jun/2017:11:49:29 +0800] "HEAD /winerbond-site/api/querySocialInsurance HTTP/1.1" 405 0 "-" "curl/7.19.7 (x86_64-redhat-linux-gnu) libcurl/7.19.7 NSS/3.19.1 Basic ECC zlib/1.2.3 libidn/1.18 libssh2/1.4.2" "-" "0.004" "10.201.30.11:8080"
106.6.180.255 - - [17/Jun/2017:11:49:42 +0800] "GET /winerbond-site/ HTTP/1.1" 302 0 "-" "Mozilla/5.0 (Windows NT 10.0; Win64; x64; rv:53.0) Gecko/20100101 Firefox/53.0" "-" "0.003" "10.201.30.12:8080"
117.122.213.136 - - [17/Jun/2017:11:49:53 +0800] "HEAD /winerbond-site/api/querySocialInsurance HTTP/1.1" 405 0 "-" "curl/7.19.7 (x86_64-redhat-linux-gnu) libcurl/7.19.7 NSS/3.19.1 Basic ECC zlib/1.2.3 libidn/1.18 libssh2/1.4.2" "-" "0.004" "10.201.30.12:8080"
117.122.213.136 - - [17/Jun/2017:11:50:03 +0800] "HEAD /winerbond-site/api/querySocialInsurance HTTP/1.1" 405 0 "-" "curl/7.19.7 (x86_64-redhat-linux-gnu) libcurl/7.19.7 NSS/3.19.1 Basic ECC zlib/1.2.3 libidn/1.18 libssh2/1.4.2" "-" "0.005" "10.201.30.11:8080"
117.122.213.136 - - [17/Jun/2017:11:50:07 +0800] "HEAD /winerbond-site/api/querySocialInsurance HTTP/1.1" 405 0 "-" "curl/7.19.7 (x86_64-redhat-linux-gnu) libcurl/7.19.7 NSS/3.19.1 Basic ECC zlib/1.2.3 libidn/1.18 libssh2/1.4.2" "-" "0.004" "10.201.30.11:8080"
117.122.213.136 - - [17/Jun/2017:11:50:29 +0800] "HEAD /winerbond-site/api/querySocialInsurance HTTP/1.1" 405 0 "-" "curl/7.19.7 (x86_64-redhat-linux-gnu) libcurl/7.19.7 NSS/3.19.1 Basic ECC zlib/1.2.3 libidn/1.18 libssh2/1.4.2" "-" "0.004" "10.201.30.12:8080"
117.122.213.136 - - [17/Jun/2017:11:50:53 +0800] "HEAD /winerbond-site/api/querySocialInsurance HTTP/1.1" 405 0 "-" "curl/7.19.7 (x86_64-redhat-linux-gnu) libcurl/7.19.7 NSS/3.19.1 Basic ECC zlib/1.2.3 libidn/1.18 libssh2/1.4.2" "-" "0.004" "10.201.30.12:8080"
117.122.213.136 - - [17/Jun/2017:11:51:07 +0800] "HEAD /winerbond-site/api/querySocialInsurance HTTP/1.1" 405 0 "-" "curl/7.19.7 (x86_64-redhat-linux-gnu) libcurl/7.19.7 NSS/3.19.1 Basic ECC zlib/1.2.3 libidn/1.18 libssh2/1.4.2" "-" "0.004" "10.201.30.11:8080"
117.122.213.136 - - [17/Jun/2017:11:51:08 +0800] "HEAD /winerbond-site/api/querySocialInsurance HTTP/1.1" 405 0 "-" "curl/7.19.7 (x86_64-redhat-linux-gnu) libcurl/7.19.7 NSS/3.19.1 Basic ECC zlib/1.2.3 libidn/1.18 libssh2/1.4.2" "-" "0.004" "10.201.30.12:8080"
117.122.213.136 - - [17/Jun/2017:11:51:28 +0800] "HEAD /winerbond-site/api/querySocialInsurance HTTP/1.1" 405 0 "-" "curl/7.19.7 (x86_64-redhat-linux-gnu) libcurl/7.19.7 NSS/3.19.1 Basic ECC zlib/1.2.3 libidn/1.18 libssh2/1.4.2" "-" "0.004" "10.201.30.11:8080"
101.95.165.34 - - [17/Jun/2017:11:51:40 +0800] "GET /winerbond-site/ HTTP/1.1" 302 0 "-" "Mozilla/5.0 (Windows NT 10.0; WOW64) AppleWebKit/537.36 (KHTML, like Gecko) Maxthon/4.9.3.1000 Chrome/39.0.2146.0 Safari/537.36" "-" "0.003" "10.201.30.12:8080"
101.95.165.34 - - [17/Jun/2017:11:51:42 +0800] "GET /winerbond-site/ HTTP/1.1" 302 0 "-" "Mozilla/5.0 (Windows NT 10.0; WOW64) AppleWebKit/537.36 (KHTML, like Gecko) Maxthon/4.9.3.1000 Chrome/39.0.2146.0 Safari/537.36" "-" "0.003" "10.201.30.11:8080"
117.122.213.136 - - [17/Jun/2017:11:51:53 +0800] "HEAD /winerbond-site/api/querySocialInsurance HTTP/1.1" 405 0 "-" "curl/7.19.7 (x86_64-redhat-linux-gnu) libcurl/7.19.7 NSS/3.19.1 Basic ECC zlib/1.2.3 libidn/1.18 libssh2/1.4.2" "-" "0.004" "10.201.30.12:8080"
117.122.213.136 - - [17/Jun/2017:11:52:07 +0800] "HEAD /winerbond-site/api/querySocialInsurance HTTP/1.1" 405 0 "-" "curl/7.19.7 (x86_64-redhat-linux-gnu) libcurl/7.19.7 NSS/3.19.1 Basic ECC zlib/1.2.3 libidn/1.18 libssh2/1.4.2" "-" "0.004" "10.201.30.11:8080"
117.122.213.136 - - [17/Jun/2017:11:52:14 +0800] "HEAD /winerbond-site/api/querySocialInsurance HTTP/1.1" 405 0 "-" "curl/7.19.7 (x86_64-redhat-linux-gnu) libcurl/7.19.7 NSS/3.19.1 Basic ECC zlib/1.2.3 libidn/1.18 libssh2/1.4.2" "-" "0.004" "10.201.30.12:8080"
117.122.213.136 - - [17/Jun/2017:11:52:29 +0800] "HEAD /winerbond-site/api/querySocialInsurance HTTP/1.1" 405 0 "-" "curl/7.19.7 (x86_64-redhat-linux-gnu) libcurl/7.19.7 NSS/3.19.1 Basic ECC zlib/1.2.3 libidn/1.18 libssh2/1.4.2" "-" "0.004" "10.201.30.11:8080"
117.122.213.136 - - [17/Jun/2017:11:52:52 +0800] "HEAD /winerbond-site/api/querySocialInsurance HTTP/1.1" 405 0 "-" "curl/7.19.7 (x86_64-redhat-linux-gnu) libcurl/7.19.7 NSS/3.19.1 Basic ECC zlib/1.2.3 libidn/1.18 libssh2/1.4.2" "-" "0.004" "10.201.30.11:8080"
101.95.165.34 - - [17/Jun/2017:11:53:05 +0800] "GET /winerbond-site/login HTTP/1.1" 200 2395 "-" "Mozilla/5.0 (Windows NT 10.0; WOW64) AppleWebKit/537.36 (KHTML, like Gecko) Maxthon/4.9.3.1000 Chrome/39.0.2146.0 Safari/537.36" "-" "0.007" "10.201.30.12:8080"
101.95.165.34 - - [17/Jun/2017:11:53:06 +0800] "GET /favicon.ico HTTP/1.1" 404 193 "-" "Mozilla/5.0 (Windows NT 10.0; WOW64) AppleWebKit/537.36 (KHTML, like Gecko) Maxthon/4.9.3.1000 Chrome/39.0.2146.0 Safari/537.36" "-" "0.000" "-"
117.122.213.136 - - [17/Jun/2017:11:53:07 +0800] "HEAD /winerbond-site/api/querySocialInsurance HTTP/1.1" 405 0 "-" "curl/7.19.7 (x86_64-redhat-linux-gnu) libcurl/7.19.7 NSS/3.19.1 Basic ECC zlib/1.2.3 libidn/1.18 libssh2/1.4.2" "-" "0.005" "10.201.30.11:8080"
117.122.213.136 - - [17/Jun/2017:11:53:20 +0800] "HEAD /winerbond-site/api/querySocialInsurance HTTP/1.1" 405 0 "-" "curl/7.19.7 (x86_64-redhat-linux-gnu) libcurl/7.19.7 NSS/3.19.1 Basic ECC zlib/1.2.3 libidn/1.18 libssh2/1.4.2" "-" "0.004" "10.201.30.12:8080"
117.122.213.136 - - [17/Jun/2017:11:53:29 +0800] "HEAD /winerbond-site/api/querySocialInsurance HTTP/1.1" 405 0 "-" "curl/7.19.7 (x86_64-redhat-linux-gnu) libcurl/7.19.7 NSS/3.19.1 Basic ECC zlib/1.2.3 libidn/1.18 libssh2/1.4.2" "-" "0.004" "10.201.30.12:8080"
117.122.213.136 - - [17/Jun/2017:11:53:30 +0800] "HEAD /winerbond-site/api/querySocialInsurance HTTP/1.1" 405 0 "-" "curl/7.19.7 (x86_64-redhat-linux-gnu) libcurl/7.19.7 NSS/3.19.1 Basic ECC zlib/1.2.3 libidn/1.18 libssh2/1.4.2" "-" "0.004" "10.201.30.11:8080"
116.231.173.238 - - [17/Jun/2017:11:53:45 +0800] "GET /winerbond-site/login HTTP/1.1" 200 2395 "-" "Mozilla/5.0 (Windows NT 6.3; WOW64) AppleWebKit/537.36 (KHTML, like Gecko) Maxthon/4.3.0.1000 Chrome/30.0.1599.101 Safari/537.36" "-" "0.006" "10.201.30.12:8080"
116.231.173.238 - - [17/Jun/2017:11:53:45 +0800] "GET /favicon.ico HTTP/1.1" 404 193 "-" "Mozilla/5.0 (Windows NT 6.3; WOW64) AppleWebKit/537.36 (KHTML, like Gecko) Maxthon/4.3.0.1000 Chrome/30.0.1599.101 Safari/537.36" "-" "0.000" "-"
106.6.180.255 - - [17/Jun/2017:11:53:51 +0800] "GET /winerbond-site/login HTTP/1.1" 200 2395 "-" "Mozilla/5.0 (Windows NT 10.0; Win64; x64) AppleWebKit/537.36 (KHTML, like Gecko) Chrome/57.0.2987.133 Safari/537.36" "-" "0.008" "10.201.30.11:8080"
106.6.180.255 - - [17/Jun/2017:11:53:51 +0800] "GET /winerbond-site/static/bc/plugin/bootstrap/css/bootstrap.min.css HTTP/1.1" 200 117305 "https://portal.winerbond.com/winerbond-site/login" "Mozilla/5.0 (Windows NT 10.0; Win64; x64) AppleWebKit/537.36 (KHTML, like Gecko) Chrome/57.0.2987.133 Safari/537.36" "-" "0.036" "10.201.30.12:8080"
106.6.180.255 - - [17/Jun/2017:11:53:51 +0800] "GET /winerbond-site/static/bc/plugin/bootstrap/css/tab-fix.css HTTP/1.1" 200 2209 "https://portal.winerbond.com/winerbond-site/login" "Mozilla/5.0 (Windows NT 10.0; Win64; x64) AppleWebKit/537.36 (KHTML, like Gecko) Chrome/57.0.2987.133 Safari/537.36" "-" "0.004" "10.201.30.11:8080"
106.6.180.255 - - [17/Jun/2017:11:53:52 +0800] "GET /winerbond-site/static/bc/plugin/bootstrap/css/bootstrap.custom.css HTTP/1.1" 200 404 "https://portal.winerbond.com/winerbond-site/login" "Mozilla/5.0 (Windows NT 10.0; Win64; x64) AppleWebKit/537.36 (KHTML, like Gecko) Chrome/57.0.2987.133 Safari/537.36" "-" "0.004" "10.201.30.12:8080"
106.6.180.255 - - [17/Jun/2017:11:53:52 +0800] "GET /winerbond-site/static/jquery-validation/1.11.1/validate.css HTTP/1.1" 200 185 "https://portal.winerbond.com/winerbond-site/login" "Mozilla/5.0 (Windows NT 10.0; Win64; x64) AppleWebKit/537.36 (KHTML, like Gecko) Chrome/57.0.2987.133 Safari/537.36" "-" "0.005" "10.201.30.12:8080"
106.6.180.255 - - [17/Jun/2017:11:53:52 +0800] "GET /winerbond-site/static/bc/css/user.css HTTP/1.1" 200 3094 "https://portal.winerbond.com/winerbond-site/login" "Mozilla/5.0 (Windows NT 10.0; Win64; x64) AppleWebKit/537.36 (KHTML, like Gecko) Chrome/57.0.2987.133 Safari/537.36" "-" "0.005" "10.201.30.11:8080"
106.6.180.255 - - [17/Jun/2017:11:53:52 +0800] "GET /winerbond-site/static/bc/css/common.css HTTP/1.1" 200 9361 "https://portal.winerbond.com/winerbond-site/login" "Mozilla/5.0 (Windows NT 10.0; Win64; x64) AppleWebKit/537.36 (KHTML, like Gecko) Chrome/57.0.2987.133 Safari/537.36" "-" "0.006" "10.201.30.11:8080"
106.6.180.255 - - [17/Jun/2017:11:53:52 +0800] "GET /winerbond-site/static/bc/plugin/bootstrap/js/ie-emulation-modes-warning.js HTTP/1.1" 200 2132 "https://portal.winerbond.com/winerbond-site/login" "Mozilla/5.0 (Windows NT 10.0; Win64; x64) AppleWebKit/537.36 (KHTML, like Gecko) Chrome/57.0.2987.133 Safari/537.36" "-" "0.004" "10.201.30.12:8080"
106.6.180.255 - - [17/Jun/2017:11:53:52 +0800] "GET /winerbond-site/static/jquery-validation/1.11.1/jquery.validate.min.js HTTP/1.1" 200 21069 "https://portal.winerbond.com/winerbond-site/login" "Mozilla/5.0 (Windows NT 10.0; Win64; x64) AppleWebKit/537.36 (KHTML, like Gecko) Chrome/57.0.2987.133 Safari/537.36" "-" "0.004" "10.201.30.12:8080"
106.6.180.255 - - [17/Jun/2017:11:53:52 +0800] "GET /winerbond-site/static/jquery-validation/1.11.1/messages_bs_zh.js HTTP/1.1" 200 1231 "https://portal.winerbond.com/winerbond-site/login" "Mozilla/5.0 (Windows NT 10.0; Win64; x64) AppleWebKit/537.36 (KHTML, like Gecko) Chrome/57.0.2987.133 Safari/537.36" "-" "0.005" "10.201.30.11:8080"
106.6.180.255 - - [17/Jun/2017:11:53:52 +0800] "GET /winerbond-site/static/bc/plugin/jquery/jquery.min.js HTTP/1.1" 200 95931 "https://portal.winerbond.com/winerbond-site/login" "Mozilla/5.0 (Windows NT 10.0; Win64; x64) AppleWebKit/537.36 (KHTML, like Gecko) Chrome/57.0.2987.133 Safari/537.36" "-" "0.035" "10.201.30.11:8080"
106.6.180.255 - - [17/Jun/2017:11:53:52 +0800] "GET /winerbond-site/static/bc/plugin/bootstrap/js/bootstrap.min.js HTTP/1.1" 200 35951 "https://portal.winerbond.com/winerbond-site/login" "Mozilla/5.0 (Windows NT 10.0; Win64; x64) AppleWebKit/537.36 (KHTML, like Gecko) Chrome/57.0.2987.133 Safari/537.36" "-" "0.005" "10.201.30.12:8080"
106.6.180.255 - - [17/Jun/2017:11:53:52 +0800] "GET /winerbond-site/static/bc/plugin/bootstrap/js/ie10-viewport-bug-workaround.js HTTP/1.1" 200 694 "https://portal.winerbond.com/winerbond-site/login" "Mozilla/5.0 (Windows NT 10.0; Win64; x64) AppleWebKit/537.36 (KHTML, like Gecko) Chrome/57.0.2987.133 Safari/537.36" "-" "0.004" "10.201.30.11:8080"
106.6.180.255 - - [17/Jun/2017:11:53:52 +0800] "GET /winerbond-site/static/bc/img/banner05.jpg HTTP/1.1" 200 423973 "https://portal.winerbond.com/winerbond-site/login" "Mozilla/5.0 (Windows NT 10.0; Win64; x64) AppleWebKit/537.36 (KHTML, like Gecko) Chrome/57.0.2987.133 Safari/537.36" "-" "0.010" "10.201.30.11:8080"
106.6.180.255 - - [17/Jun/2017:11:53:52 +0800] "GET /winerbond-site/static/bc/img/images.png HTTP/1.1" 200 56616 "https://portal.winerbond.com/winerbond-site/static/bc/css/user.css" "Mozilla/5.0 (Windows NT 10.0; Win64; x64) AppleWebKit/537.36 (KHTML, like Gecko) Chrome/57.0.2987.133 Safari/537.36" "-" "0.005" "10.201.30.12:8080"
106.6.180.255 - - [17/Jun/2017:11:53:52 +0800] "GET /winerbond-site/static/bc/img/logo_text.jpg HTTP/1.1" 200 21380 "https://portal.winerbond.com/winerbond-site/static/bc/css/common.css" "Mozilla/5.0 (Windows NT 10.0; Win64; x64) AppleWebKit/537.36 (KHTML, like Gecko) Chrome/57.0.2987.133 Safari/537.36" "-" "0.004" "10.201.30.11:8080"
106.6.180.255 - - [17/Jun/2017:11:53:52 +0800] "GET /winerbond-site/static/bc/img/homepage_bg.png HTTP/1.1" 200 1796 "https://portal.winerbond.com/winerbond-site/static/bc/css/user.css" "Mozilla/5.0 (Windows NT 10.0; Win64; x64) AppleWebKit/537.36 (KHTML, like Gecko) Chrome/57.0.2987.133 Safari/537.36" "-" "0.005" "10.201.30.12:8080"
106.6.180.255 - - [17/Jun/2017:11:53:52 +0800] "GET /winerbond-site/static/bc/img/banner02.jpg HTTP/1.1" 200 177988 "https://portal.winerbond.com/winerbond-site/login" "Mozilla/5.0 (Windows NT 10.0; Win64; x64) AppleWebKit/537.36 (KHTML, like Gecko) Chrome/57.0.2987.133 Safari/537.36" "-" "0.036" "10.201.30.11:8080"
106.6.180.255 - - [17/Jun/2017:11:53:52 +0800] "GET /winerbond-site/static/bc/img/banner01.jpg HTTP/1.1" 200 409490 "https://portal.winerbond.com/winerbond-site/login" "Mozilla/5.0 (Windows NT 10.0; Win64; x64) AppleWebKit/537.36 (KHTML, like Gecko) Chrome/57.0.2987.133 Safari/537.36" "-" "0.038" "10.201.30.12:8080"
106.6.180.255 - - [17/Jun/2017:11:53:52 +0800] "GET /winerbond-site/static/bc/img/icons.png HTTP/1.1" 200 27628 "https://portal.winerbond.com/winerbond-site/static/bc/css/common.css" "Mozilla/5.0 (Windows NT 10.0; Win64; x64) AppleWebKit/537.36 (KHTML, like Gecko) Chrome/57.0.2987.133 Safari/537.36" "-" "0.004" "10.201.30.11:8080"
117.122.213.136 - - [17/Jun/2017:11:53:53 +0800] "HEAD /winerbond-site/api/querySocialInsurance HTTP/1.1" 405 0 "-" "curl/7.19.7 (x86_64-redhat-linux-gnu) libcurl/7.19.7 NSS/3.19.1 Basic ECC zlib/1.2.3 libidn/1.18 libssh2/1.4.2" "-" "0.004" "10.201.30.12:8080"
106.6.180.255 - - [17/Jun/2017:11:53:57 +0800] "GET /winerbond-site/static/bc/img/logo.png HTTP/1.1" 200 8075 "https://portal.winerbond.com/winerbond-site/static/bc/css/common.css" "Mozilla/5.0 (Windows NT 10.0; Win64; x64) AppleWebKit/537.36 (KHTML, like Gecko) Chrome/57.0.2987.133 Safari/537.36" "-" "0.004" "10.201.30.11:8080"
106.6.180.255 - - [17/Jun/2017:11:53:57 +0800] "GET /favicon.ico HTTP/1.1" 404 193 "https://portal.winerbond.com/winerbond-site/login" "Mozilla/5.0 (Windows NT 10.0; Win64; x64) AppleWebKit/537.36 (KHTML, like Gecko) Chrome/57.0.2987.133 Safari/537.36" "-" "0.000" "-"
101.95.165.34 - - [17/Jun/2017:11:54:05 +0800] "GET /winerbond-site/ HTTP/1.1" 302 0 "-" "Mozilla/5.0 (Windows NT 10.0; WOW64) AppleWebKit/537.36 (KHTML, like Gecko) Maxthon/4.9.3.1000 Chrome/39.0.2146.0 Safari/537.36" "-" "0.002" "10.201.30.12:8080"
117.122.213.136 - - [17/Jun/2017:11:54:06 +0800] "HEAD /winerbond-site/api/querySocialInsurance HTTP/1.1" 405 0 "-" "curl/7.19.7 (x86_64-redhat-linux-gnu) libcurl/7.19.7 NSS/3.19.1 Basic ECC zlib/1.2.3 libidn/1.18 libssh2/1.4.2" "-" "0.004" "10.201.30.12:8080"
117.122.213.136 - - [17/Jun/2017:11:54:26 +0800] "HEAD /winerbond-site/api/querySocialInsurance HTTP/1.1" 405 0 "-" "curl/7.19.7 (x86_64-redhat-linux-gnu) libcurl/7.19.7 NSS/3.19.1 Basic ECC zlib/1.2.3 libidn/1.18 libssh2/1.4.2" "-" "0.005" "10.201.30.11:8080"
117.122.213.136 - - [17/Jun/2017:11:54:29 +0800] "HEAD /winerbond-site/api/querySocialInsurance HTTP/1.1" 405 0 "-" "curl/7.19.7 (x86_64-redhat-linux-gnu) libcurl/7.19.7 NSS/3.19.1 Basic ECC zlib/1.2.3 libidn/1.18 libssh2/1.4.2" "-" "0.004" "10.201.30.12:8080"
117.122.213.136 - - [17/Jun/2017:11:54:53 +0800] "HEAD /winerbond-site/api/querySocialInsurance HTTP/1.1" 405 0 "-" "curl/7.19.7 (x86_64-redhat-linux-gnu) libcurl/7.19.7 NSS/3.19.1 Basic ECC zlib/1.2.3 libidn/1.18 libssh2/1.4.2" "-" "0.004" "10.201.30.11:8080"
117.122.213.136 - - [17/Jun/2017:11:55:05 +0800] "HEAD /winerbond-site/api/querySocialInsurance HTTP/1.1" 405 0 "-" "curl/7.19.7 (x86_64-redhat-linux-gnu) libcurl/7.19.7 NSS/3.19.1 Basic ECC zlib/1.2.3 libidn/1.18 libssh2/1.4.2" "-" "0.003" "10.201.30.12:8080"
117.122.213.136 - - [17/Jun/2017:11:55:29 +0800] "HEAD /winerbond-site/api/querySocialInsurance HTTP/1.1" 405 0 "-" "curl/7.19.7 (x86_64-redhat-linux-gnu) libcurl/7.19.7 NSS/3.19.1 Basic ECC zlib/1.2.3 libidn/1.18 libssh2/1.4.2" "-" "0.004" "10.201.30.11:8080"
117.122.213.136 - - [17/Jun/2017:11:55:32 +0800] "HEAD /winerbond-site/api/querySocialInsurance HTTP/1.1" 405 0 "-" "curl/7.19.7 (x86_64-redhat-linux-gnu) libcurl/7.19.7 NSS/3.19.1 Basic ECC zlib/1.2.3 libidn/1.18 libssh2/1.4.2" "-" "0.004" "10.201.30.11:8080"
117.122.213.136 - - [17/Jun/2017:11:55:53 +0800] "HEAD /winerbond-site/api/querySocialInsurance HTTP/1.1" 405 0 "-" "curl/7.19.7 (x86_64-redhat-linux-gnu) libcurl/7.19.7 NSS/3.19.1 Basic ECC zlib/1.2.3 libidn/1.18 libssh2/1.4.2" "-" "0.004" "10.201.30.12:8080"
117.122.213.136 - - [17/Jun/2017:11:56:06 +0800] "HEAD /winerbond-site/api/querySocialInsurance HTTP/1.1" 405 0 "-" "curl/7.19.7 (x86_64-redhat-linux-gnu) libcurl/7.19.7 NSS/3.19.1 Basic ECC zlib/1.2.3 libidn/1.18 libssh2/1.4.2" "-" "0.004" "10.201.30.11:8080"
117.122.213.136 - - [17/Jun/2017:11:56:28 +0800] "HEAD /winerbond-site/api/querySocialInsurance HTTP/1.1" 405 0 "-" "curl/7.19.7 (x86_64-redhat-linux-gnu) libcurl/7.19.7 NSS/3.19.1 Basic ECC zlib/1.2.3 libidn/1.18 libssh2/1.4.2" "-" "0.004" "10.201.30.12:8080"
117.122.213.136 - - [17/Jun/2017:11:56:38 +0800] "HEAD /winerbond-site/api/querySocialInsurance HTTP/1.1" 405 0 "-" "curl/7.19.7 (x86_64-redhat-linux-gnu) libcurl/7.19.7 NSS/3.19.1 Basic ECC zlib/1.2.3 libidn/1.18 libssh2/1.4.2" "-" "0.004" "10.201.30.12:8080"
117.122.213.136 - - [17/Jun/2017:11:56:52 +0800] "HEAD /winerbond-site/api/querySocialInsurance HTTP/1.1" 405 0 "-" "curl/7.19.7 (x86_64-redhat-linux-gnu) libcurl/7.19.7 NSS/3.19.1 Basic ECC zlib/1.2.3 libidn/1.18 libssh2/1.4.2" "-" "0.005" "10.201.30.11:8080"
117.122.213.136 - - [17/Jun/2017:11:57:06 +0800] "HEAD /winerbond-site/api/querySocialInsurance HTTP/1.1" 405 0 "-" "curl/7.19.7 (x86_64-redhat-linux-gnu) libcurl/7.19.7 NSS/3.19.1 Basic ECC zlib/1.2.3 libidn/1.18 libssh2/1.4.2" "-" "0.004" "10.201.30.12:8080"
117.122.213.136 - - [17/Jun/2017:11:57:29 +0800] "HEAD /winerbond-site/api/querySocialInsurance HTTP/1.1" 405 0 "-" "curl/7.19.7 (x86_64-redhat-linux-gnu) libcurl/7.19.7 NSS/3.19.1 Basic ECC zlib/1.2.3 libidn/1.18 libssh2/1.4.2" "-" "0.004" "10.201.30.11:8080"
117.122.213.136 - - [17/Jun/2017:11:57:53 +0800] "HEAD /winerbond-site/api/querySocialInsurance HTTP/1.1" 405 0 "-" "curl/7.19.7 (x86_64-redhat-linux-gnu) libcurl/7.19.7 NSS/3.19.1 Basic ECC zlib/1.2.3 libidn/1.18 libssh2/1.4.2" "-" "0.004" "10.201.30.11:8080"
117.122.213.136 - - [17/Jun/2017:11:58:02 +0800] "HEAD /winerbond-site/api/querySocialInsurance HTTP/1.1" 405 0 "-" "curl/7.19.7 (x86_64-redhat-linux-gnu) libcurl/7.19.7 NSS/3.19.1 Basic ECC zlib/1.2.3 libidn/1.18 libssh2/1.4.2" "-" "0.004" "10.201.30.12:8080"
117.122.213.136 - - [17/Jun/2017:11:58:06 +0800] "HEAD /winerbond-site/api/querySocialInsurance HTTP/1.1" 405 0 "-" "curl/7.19.7 (x86_64-redhat-linux-gnu) libcurl/7.19.7 NSS/3.19.1 Basic ECC zlib/1.2.3 libidn/1.18 libssh2/1.4.2" "-" "0.005" "10.201.30.11:8080"
117.122.213.136 - - [17/Jun/2017:11:58:29 +0800] "HEAD /winerbond-site/api/querySocialInsurance HTTP/1.1" 405 0 "-" "curl/7.19.7 (x86_64-redhat-linux-gnu) libcurl/7.19.7 NSS/3.19.1 Basic ECC zlib/1.2.3 libidn/1.18 libssh2/1.4.2" "-" "0.004" "10.201.30.12:8080"
101.95.165.34 - - [17/Jun/2017:11:58:47 +0800] "GET /winerbond-site/ HTTP/1.1" 302 0 "-" "Mozilla/5.0 (Windows NT 10.0; WOW64) AppleWebKit/537.36 (KHTML, like Gecko) Maxthon/4.9.3.1000 Chrome/39.0.2146.0 Safari/537.36" "-" "0.002" "10.201.30.11:8080"
117.122.213.136 - - [17/Jun/2017:11:58:53 +0800] "HEAD /winerbond-site/api/querySocialInsurance HTTP/1.1" 405 0 "-" "curl/7.19.7 (x86_64-redhat-linux-gnu) libcurl/7.19.7 NSS/3.19.1 Basic ECC zlib/1.2.3 libidn/1.18 libssh2/1.4.2" "-" "0.004" "10.201.30.12:8080"
117.122.213.136 - - [17/Jun/2017:11:59:06 +0800] "HEAD /winerbond-site/api/querySocialInsurance HTTP/1.1" 405 0 "-" "curl/7.19.7 (x86_64-redhat-linux-gnu) libcurl/7.19.7 NSS/3.19.1 Basic ECC zlib/1.2.3 libidn/1.18 libssh2/1.4.2" "-" "0.005" "10.201.30.11:8080"
117.122.213.136 - - [17/Jun/2017:11:59:08 +0800] "HEAD /winerbond-site/api/querySocialInsurance HTTP/1.1" 405 0 "-" "curl/7.19.7 (x86_64-redhat-linux-gnu) libcurl/7.19.7 NSS/3.19.1 Basic ECC zlib/1.2.3 libidn/1.18 libssh2/1.4.2" "-" "0.004" "10.201.30.12:8080"
117.122.213.136 - - [17/Jun/2017:11:59:29 +0800] "HEAD /winerbond-site/api/querySocialInsurance HTTP/1.1" 405 0 "-" "curl/7.19.7 (x86_64-redhat-linux-gnu) libcurl/7.19.7 NSS/3.19.1 Basic ECC zlib/1.2.3 libidn/1.18 libssh2/1.4.2" "-" "0.004" "10.201.30.12:8080"
117.122.213.136 - - [17/Jun/2017:11:59:53 +0800] "HEAD /winerbond-site/api/querySocialInsurance HTTP/1.1" 405 0 "-" "curl/7.19.7 (x86_64-redhat-linux-gnu) libcurl/7.19.7 NSS/3.19.1 Basic ECC zlib/1.2.3 libidn/1.18 libssh2/1.4.2" "-" "0.004" "10.201.30.11:8080"
101.95.165.34 - - [17/Jun/2017:12:00:01 +0800] "GET /winerbond-site/login HTTP/1.1" 200 2395 "-" "Mozilla/5.0 (Windows NT 10.0; WOW64) AppleWebKit/537.36 (KHTML, like Gecko) Maxthon/4.9.3.1000 Chrome/39.0.2146.0 Safari/537.36" "-" "0.016" "10.201.30.11:8080"
101.95.165.34 - - [17/Jun/2017:12:00:01 +0800] "GET /favicon.ico HTTP/1.1" 404 193 "-" "Mozilla/5.0 (Windows NT 10.0; WOW64) AppleWebKit/537.36 (KHTML, like Gecko) Maxthon/4.9.3.1000 Chrome/39.0.2146.0 Safari/537.36" "-" "0.000" "-"
