116.231.173.238 - - [17/Jun/2017:14:10:42 +0800] "GET /winerbond-site/static/bc/css/user.css HTTP/1.1" 200 3094 "https://portal.winerbond.com/winerbond-site/login" "Mozilla/5.0 (Linux; Android 7.1.1; ONEPLUS A3000 Build/NMF26F; wv) AppleWebKit/537.36 (KHTML, like Gecko) Version/4.0 Chrome/58.0.3029.83 Mobile Safari/537.36 MicroMessenger/6.5.8.1060 NetType/WIFI Language/zh_CN" "-" "0.005" "10.201.30.12:8080"
116.231.173.238 - - [17/Jun/2017:14:10:42 +0800] "GET /winerbond-site/static/bc/plugin/bootstrap/js/ie-emulation-modes-warning.js HTTP/1.1" 200 2132 "https://portal.winerbond.com/winerbond-site/login" "Mozilla/5.0 (Linux; Android 7.1.1; ONEPLUS A3000 Build/NMF26F; wv) AppleWebKit/537.36 (KHTML, like Gecko) Version/4.0 Chrome/58.0.3029.83 Mobile Safari/537.36 MicroMessenger/6.5.8.1060 NetType/WIFI Language/zh_CN" "-" "0.005" "10.201.30.12:8080"
116.231.173.238 - - [17/Jun/2017:14:10:42 +0800] "GET /winerbond-site/static/jquery-validation/1.11.1/jquery.validate.min.js HTTP/1.1" 200 21069 "https://portal.winerbond.com/winerbond-site/login" "Mozilla/5.0 (Linux; Android 7.1.1; ONEPLUS A3000 Build/NMF26F; wv) AppleWebKit/537.36 (KHTML, like Gecko) Version/4.0 Chrome/58.0.3029.83 Mobile Safari/537.36 MicroMessenger/6.5.8.1060 NetType/WIFI Language/zh_CN" "-" "0.004" "10.201.30.11:8080"
116.231.173.238 - - [17/Jun/2017:14:10:42 +0800] "GET /winerbond-site/static/jquery-validation/1.11.1/messages_bs_zh.js HTTP/1.1" 200 1231 "https://portal.winerbond.com/winerbond-site/login" "Mozilla/5.0 (Linux; Android 7.1.1; ONEPLUS A3000 Build/NMF26F; wv) AppleWebKit/537.36 (KHTML, like Gecko) Version/4.0 Chrome/58.0.3029.83 Mobile Safari/537.36 MicroMessenger/6.5.8.1060 NetType/WIFI Language/zh_CN" "-" "0.006" "10.201.30.12:8080"
116.231.173.238 - - [17/Jun/2017:14:10:42 +0800] "GET /winerbond-site/static/bc/plugin/jquery/jquery.min.js HTTP/1.1" 200 95931 "https://portal.winerbond.com/winerbond-site/login" "Mozilla/5.0 (Linux; Android 7.1.1; ONEPLUS A3000 Build/NMF26F; wv) AppleWebKit/537.36 (KHTML, like Gecko) Version/4.0 Chrome/58.0.3029.83 Mobile Safari/537.36 MicroMessenger/6.5.8.1060 NetType/WIFI Language/zh_CN" "-" "0.017" "10.201.30.11:8080"
116.231.173.238 - - [17/Jun/2017:14:10:42 +0800] "GET /winerbond-site/static/bc/plugin/bootstrap/js/bootstrap.min.js HTTP/1.1" 200 35951 "https://portal.winerbond.com/winerbond-site/login" "Mozilla/5.0 (Linux; Android 7.1.1; ONEPLUS A3000 Build/NMF26F; wv) AppleWebKit/537.36 (KHTML, like Gecko) Version/4.0 Chrome/58.0.3029.83 Mobile Safari/537.36 MicroMessenger/6.5.8.1060 NetType/WIFI Language/zh_CN" "-" "0.004" "10.201.30.11:8080"
116.231.173.238 - - [17/Jun/2017:14:10:42 +0800] "GET /winerbond-site/static/bc/plugin/bootstrap/js/ie10-viewport-bug-workaround.js HTTP/1.1" 200 694 "https://portal.winerbond.com/winerbond-site/login" "Mozilla/5.0 (Linux; Android 7.1.1; ONEPLUS A3000 Build/NMF26F; wv) AppleWebKit/537.36 (KHTML, like Gecko) Version/4.0 Chrome/58.0.3029.83 Mobile Safari/537.36 MicroMessenger/6.5.8.1060 NetType/WIFI Language/zh_CN" "-" "0.004" "10.201.30.12:8080"
116.231.173.238 - - [17/Jun/2017:14:10:42 +0800] "GET /winerbond-site/static/bc/img/banner01.jpg HTTP/1.1" 200 409490 "https://portal.winerbond.com/winerbond-site/login" "Mozilla/5.0 (Linux; Android 7.1.1; ONEPLUS A3000 Build/NMF26F; wv) AppleWebKit/537.36 (KHTML, like Gecko) Version/4.0 Chrome/58.0.3029.83 Mobile Safari/537.36 MicroMessenger/6.5.8.1060 NetType/WIFI Language/zh_CN" "-" "0.022" "10.201.30.11:8080"
116.231.173.238 - - [17/Jun/2017:14:10:42 +0800] "GET /winerbond-site/static/bc/img/banner02.jpg HTTP/1.1" 200 177988 "https://portal.winerbond.com/winerbond-site/login" "Mozilla/5.0 (Linux; Android 7.1.1; ONEPLUS A3000 Build/NMF26F; wv) AppleWebKit/537.36 (KHTML, like Gecko) Version/4.0 Chrome/58.0.3029.83 Mobile Safari/537.36 MicroMessenger/6.5.8.1060 NetType/WIFI Language/zh_CN" "-" "0.007" "10.201.30.12:8080"
116.231.173.238 - - [17/Jun/2017:14:10:42 +0800] "GET /winerbond-site/static/bc/img/logo.png HTTP/1.1" 200 8075 "https://portal.winerbond.com/winerbond-site/static/bc/css/common.css" "Mozilla/5.0 (Linux; Android 7.1.1; ONEPLUS A3000 Build/NMF26F; wv) AppleWebKit/537.36 (KHTML, like Gecko) Version/4.0 Chrome/58.0.3029.83 Mobile Safari/537.36 MicroMessenger/6.5.8.1060 NetType/WIFI Language/zh_CN" "-" "0.004" "10.201.30.12:8080"
116.231.173.238 - - [17/Jun/2017:14:10:42 +0800] "GET /winerbond-site/static/bc/img/logo_text.jpg HTTP/1.1" 200 21380 "https://portal.winerbond.com/winerbond-site/static/bc/css/common.css" "Mozilla/5.0 (Linux; Android 7.1.1; ONEPLUS A3000 Build/NMF26F; wv) AppleWebKit/537.36 (KHTML, like Gecko) Version/4.0 Chrome/58.0.3029.83 Mobile Safari/537.36 MicroMessenger/6.5.8.1060 NetType/WIFI Language/zh_CN" "-" "0.004" "10.201.30.11:8080"
116.231.173.238 - - [17/Jun/2017:14:10:42 +0800] "GET /winerbond-site/static/bc/img/homepage_bg.png HTTP/1.1" 200 1796 "https://portal.winerbond.com/winerbond-site/static/bc/css/user.css" "Mozilla/5.0 (Linux; Android 7.1.1; ONEPLUS A3000 Build/NMF26F; wv) AppleWebKit/537.36 (KHTML, like Gecko) Version/4.0 Chrome/58.0.3029.83 Mobile Safari/537.36 MicroMessenger/6.5.8.1060 NetType/WIFI Language/zh_CN" "-" "0.003" "10.201.30.11:8080"
116.231.173.238 - - [17/Jun/2017:14:10:42 +0800] "GET /winerbond-site/static/bc/img/images.png HTTP/1.1" 200 56616 "https://portal.winerbond.com/winerbond-site/static/bc/css/user.css" "Mozilla/5.0 (Linux; Android 7.1.1; ONEPLUS A3000 Build/NMF26F; wv) AppleWebKit/537.36 (KHTML, like Gecko) Version/4.0 Chrome/58.0.3029.83 Mobile Safari/537.36 MicroMessenger/6.5.8.1060 NetType/WIFI Language/zh_CN" "-" "0.005" "10.201.30.12:8080"
116.231.173.238 - - [17/Jun/2017:14:10:42 +0800] "GET /winerbond-site/static/bc/img/icons.png HTTP/1.1" 200 27628 "https://portal.winerbond.com/winerbond-site/static/bc/css/common.css" "Mozilla/5.0 (Linux; Android 7.1.1; ONEPLUS A3000 Build/NMF26F; wv) AppleWebKit/537.36 (KHTML, like Gecko) Version/4.0 Chrome/58.0.3029.83 Mobile Safari/537.36 MicroMessenger/6.5.8.1060 NetType/WIFI Language/zh_CN" "-" "0.006" "10.201.30.11:8080"
116.231.173.238 - - [17/Jun/2017:14:10:42 +0800] "GET /winerbond-site/static/bc/img/banner05.jpg HTTP/1.1" 200 423973 "https://portal.winerbond.com/winerbond-site/login" "Mozilla/5.0 (Linux; Android 7.1.1; ONEPLUS A3000 Build/NMF26F; wv) AppleWebKit/537.36 (KHTML, like Gecko) Version/4.0 Chrome/58.0.3029.83 Mobile Safari/537.36 MicroMessenger/6.5.8.1060 NetType/WIFI Language/zh_CN" "-" "0.114" "10.201.30.11:8080"
116.231.173.238 - - [17/Jun/2017:14:10:42 +0800] "GET /favicon.ico HTTP/1.1" 404 193 "https://portal.winerbond.com/winerbond-site/login" "Mozilla/5.0 (Linux; Android 7.1.1; ONEPLUS A3000 Build/NMF26F; wv) AppleWebKit/537.36 (KHTML, like Gecko) Version/4.0 Chrome/58.0.3029.83 Mobile Safari/537.36 MicroMessenger/6.5.8.1060 NetType/WIFI Language/zh_CN" "-" "0.000" "-"
116.231.173.238 - - [17/Jun/2017:14:10:50 +0800] "GET /winerbond-site/login HTTP/1.1" 200 2395 "-" "Mozilla/5.0 (Linux; Android 7.1.1; ONEPLUS A3000 Build/NMF26F; wv) AppleWebKit/537.36 (KHTML, like Gecko) Version/4.0 Chrome/58.0.3029.83 Mobile Safari/537.36 MicroMessenger/6.5.8.1060 NetType/WIFI Language/zh_CN" "-" "0.006" "10.201.30.12:8080"
116.231.173.238 - - [17/Jun/2017:14:10:50 +0800] "GET /favicon.ico HTTP/1.1" 404 193 "https://portal.winerbond.com/winerbond-site/login" "Mozilla/5.0 (Linux; Android 7.1.1; ONEPLUS A3000 Build/NMF26F; wv) AppleWebKit/537.36 (KHTML, like Gecko) Version/4.0 Chrome/58.0.3029.83 Mobile Safari/537.36 MicroMessenger/6.5.8.1060 NetType/WIFI Language/zh_CN" "-" "0.000" "-"
101.95.165.34 - - [17/Jun/2017:14:10:53 +0800] "GET / HTTP/1.1" 301 178 "-" "Mozilla/5.0 (compatible; PRTG Network Monitor (www.paessler.com); Windows)" "-" "0.000" "-"
101.95.165.34 - - [17/Jun/2017:14:10:53 +0800] "GET /winerbond-site/ HTTP/1.1" 302 0 "-" "Mozilla/5.0 (compatible; PRTG Network Monitor (www.paessler.com); Windows)" "-" "0.003" "10.201.30.11:8080"
116.231.173.238 - - [17/Jun/2017:14:11:02 +0800] "GET /winerbond-site/login HTTP/1.1" 200 2395 "-" "Mozilla/5.0 (Linux; Android 7.1.1; ONEPLUS A3000 Build/NMF26F; wv) AppleWebKit/537.36 (KHTML, like Gecko) Version/4.0 Chrome/58.0.3029.83 Mobile Safari/537.36 MicroMessenger/6.5.8.1060 NetType/WIFI Language/zh_CN" "-" "0.006" "10.201.30.12:8080"
116.231.173.238 - - [17/Jun/2017:14:11:02 +0800] "GET /favicon.ico HTTP/1.1" 404 193 "https://portal.winerbond.com/winerbond-site/login" "Mozilla/5.0 (Linux; Android 7.1.1; ONEPLUS A3000 Build/NMF26F; wv) AppleWebKit/537.36 (KHTML, like Gecko) Version/4.0 Chrome/58.0.3029.83 Mobile Safari/537.36 MicroMessenger/6.5.8.1060 NetType/WIFI Language/zh_CN" "-" "0.000" "-"
116.231.173.238 - - [17/Jun/2017:14:11:02 +0800] "GET /favicon.ico HTTP/1.1" 404 193 "https://portal.winerbond.com/winerbond-site/login" "Mozilla/5.0 (Linux; Android 7.1.1; ONEPLUS A3000 Build/NMF26F; wv) AppleWebKit/537.36 (KHTML, like Gecko) Version/4.0 Chrome/58.0.3029.83 Mobile Safari/537.36 MicroMessenger/6.5.8.1060 NetType/WIFI Language/zh_CN" "-" "0.000" "-"
116.231.173.238 - - [17/Jun/2017:14:11:06 +0800] "GET /winerbond-site/login HTTP/1.1" 200 2395 "-" "Mozilla/5.0 (Linux; Android 7.1.1; ONEPLUS A3000 Build/NMF26F; wv) AppleWebKit/537.36 (KHTML, like Gecko) Version/4.0 Chrome/58.0.3029.83 Mobile Safari/537.36 MxBrowser/4.5.10.5000" "-" "0.006" "10.201.30.11:8080"
116.231.173.238 - - [17/Jun/2017:14:11:06 +0800] "GET /winerbond-site/static/bc/plugin/bootstrap/css/bootstrap.min.css HTTP/1.1" 200 117305 "https://portal.winerbond.com/winerbond-site/login" "Mozilla/5.0 (Linux; Android 7.1.1; ONEPLUS A3000 Build/NMF26F; wv) AppleWebKit/537.36 (KHTML, like Gecko) Version/4.0 Chrome/58.0.3029.83 Mobile Safari/537.36 MxBrowser/4.5.10.5000" "-" "0.020" "10.201.30.12:8080"
116.231.173.238 - - [17/Jun/2017:14:11:06 +0800] "GET /winerbond-site/static/bc/plugin/bootstrap/css/tab-fix.css HTTP/1.1" 200 2209 "https://portal.winerbond.com/winerbond-site/login" "Mozilla/5.0 (Linux; Android 7.1.1; ONEPLUS A3000 Build/NMF26F; wv) AppleWebKit/537.36 (KHTML, like Gecko) Version/4.0 Chrome/58.0.3029.83 Mobile Safari/537.36 MxBrowser/4.5.10.5000" "-" "0.005" "10.201.30.12:8080"
116.231.173.238 - - [17/Jun/2017:14:11:06 +0800] "GET /winerbond-site/static/bc/plugin/bootstrap/css/bootstrap.custom.css HTTP/1.1" 200 404 "https://portal.winerbond.com/winerbond-site/login" "Mozilla/5.0 (Linux; Android 7.1.1; ONEPLUS A3000 Build/NMF26F; wv) AppleWebKit/537.36 (KHTML, like Gecko) Version/4.0 Chrome/58.0.3029.83 Mobile Safari/537.36 MxBrowser/4.5.10.5000" "-" "0.005" "10.201.30.11:8080"
116.231.173.238 - - [17/Jun/2017:14:11:06 +0800] "GET /winerbond-site/static/bc/css/common.css HTTP/1.1" 200 9361 "https://portal.winerbond.com/winerbond-site/login" "Mozilla/5.0 (Linux; Android 7.1.1; ONEPLUS A3000 Build/NMF26F; wv) AppleWebKit/537.36 (KHTML, like Gecko) Version/4.0 Chrome/58.0.3029.83 Mobile Safari/537.36 MxBrowser/4.5.10.5000" "-" "0.004" "10.201.30.12:8080"
116.231.173.238 - - [17/Jun/2017:14:11:06 +0800] "GET /winerbond-site/static/bc/css/user.css HTTP/1.1" 200 3094 "https://portal.winerbond.com/winerbond-site/login" "Mozilla/5.0 (Linux; Android 7.1.1; ONEPLUS A3000 Build/NMF26F; wv) AppleWebKit/537.36 (KHTML, like Gecko) Version/4.0 Chrome/58.0.3029.83 Mobile Safari/537.36 MxBrowser/4.5.10.5000" "-" "0.005" "10.201.30.11:8080"
116.231.173.238 - - [17/Jun/2017:14:11:06 +0800] "GET /winerbond-site/static/jquery-validation/1.11.1/validate.css HTTP/1.1" 200 185 "https://portal.winerbond.com/winerbond-site/login" "Mozilla/5.0 (Linux; Android 7.1.1; ONEPLUS A3000 Build/NMF26F; wv) AppleWebKit/537.36 (KHTML, like Gecko) Version/4.0 Chrome/58.0.3029.83 Mobile Safari/537.36 MxBrowser/4.5.10.5000" "-" "0.006" "10.201.30.11:8080"
116.231.173.238 - - [17/Jun/2017:14:11:06 +0800] "GET /winerbond-site/static/bc/plugin/bootstrap/js/ie-emulation-modes-warning.js HTTP/1.1" 200 2132 "https://portal.winerbond.com/winerbond-site/login" "Mozilla/5.0 (Linux; Android 7.1.1; ONEPLUS A3000 Build/NMF26F; wv) AppleWebKit/537.36 (KHTML, like Gecko) Version/4.0 Chrome/58.0.3029.83 Mobile Safari/537.36 MxBrowser/4.5.10.5000" "-" "0.004" "10.201.30.12:8080"
116.231.173.238 - - [17/Jun/2017:14:11:06 +0800] "GET /winerbond-site/static/jquery-validation/1.11.1/messages_bs_zh.js HTTP/1.1" 200 1231 "https://portal.winerbond.com/winerbond-site/login" "Mozilla/5.0 (Linux; Android 7.1.1; ONEPLUS A3000 Build/NMF26F; wv) AppleWebKit/537.36 (KHTML, like Gecko) Version/4.0 Chrome/58.0.3029.83 Mobile Safari/537.36 MxBrowser/4.5.10.5000" "-" "0.004" "10.201.30.11:8080"
116.231.173.238 - - [17/Jun/2017:14:11:06 +0800] "GET /winerbond-site/static/jquery-validation/1.11.1/jquery.validate.min.js HTTP/1.1" 200 21069 "https://portal.winerbond.com/winerbond-site/login" "Mozilla/5.0 (Linux; Android 7.1.1; ONEPLUS A3000 Build/NMF26F; wv) AppleWebKit/537.36 (KHTML, like Gecko) Version/4.0 Chrome/58.0.3029.83 Mobile Safari/537.36 MxBrowser/4.5.10.5000" "-" "0.007" "10.201.30.11:8080"
116.231.173.238 - - [17/Jun/2017:14:11:06 +0800] "GET /winerbond-site/static/bc/plugin/jquery/jquery.min.js HTTP/1.1" 200 95931 "https://portal.winerbond.com/winerbond-site/login" "Mozilla/5.0 (Linux; Android 7.1.1; ONEPLUS A3000 Build/NMF26F; wv) AppleWebKit/537.36 (KHTML, like Gecko) Version/4.0 Chrome/58.0.3029.83 Mobile Safari/537.36 MxBrowser/4.5.10.5000" "-" "0.014" "10.201.30.12:8080"
116.231.173.238 - - [17/Jun/2017:14:11:06 +0800] "GET /winerbond-site/static/bc/plugin/bootstrap/js/bootstrap.min.js HTTP/1.1" 200 35951 "https://portal.winerbond.com/winerbond-site/login" "Mozilla/5.0 (Linux; Android 7.1.1; ONEPLUS A3000 Build/NMF26F; wv) AppleWebKit/537.36 (KHTML, like Gecko) Version/4.0 Chrome/58.0.3029.83 Mobile Safari/537.36 MxBrowser/4.5.10.5000" "-" "0.005" "10.201.30.12:8080"
116.231.173.238 - - [17/Jun/2017:14:11:06 +0800] "GET /winerbond-site/static/bc/plugin/bootstrap/js/ie10-viewport-bug-workaround.js HTTP/1.1" 200 694 "https://portal.winerbond.com/winerbond-site/login" "Mozilla/5.0 (Linux; Android 7.1.1; ONEPLUS A3000 Build/NMF26F; wv) AppleWebKit/537.36 (KHTML, like Gecko) Version/4.0 Chrome/58.0.3029.83 Mobile Safari/537.36 MxBrowser/4.5.10.5000" "-" "0.004" "10.201.30.11:8080"
116.231.173.238 - - [17/Jun/2017:14:11:07 +0800] "GET /winerbond-site/static/bc/img/banner01.jpg HTTP/1.1" 200 409490 "https://portal.winerbond.com/winerbond-site/login" "Mozilla/5.0 (Linux; Android 7.1.1; ONEPLUS A3000 Build/NMF26F; wv) AppleWebKit/537.36 (KHTML, like Gecko) Version/4.0 Chrome/58.0.3029.83 Mobile Safari/537.36 MxBrowser/4.5.10.5000" "-" "0.018" "10.201.30.12:8080"
116.231.173.238 - - [17/Jun/2017:14:11:07 +0800] "GET /winerbond-site/static/bc/img/banner02.jpg HTTP/1.1" 200 177988 "https://portal.winerbond.com/winerbond-site/login" "Mozilla/5.0 (Linux; Android 7.1.1; ONEPLUS A3000 Build/NMF26F; wv) AppleWebKit/537.36 (KHTML, like Gecko) Version/4.0 Chrome/58.0.3029.83 Mobile Safari/537.36 MxBrowser/4.5.10.5000" "-" "0.008" "10.201.30.11:8080"
116.231.173.238 - - [17/Jun/2017:14:11:07 +0800] "GET /winerbond-site/static/bc/img/banner05.jpg HTTP/1.1" 200 423973 "https://portal.winerbond.com/winerbond-site/login" "Mozilla/5.0 (Linux; Android 7.1.1; ONEPLUS A3000 Build/NMF26F; wv) AppleWebKit/537.36 (KHTML, like Gecko) Version/4.0 Chrome/58.0.3029.83 Mobile Safari/537.36 MxBrowser/4.5.10.5000" "-" "0.044" "10.201.30.12:8080"
116.231.173.238 - - [17/Jun/2017:14:11:07 +0800] "GET /winerbond-site/static/bc/img/logo.png HTTP/1.1" 200 8075 "https://portal.winerbond.com/winerbond-site/static/bc/css/common.css" "Mozilla/5.0 (Linux; Android 7.1.1; ONEPLUS A3000 Build/NMF26F; wv) AppleWebKit/537.36 (KHTML, like Gecko) Version/4.0 Chrome/58.0.3029.83 Mobile Safari/537.36 MxBrowser/4.5.10.5000" "-" "0.004" "10.201.30.11:8080"
116.231.173.238 - - [17/Jun/2017:14:11:07 +0800] "GET /winerbond-site/static/bc/img/logo_text.jpg HTTP/1.1" 200 21380 "https://portal.winerbond.com/winerbond-site/static/bc/css/common.css" "Mozilla/5.0 (Linux; Android 7.1.1; ONEPLUS A3000 Build/NMF26F; wv) AppleWebKit/537.36 (KHTML, like Gecko) Version/4.0 Chrome/58.0.3029.83 Mobile Safari/537.36 MxBrowser/4.5.10.5000" "-" "0.005" "10.201.30.12:8080"
116.231.173.238 - - [17/Jun/2017:14:11:07 +0800] "GET /winerbond-site/static/bc/img/homepage_bg.png HTTP/1.1" 200 1796 "https://portal.winerbond.com/winerbond-site/static/bc/css/user.css" "Mozilla/5.0 (Linux; Android 7.1.1; ONEPLUS A3000 Build/NMF26F; wv) AppleWebKit/537.36 (KHTML, like Gecko) Version/4.0 Chrome/58.0.3029.83 Mobile Safari/537.36 MxBrowser/4.5.10.5000" "-" "0.004" "10.201.30.11:8080"
116.231.173.238 - - [17/Jun/2017:14:11:07 +0800] "GET /winerbond-site/static/bc/img/images.png HTTP/1.1" 200 56616 "https://portal.winerbond.com/winerbond-site/static/bc/css/user.css" "Mozilla/5.0 (Linux; Android 7.1.1; ONEPLUS A3000 Build/NMF26F; wv) AppleWebKit/537.36 (KHTML, like Gecko) Version/4.0 Chrome/58.0.3029.83 Mobile Safari/537.36 MxBrowser/4.5.10.5000" "-" "0.004" "10.201.30.12:8080"
116.231.173.238 - - [17/Jun/2017:14:11:07 +0800] "GET /winerbond-site/static/bc/img/icons.png HTTP/1.1" 200 27628 "https://portal.winerbond.com/winerbond-site/static/bc/css/common.css" "Mozilla/5.0 (Linux; Android 7.1.1; ONEPLUS A3000 Build/NMF26F; wv) AppleWebKit/537.36 (KHTML, like Gecko) Version/4.0 Chrome/58.0.3029.83 Mobile Safari/537.36 MxBrowser/4.5.10.5000" "-" "0.004" "10.201.30.11:8080"
116.231.173.238 - - [17/Jun/2017:14:11:07 +0800] "GET /favicon.ico HTTP/1.1" 404 193 "https://portal.winerbond.com/winerbond-site/login" "Mozilla/5.0 (Linux; Android 7.1.1; ONEPLUS A3000 Build/NMF26F; wv) AppleWebKit/537.36 (KHTML, like Gecko) Version/4.0 Chrome/58.0.3029.83 Mobile Safari/537.36 MxBrowser/4.5.10.5000" "-" "0.000" "-"
123.59.41.33 - - [17/Jun/2017:14:11:59 +0800] "POST /winerbond-site/creditreportApi/winerbondLogin HTTP/1.1" 200 82 "-" "Apache-HttpClient/4.4.1 (Java/1.7.0_67)" "-" "0.611" "10.201.30.12:8080"
117.122.213.136 - - [17/Jun/2017:14:12:03 +0800] "HEAD /winerbond-site/api/querySocialInsurance HTTP/1.1" 405 0 "-" "curl/7.19.7 (x86_64-redhat-linux-gnu) libcurl/7.19.7 NSS/3.19.1 Basic ECC zlib/1.2.3 libidn/1.18 libssh2/1.4.2" "-" "0.003" "10.201.30.11:8080"
101.95.165.34 - - [17/Jun/2017:14:12:11 +0800] "GET / HTTP/1.1" 301 178 "-" "Mozilla/5.0 (compatible; PRTG Network Monitor (www.paessler.com); Windows)" "-" "0.000" "-"
101.95.165.34 - - [17/Jun/2017:14:12:11 +0800] "GET /winerbond-site/ HTTP/1.1" 302 0 "-" "Mozilla/5.0 (compatible; PRTG Network Monitor (www.paessler.com); Windows)" "-" "0.002" "10.201.30.11:8080"
123.59.41.33 - - [17/Jun/2017:14:12:21 +0800] "POST /winerbond-site/api/querySocialInsurance HTTP/1.1" 200 77 "-" "Apache-HttpClient/4.4.1 (Java/1.7.0_67)" "-" "21.270" "10.201.30.12:8080"
117.122.213.136 - - [17/Jun/2017:14:12:25 +0800] "HEAD /winerbond-site/api/querySocialInsurance HTTP/1.1" 405 0 "-" "curl/7.19.7 (x86_64-redhat-linux-gnu) libcurl/7.19.7 NSS/3.19.1 Basic ECC zlib/1.2.3 libidn/1.18 libssh2/1.4.2" "-" "0.004" "10.201.30.12:8080"
101.95.165.34 - - [17/Jun/2017:14:12:32 +0800] "GET / HTTP/1.1" 301 178 "-" "Mozilla/5.0 (compatible; PRTG Network Monitor (www.paessler.com); Windows)" "-" "0.000" "-"
101.95.165.34 - - [17/Jun/2017:14:12:32 +0800] "GET /winerbond-site/ HTTP/1.1" 302 0 "-" "Mozilla/5.0 (compatible; PRTG Network Monitor (www.paessler.com); Windows)" "-" "0.002" "10.201.30.11:8080"
117.122.213.136 - - [17/Jun/2017:14:12:43 +0800] "HEAD /winerbond-site/api/querySocialInsurance HTTP/1.1" 405 0 "-" "curl/7.19.7 (x86_64-redhat-linux-gnu) libcurl/7.19.7 NSS/3.19.1 Basic ECC zlib/1.2.3 libidn/1.18 libssh2/1.4.2" "-" "0.004" "10.201.30.12:8080"
101.95.165.34 - - [17/Jun/2017:14:12:53 +0800] "GET / HTTP/1.1" 301 178 "-" "Mozilla/5.0 (compatible; PRTG Network Monitor (www.paessler.com); Windows)" "-" "0.000" "-"
101.95.165.34 - - [17/Jun/2017:14:12:53 +0800] "GET /winerbond-site/ HTTP/1.1" 302 0 "-" "Mozilla/5.0 (compatible; PRTG Network Monitor (www.paessler.com); Windows)" "-" "0.003" "10.201.30.11:8080"
117.122.213.136 - - [17/Jun/2017:14:13:03 +0800] "HEAD /winerbond-site/api/querySocialInsurance HTTP/1.1" 405 0 "-" "curl/7.19.7 (x86_64-redhat-linux-gnu) libcurl/7.19.7 NSS/3.19.1 Basic ECC zlib/1.2.3 libidn/1.18 libssh2/1.4.2" "-" "0.004" "10.201.30.12:8080"
117.122.213.136 - - [17/Jun/2017:14:13:25 +0800] "HEAD /winerbond-site/api/querySocialInsurance HTTP/1.1" 405 0 "-" "curl/7.19.7 (x86_64-redhat-linux-gnu) libcurl/7.19.7 NSS/3.19.1 Basic ECC zlib/1.2.3 libidn/1.18 libssh2/1.4.2" "-" "0.004" "10.201.30.12:8080"
117.122.213.136 - - [17/Jun/2017:14:13:48 +0800] "HEAD /winerbond-site/api/querySocialInsurance HTTP/1.1" 405 0 "-" "curl/7.19.7 (x86_64-redhat-linux-gnu) libcurl/7.19.7 NSS/3.19.1 Basic ECC zlib/1.2.3 libidn/1.18 libssh2/1.4.2" "-" "0.004" "10.201.30.11:8080"
117.122.213.136 - - [17/Jun/2017:14:14:02 +0800] "HEAD /winerbond-site/api/querySocialInsurance HTTP/1.1" 405 0 "-" "curl/7.19.7 (x86_64-redhat-linux-gnu) libcurl/7.19.7 NSS/3.19.1 Basic ECC zlib/1.2.3 libidn/1.18 libssh2/1.4.2" "-" "0.016" "10.201.30.11:8080"
101.95.165.34 - - [17/Jun/2017:14:14:11 +0800] "GET / HTTP/1.1" 301 178 "-" "Mozilla/5.0 (compatible; PRTG Network Monitor (www.paessler.com); Windows)" "-" "0.000" "-"
101.95.165.34 - - [17/Jun/2017:14:14:11 +0800] "GET /winerbond-site/ HTTP/1.1" 302 0 "-" "Mozilla/5.0 (compatible; PRTG Network Monitor (www.paessler.com); Windows)" "-" "0.003" "10.201.30.12:8080"
117.122.213.136 - - [17/Jun/2017:14:14:25 +0800] "HEAD /winerbond-site/api/querySocialInsurance HTTP/1.1" 405 0 "-" "curl/7.19.7 (x86_64-redhat-linux-gnu) libcurl/7.19.7 NSS/3.19.1 Basic ECC zlib/1.2.3 libidn/1.18 libssh2/1.4.2" "-" "0.004" "10.201.30.12:8080"
101.95.165.34 - - [17/Jun/2017:14:14:32 +0800] "GET / HTTP/1.1" 301 178 "-" "Mozilla/5.0 (compatible; PRTG Network Monitor (www.paessler.com); Windows)" "-" "0.000" "-"
101.95.165.34 - - [17/Jun/2017:14:14:32 +0800] "GET /winerbond-site/ HTTP/1.1" 302 0 "-" "Mozilla/5.0 (compatible; PRTG Network Monitor (www.paessler.com); Windows)" "-" "0.003" "10.201.30.11:8080"
101.95.165.34 - - [17/Jun/2017:14:14:53 +0800] "GET / HTTP/1.1" 301 178 "-" "Mozilla/5.0 (compatible; PRTG Network Monitor (www.paessler.com); Windows)" "-" "0.000" "-"
101.95.165.34 - - [17/Jun/2017:14:14:53 +0800] "GET /winerbond-site/ HTTP/1.1" 302 0 "-" "Mozilla/5.0 (compatible; PRTG Network Monitor (www.paessler.com); Windows)" "-" "0.002" "10.201.30.11:8080"
117.122.213.136 - - [17/Jun/2017:14:14:54 +0800] "HEAD /winerbond-site/api/querySocialInsurance HTTP/1.1" 405 0 "-" "curl/7.19.7 (x86_64-redhat-linux-gnu) libcurl/7.19.7 NSS/3.19.1 Basic ECC zlib/1.2.3 libidn/1.18 libssh2/1.4.2" "-" "0.004" "10.201.30.12:8080"
117.122.213.136 - - [17/Jun/2017:14:15:03 +0800] "HEAD /winerbond-site/api/querySocialInsurance HTTP/1.1" 405 0 "-" "curl/7.19.7 (x86_64-redhat-linux-gnu) libcurl/7.19.7 NSS/3.19.1 Basic ECC zlib/1.2.3 libidn/1.18 libssh2/1.4.2" "-" "0.004" "10.201.30.12:8080"
117.122.213.136 - - [17/Jun/2017:14:15:25 +0800] "HEAD /winerbond-site/api/querySocialInsurance HTTP/1.1" 405 0 "-" "curl/7.19.7 (x86_64-redhat-linux-gnu) libcurl/7.19.7 NSS/3.19.1 Basic ECC zlib/1.2.3 libidn/1.18 libssh2/1.4.2" "-" "0.004" "10.201.30.11:8080"
117.122.213.136 - - [17/Jun/2017:14:16:00 +0800] "HEAD /winerbond-site/api/querySocialInsurance HTTP/1.1" 405 0 "-" "curl/7.19.7 (x86_64-redhat-linux-gnu) libcurl/7.19.7 NSS/3.19.1 Basic ECC zlib/1.2.3 libidn/1.18 libssh2/1.4.2" "-" "0.004" "10.201.30.11:8080"
117.122.213.136 - - [17/Jun/2017:14:16:02 +0800] "HEAD /winerbond-site/api/querySocialInsurance HTTP/1.1" 405 0 "-" "curl/7.19.7 (x86_64-redhat-linux-gnu) libcurl/7.19.7 NSS/3.19.1 Basic ECC zlib/1.2.3 libidn/1.18 libssh2/1.4.2" "-" "0.004" "10.201.30.12:8080"
101.95.165.34 - - [17/Jun/2017:14:16:11 +0800] "GET / HTTP/1.1" 301 178 "-" "Mozilla/5.0 (compatible; PRTG Network Monitor (www.paessler.com); Windows)" "-" "0.000" "-"
101.95.165.34 - - [17/Jun/2017:14:16:11 +0800] "GET /winerbond-site/ HTTP/1.1" 302 0 "-" "Mozilla/5.0 (compatible; PRTG Network Monitor (www.paessler.com); Windows)" "-" "0.007" "10.201.30.12:8080"
117.122.213.136 - - [17/Jun/2017:14:16:25 +0800] "HEAD /winerbond-site/api/querySocialInsurance HTTP/1.1" 405 0 "-" "curl/7.19.7 (x86_64-redhat-linux-gnu) libcurl/7.19.7 NSS/3.19.1 Basic ECC zlib/1.2.3 libidn/1.18 libssh2/1.4.2" "-" "0.003" "10.201.30.11:8080"
101.95.165.34 - - [17/Jun/2017:14:16:32 +0800] "GET / HTTP/1.1" 301 178 "-" "Mozilla/5.0 (compatible; PRTG Network Monitor (www.paessler.com); Windows)" "-" "0.000" "-"
101.95.165.34 - - [17/Jun/2017:14:16:32 +0800] "GET /winerbond-site/ HTTP/1.1" 302 0 "-" "Mozilla/5.0 (compatible; PRTG Network Monitor (www.paessler.com); Windows)" "-" "0.003" "10.201.30.11:8080"
101.95.165.34 - - [17/Jun/2017:14:16:53 +0800] "GET / HTTP/1.1" 301 178 "-" "Mozilla/5.0 (compatible; PRTG Network Monitor (www.paessler.com); Windows)" "-" "0.000" "-"
101.95.165.34 - - [17/Jun/2017:14:16:53 +0800] "GET /winerbond-site/ HTTP/1.1" 302 0 "-" "Mozilla/5.0 (compatible; PRTG Network Monitor (www.paessler.com); Windows)" "-" "0.002" "10.201.30.12:8080"
117.122.213.136 - - [17/Jun/2017:14:17:03 +0800] "HEAD /winerbond-site/api/querySocialInsurance HTTP/1.1" 405 0 "-" "curl/7.19.7 (x86_64-redhat-linux-gnu) libcurl/7.19.7 NSS/3.19.1 Basic ECC zlib/1.2.3 libidn/1.18 libssh2/1.4.2" "-" "0.004" "10.201.30.12:8080"
117.122.213.136 - - [17/Jun/2017:14:17:06 +0800] "HEAD /winerbond-site/api/querySocialInsurance HTTP/1.1" 405 0 "-" "curl/7.19.7 (x86_64-redhat-linux-gnu) libcurl/7.19.7 NSS/3.19.1 Basic ECC zlib/1.2.3 libidn/1.18 libssh2/1.4.2" "-" "0.003" "10.201.30.11:8080"
117.122.213.136 - - [17/Jun/2017:14:17:25 +0800] "HEAD /winerbond-site/api/querySocialInsurance HTTP/1.1" 405 0 "-" "curl/7.19.7 (x86_64-redhat-linux-gnu) libcurl/7.19.7 NSS/3.19.1 Basic ECC zlib/1.2.3 libidn/1.18 libssh2/1.4.2" "-" "0.004" "10.201.30.12:8080"
117.122.213.136 - - [17/Jun/2017:14:18:03 +0800] "HEAD /winerbond-site/api/querySocialInsurance HTTP/1.1" 405 0 "-" "curl/7.19.7 (x86_64-redhat-linux-gnu) libcurl/7.19.7 NSS/3.19.1 Basic ECC zlib/1.2.3 libidn/1.18 libssh2/1.4.2" "-" "0.014" "10.201.30.11:8080"
101.95.165.34 - - [17/Jun/2017:14:18:11 +0800] "GET / HTTP/1.1" 301 178 "-" "Mozilla/5.0 (compatible; PRTG Network Monitor (www.paessler.com); Windows)" "-" "0.000" "-"
101.95.165.34 - - [17/Jun/2017:14:18:11 +0800] "GET /winerbond-site/ HTTP/1.1" 302 0 "-" "Mozilla/5.0 (compatible; PRTG Network Monitor (www.paessler.com); Windows)" "-" "0.009" "10.201.30.12:8080"
117.122.213.136 - - [17/Jun/2017:14:18:12 +0800] "HEAD /winerbond-site/api/querySocialInsurance HTTP/1.1" 405 0 "-" "curl/7.19.7 (x86_64-redhat-linux-gnu) libcurl/7.19.7 NSS/3.19.1 Basic ECC zlib/1.2.3 libidn/1.18 libssh2/1.4.2" "-" "0.004" "10.201.30.11:8080"
117.122.213.136 - - [17/Jun/2017:14:18:25 +0800] "HEAD /winerbond-site/api/querySocialInsurance HTTP/1.1" 405 0 "-" "curl/7.19.7 (x86_64-redhat-linux-gnu) libcurl/7.19.7 NSS/3.19.1 Basic ECC zlib/1.2.3 libidn/1.18 libssh2/1.4.2" "-" "0.004" "10.201.30.11:8080"
101.95.165.34 - - [17/Jun/2017:14:18:32 +0800] "GET / HTTP/1.1" 301 178 "-" "Mozilla/5.0 (compatible; PRTG Network Monitor (www.paessler.com); Windows)" "-" "0.000" "-"
101.95.165.34 - - [17/Jun/2017:14:18:32 +0800] "GET /winerbond-site/ HTTP/1.1" 302 0 "-" "Mozilla/5.0 (compatible; PRTG Network Monitor (www.paessler.com); Windows)" "-" "0.003" "10.201.30.12:8080"
101.95.165.34 - - [17/Jun/2017:14:18:53 +0800] "GET / HTTP/1.1" 301 178 "-" "Mozilla/5.0 (compatible; PRTG Network Monitor (www.paessler.com); Windows)" "-" "0.000" "-"
101.95.165.34 - - [17/Jun/2017:14:18:53 +0800] "GET /winerbond-site/ HTTP/1.1" 302 0 "-" "Mozilla/5.0 (compatible; PRTG Network Monitor (www.paessler.com); Windows)" "-" "0.003" "10.201.30.12:8080"
117.122.213.136 - - [17/Jun/2017:14:19:03 +0800] "HEAD /winerbond-site/api/querySocialInsurance HTTP/1.1" 405 0 "-" "curl/7.19.7 (x86_64-redhat-linux-gnu) libcurl/7.19.7 NSS/3.19.1 Basic ECC zlib/1.2.3 libidn/1.18 libssh2/1.4.2" "-" "0.003" "10.201.30.11:8080"
117.122.213.136 - - [17/Jun/2017:14:19:17 +0800] "HEAD /winerbond-site/api/querySocialInsurance HTTP/1.1" 405 0 "-" "curl/7.19.7 (x86_64-redhat-linux-gnu) libcurl/7.19.7 NSS/3.19.1 Basic ECC zlib/1.2.3 libidn/1.18 libssh2/1.4.2" "-" "0.004" "10.201.30.11:8080"
117.122.213.136 - - [17/Jun/2017:14:19:25 +0800] "HEAD /winerbond-site/api/querySocialInsurance HTTP/1.1" 405 0 "-" "curl/7.19.7 (x86_64-redhat-linux-gnu) libcurl/7.19.7 NSS/3.19.1 Basic ECC zlib/1.2.3 libidn/1.18 libssh2/1.4.2" "-" "0.004" "10.201.30.12:8080"
117.122.213.136 - - [17/Jun/2017:14:20:03 +0800] "HEAD /winerbond-site/api/querySocialInsurance HTTP/1.1" 405 0 "-" "curl/7.19.7 (x86_64-redhat-linux-gnu) libcurl/7.19.7 NSS/3.19.1 Basic ECC zlib/1.2.3 libidn/1.18 libssh2/1.4.2" "-" "0.004" "10.201.30.11:8080"
101.95.165.34 - - [17/Jun/2017:14:20:11 +0800] "GET / HTTP/1.1" 301 178 "-" "Mozilla/5.0 (compatible; PRTG Network Monitor (www.paessler.com); Windows)" "-" "0.000" "-"
101.95.165.34 - - [17/Jun/2017:14:20:11 +0800] "GET /winerbond-site/ HTTP/1.1" 302 0 "-" "Mozilla/5.0 (compatible; PRTG Network Monitor (www.paessler.com); Windows)" "-" "0.002" "10.201.30.12:8080"
117.122.213.136 - - [17/Jun/2017:14:20:23 +0800] "HEAD /winerbond-site/api/querySocialInsurance HTTP/1.1" 405 0 "-" "curl/7.19.7 (x86_64-redhat-linux-gnu) libcurl/7.19.7 NSS/3.19.1 Basic ECC zlib/1.2.3 libidn/1.18 libssh2/1.4.2" "-" "0.004" "10.201.30.11:8080"
117.122.213.136 - - [17/Jun/2017:14:20:24 +0800] "HEAD /winerbond-site/api/querySocialInsurance HTTP/1.1" 405 0 "-" "curl/7.19.7 (x86_64-redhat-linux-gnu) libcurl/7.19.7 NSS/3.19.1 Basic ECC zlib/1.2.3 libidn/1.18 libssh2/1.4.2" "-" "0.004" "10.201.30.12:8080"
101.95.165.34 - - [17/Jun/2017:14:20:32 +0800] "GET / HTTP/1.1" 301 178 "-" "Mozilla/5.0 (compatible; PRTG Network Monitor (www.paessler.com); Windows)" "-" "0.000" "-"
101.95.165.34 - - [17/Jun/2017:14:20:32 +0800] "GET /winerbond-site/ HTTP/1.1" 302 0 "-" "Mozilla/5.0 (compatible; PRTG Network Monitor (www.paessler.com); Windows)" "-" "0.003" "10.201.30.11:8080"
117.122.213.136 - - [17/Jun/2017:14:20:49 +0800] "HEAD /winerbond-site/api/querySocialInsurance HTTP/1.1" 405 0 "-" "curl/7.19.7 (x86_64-redhat-linux-gnu) libcurl/7.19.7 NSS/3.19.1 Basic ECC zlib/1.2.3 libidn/1.18 libssh2/1.4.2" "-" "0.004" "10.201.30.12:8080"
101.95.165.34 - - [17/Jun/2017:14:20:53 +0800] "GET / HTTP/1.1" 301 178 "-" "Mozilla/5.0 (compatible; PRTG Network Monitor (www.paessler.com); Windows)" "-" "0.000" "-"
101.95.165.34 - - [17/Jun/2017:14:20:53 +0800] "GET /winerbond-site/ HTTP/1.1" 302 0 "-" "Mozilla/5.0 (compatible; PRTG Network Monitor (www.paessler.com); Windows)" "-" "0.003" "10.201.30.12:8080"
117.122.213.136 - - [17/Jun/2017:14:21:03 +0800] "HEAD /winerbond-site/api/querySocialInsurance HTTP/1.1" 405 0 "-" "curl/7.19.7 (x86_64-redhat-linux-gnu) libcurl/7.19.7 NSS/3.19.1 Basic ECC zlib/1.2.3 libidn/1.18 libssh2/1.4.2" "-" "0.004" "10.201.30.11:8080"
117.122.213.136 - - [17/Jun/2017:14:21:25 +0800] "HEAD /winerbond-site/api/querySocialInsurance HTTP/1.1" 405 0 "-" "curl/7.19.7 (x86_64-redhat-linux-gnu) libcurl/7.19.7 NSS/3.19.1 Basic ECC zlib/1.2.3 libidn/1.18 libssh2/1.4.2" "-" "0.004" "10.201.30.11:8080"
117.122.213.136 - - [17/Jun/2017:14:21:30 +0800] "HEAD /winerbond-site/api/querySocialInsurance HTTP/1.1" 405 0 "-" "curl/7.19.7 (x86_64-redhat-linux-gnu) libcurl/7.19.7 NSS/3.19.1 Basic ECC zlib/1.2.3 libidn/1.18 libssh2/1.4.2" "-" "0.004" "10.201.30.12:8080"
117.122.213.136 - - [17/Jun/2017:14:21:49 +0800] "HEAD /winerbond-site/api/querySocialInsurance HTTP/1.1" 405 0 "-" "curl/7.19.7 (x86_64-redhat-linux-gnu) libcurl/7.19.7 NSS/3.19.1 Basic ECC zlib/1.2.3 libidn/1.18 libssh2/1.4.2" "-" "0.004" "10.201.30.11:8080"
117.122.213.136 - - [17/Jun/2017:14:22:03 +0800] "HEAD /winerbond-site/api/querySocialInsurance HTTP/1.1" 405 0 "-" "curl/7.19.7 (x86_64-redhat-linux-gnu) libcurl/7.19.7 NSS/3.19.1 Basic ECC zlib/1.2.3 libidn/1.18 libssh2/1.4.2" "-" "0.003" "10.201.30.12:8080"
101.95.165.34 - - [17/Jun/2017:14:22:11 +0800] "GET / HTTP/1.1" 301 178 "-" "Mozilla/5.0 (compatible; PRTG Network Monitor (www.paessler.com); Windows)" "-" "0.000" "-"
101.95.165.34 - - [17/Jun/2017:14:22:11 +0800] "GET /winerbond-site/ HTTP/1.1" 302 0 "-" "Mozilla/5.0 (compatible; PRTG Network Monitor (www.paessler.com); Windows)" "-" "0.014" "10.201.30.11:8080"
117.122.213.136 - - [17/Jun/2017:14:22:25 +0800] "HEAD /winerbond-site/api/querySocialInsurance HTTP/1.1" 405 0 "-" "curl/7.19.7 (x86_64-redhat-linux-gnu) libcurl/7.19.7 NSS/3.19.1 Basic ECC zlib/1.2.3 libidn/1.18 libssh2/1.4.2" "-" "0.004" "10.201.30.12:8080"
101.95.165.34 - - [17/Jun/2017:14:22:32 +0800] "GET / HTTP/1.1" 301 178 "-" "Mozilla/5.0 (compatible; PRTG Network Monitor (www.paessler.com); Windows)" "-" "0.000" "-"
101.95.165.34 - - [17/Jun/2017:14:22:32 +0800] "GET /winerbond-site/ HTTP/1.1" 302 0 "-" "Mozilla/5.0 (compatible; PRTG Network Monitor (www.paessler.com); Windows)" "-" "0.002" "10.201.30.11:8080"
117.122.213.136 - - [17/Jun/2017:14:22:35 +0800] "HEAD /winerbond-site/api/querySocialInsurance HTTP/1.1" 405 0 "-" "curl/7.19.7 (x86_64-redhat-linux-gnu) libcurl/7.19.7 NSS/3.19.1 Basic ECC zlib/1.2.3 libidn/1.18 libssh2/1.4.2" "-" "0.004" "10.201.30.12:8080"
117.122.213.136 - - [17/Jun/2017:14:22:49 +0800] "HEAD /winerbond-site/api/querySocialInsurance HTTP/1.1" 405 0 "-" "curl/7.19.7 (x86_64-redhat-linux-gnu) libcurl/7.19.7 NSS/3.19.1 Basic ECC zlib/1.2.3 libidn/1.18 libssh2/1.4.2" "-" "0.004" "10.201.30.12:8080"
101.95.165.34 - - [17/Jun/2017:14:22:53 +0800] "GET / HTTP/1.1" 301 178 "-" "Mozilla/5.0 (compatible; PRTG Network Monitor (www.paessler.com); Windows)" "-" "0.000" "-"
101.95.165.34 - - [17/Jun/2017:14:22:53 +0800] "GET /winerbond-site/ HTTP/1.1" 302 0 "-" "Mozilla/5.0 (compatible; PRTG Network Monitor (www.paessler.com); Windows)" "-" "0.004" "10.201.30.11:8080"
117.122.213.136 - - [17/Jun/2017:14:23:03 +0800] "HEAD /winerbond-site/api/querySocialInsurance HTTP/1.1" 405 0 "-" "curl/7.19.7 (x86_64-redhat-linux-gnu) libcurl/7.19.7 NSS/3.19.1 Basic ECC zlib/1.2.3 libidn/1.18 libssh2/1.4.2" "-" "0.004" "10.201.30.12:8080"
117.122.213.136 - - [17/Jun/2017:14:23:24 +0800] "HEAD /winerbond-site/api/querySocialInsurance HTTP/1.1" 405 0 "-" "curl/7.19.7 (x86_64-redhat-linux-gnu) libcurl/7.19.7 NSS/3.19.1 Basic ECC zlib/1.2.3 libidn/1.18 libssh2/1.4.2" "-" "0.005" "10.201.30.11:8080"
117.122.213.136 - - [17/Jun/2017:14:23:30 +0800] "HEAD /winerbond-site/api/querySocialInsurance HTTP/1.1" 405 0 "-" "curl/7.19.7 (x86_64-redhat-linux-gnu) libcurl/7.19.7 NSS/3.19.1 Basic ECC zlib/1.2.3 libidn/1.18 libssh2/1.4.2" "-" "0.003" "10.201.30.12:8080"
117.122.213.136 - - [17/Jun/2017:14:23:41 +0800] "HEAD /winerbond-site/api/querySocialInsurance HTTP/1.1" 405 0 "-" "curl/7.19.7 (x86_64-redhat-linux-gnu) libcurl/7.19.7 NSS/3.19.1 Basic ECC zlib/1.2.3 libidn/1.18 libssh2/1.4.2" "-" "0.004" "10.201.30.11:8080"
117.122.213.136 - - [17/Jun/2017:14:23:49 +0800] "HEAD /winerbond-site/api/querySocialInsurance HTTP/1.1" 405 0 "-" "curl/7.19.7 (x86_64-redhat-linux-gnu) libcurl/7.19.7 NSS/3.19.1 Basic ECC zlib/1.2.3 libidn/1.18 libssh2/1.4.2" "-" "0.004" "10.201.30.11:8080"
117.122.213.136 - - [17/Jun/2017:14:24:03 +0800] "HEAD /winerbond-site/api/querySocialInsurance HTTP/1.1" 405 0 "-" "curl/7.19.7 (x86_64-redhat-linux-gnu) libcurl/7.19.7 NSS/3.19.1 Basic ECC zlib/1.2.3 libidn/1.18 libssh2/1.4.2" "-" "0.004" "10.201.30.12:8080"
101.95.165.34 - - [17/Jun/2017:14:24:11 +0800] "GET / HTTP/1.1" 301 178 "-" "Mozilla/5.0 (compatible; PRTG Network Monitor (www.paessler.com); Windows)" "-" "0.000" "-"
101.95.165.34 - - [17/Jun/2017:14:24:11 +0800] "GET /winerbond-site/ HTTP/1.1" 302 0 "-" "Mozilla/5.0 (compatible; PRTG Network Monitor (www.paessler.com); Windows)" "-" "0.002" "10.201.30.11:8080"
117.122.213.136 - - [17/Jun/2017:14:24:25 +0800] "HEAD /winerbond-site/api/querySocialInsurance HTTP/1.1" 405 0 "-" "curl/7.19.7 (x86_64-redhat-linux-gnu) libcurl/7.19.7 NSS/3.19.1 Basic ECC zlib/1.2.3 libidn/1.18 libssh2/1.4.2" "-" "0.022" "10.201.30.12:8080"
101.95.165.34 - - [17/Jun/2017:14:24:32 +0800] "GET / HTTP/1.1" 301 178 "-" "Mozilla/5.0 (compatible; PRTG Network Monitor (www.paessler.com); Windows)" "-" "0.000" "-"
101.95.165.34 - - [17/Jun/2017:14:24:32 +0800] "GET /winerbond-site/ HTTP/1.1" 302 0 "-" "Mozilla/5.0 (compatible; PRTG Network Monitor (www.paessler.com); Windows)" "-" "0.005" "10.201.30.11:8080"
117.122.213.136 - - [17/Jun/2017:14:24:48 +0800] "HEAD /winerbond-site/api/querySocialInsurance HTTP/1.1" 405 0 "-" "curl/7.19.7 (x86_64-redhat-linux-gnu) libcurl/7.19.7 NSS/3.19.1 Basic ECC zlib/1.2.3 libidn/1.18 libssh2/1.4.2" "-" "0.004" "10.201.30.12:8080"
101.95.165.34 - - [17/Jun/2017:14:24:53 +0800] "GET / HTTP/1.1" 301 178 "-" "Mozilla/5.0 (compatible; PRTG Network Monitor (www.paessler.com); Windows)" "-" "0.000" "-"
101.95.165.34 - - [17/Jun/2017:14:24:53 +0800] "GET /winerbond-site/ HTTP/1.1" 302 0 "-" "Mozilla/5.0 (compatible; PRTG Network Monitor (www.paessler.com); Windows)" "-" "0.003" "10.201.30.11:8080"
117.122.213.136 - - [17/Jun/2017:14:24:56 +0800] "HEAD /winerbond-site/api/querySocialInsurance HTTP/1.1" 405 0 "-" "curl/7.19.7 (x86_64-redhat-linux-gnu) libcurl/7.19.7 NSS/3.19.1 Basic ECC zlib/1.2.3 libidn/1.18 libssh2/1.4.2" "-" "0.003" "10.201.30.12:8080"
101.200.183.32 - - [17/Jun/2017:14:25:08 +0800] "POST /winerbond-site/api/winerbondLogin?login_name=shlj@portal.com&login_psw=Admin_123 HTTP/1.1" 200 82 "-" "Mozilla/5.0 (Windows NT 6.3; WOW64) AppleWebKit/537.36 (KHTML, like Gecko) Chrome/39.0.2171.71 Safari/537.36" "-" "0.478" "10.201.30.11:8080"
117.122.213.136 - - [17/Jun/2017:14:25:10 +0800] "HEAD /winerbond-site/api/querySocialInsurance HTTP/1.1" 405 0 "-" "curl/7.19.7 (x86_64-redhat-linux-gnu) libcurl/7.19.7 NSS/3.19.1 Basic ECC zlib/1.2.3 libidn/1.18 libssh2/1.4.2" "-" "0.004" "10.201.30.12:8080"
117.122.213.136 - - [17/Jun/2017:14:25:24 +0800] "HEAD /winerbond-site/api/querySocialInsurance HTTP/1.1" 405 0 "-" "curl/7.19.7 (x86_64-redhat-linux-gnu) libcurl/7.19.7 NSS/3.19.1 Basic ECC zlib/1.2.3 libidn/1.18 libssh2/1.4.2" "-" "0.005" "10.201.30.11:8080"
117.122.213.136 - - [17/Jun/2017:14:25:49 +0800] "HEAD /winerbond-site/api/querySocialInsurance HTTP/1.1" 405 0 "-" "curl/7.19.7 (x86_64-redhat-linux-gnu) libcurl/7.19.7 NSS/3.19.1 Basic ECC zlib/1.2.3 libidn/1.18 libssh2/1.4.2" "-" "0.004" "10.201.30.12:8080"
117.122.213.136 - - [17/Jun/2017:14:25:54 +0800] "HEAD /winerbond-site/api/querySocialInsurance HTTP/1.1" 405 0 "-" "curl/7.19.7 (x86_64-redhat-linux-gnu) libcurl/7.19.7 NSS/3.19.1 Basic ECC zlib/1.2.3 libidn/1.18 libssh2/1.4.2" "-" "0.004" "10.201.30.12:8080"
117.122.213.136 - - [17/Jun/2017:14:26:03 +0800] "HEAD /winerbond-site/api/querySocialInsurance HTTP/1.1" 405 0 "-" "curl/7.19.7 (x86_64-redhat-linux-gnu) libcurl/7.19.7 NSS/3.19.1 Basic ECC zlib/1.2.3 libidn/1.18 libssh2/1.4.2" "-" "0.004" "10.201.30.11:8080"
101.95.165.34 - - [17/Jun/2017:14:26:11 +0800] "GET / HTTP/1.1" 301 178 "-" "Mozilla/5.0 (compatible; PRTG Network Monitor (www.paessler.com); Windows)" "-" "0.000" "-"
101.95.165.34 - - [17/Jun/2017:14:26:11 +0800] "GET /winerbond-site/ HTTP/1.1" 302 0 "-" "Mozilla/5.0 (compatible; PRTG Network Monitor (www.paessler.com); Windows)" "-" "0.003" "10.201.30.12:8080"
117.122.213.136 - - [17/Jun/2017:14:26:24 +0800] "HEAD /winerbond-site/api/querySocialInsurance HTTP/1.1" 405 0 "-" "curl/7.19.7 (x86_64-redhat-linux-gnu) libcurl/7.19.7 NSS/3.19.1 Basic ECC zlib/1.2.3 libidn/1.18 libssh2/1.4.2" "-" "0.004" "10.201.30.11:8080"
101.95.165.34 - - [17/Jun/2017:14:26:32 +0800] "GET / HTTP/1.1" 301 178 "-" "Mozilla/5.0 (compatible; PRTG Network Monitor (www.paessler.com); Windows)" "-" "0.000" "-"
101.95.165.34 - - [17/Jun/2017:14:26:32 +0800] "GET /winerbond-site/ HTTP/1.1" 302 0 "-" "Mozilla/5.0 (compatible; PRTG Network Monitor (www.paessler.com); Windows)" "-" "0.003" "10.201.30.11:8080"
117.122.213.136 - - [17/Jun/2017:14:26:49 +0800] "HEAD /winerbond-site/api/querySocialInsurance HTTP/1.1" 405 0 "-" "curl/7.19.7 (x86_64-redhat-linux-gnu) libcurl/7.19.7 NSS/3.19.1 Basic ECC zlib/1.2.3 libidn/1.18 libssh2/1.4.2" "-" "0.003" "10.201.30.12:8080"
101.95.165.34 - - [17/Jun/2017:14:26:53 +0800] "GET / HTTP/1.1" 301 178 "-" "Mozilla/5.0 (compatible; PRTG Network Monitor (www.paessler.com); Windows)" "-" "0.000" "-"
101.95.165.34 - - [17/Jun/2017:14:26:53 +0800] "GET /winerbond-site/ HTTP/1.1" 302 0 "-" "Mozilla/5.0 (compatible; PRTG Network Monitor (www.paessler.com); Windows)" "-" "0.003" "10.201.30.12:8080"
117.122.213.136 - - [17/Jun/2017:14:26:59 +0800] "HEAD /winerbond-site/api/querySocialInsurance HTTP/1.1" 405 0 "-" "curl/7.19.7 (x86_64-redhat-linux-gnu) libcurl/7.19.7 NSS/3.19.1 Basic ECC zlib/1.2.3 libidn/1.18 libssh2/1.4.2" "-" "0.004" "10.201.30.11:8080"
117.122.213.136 - - [17/Jun/2017:14:27:03 +0800] "HEAD /winerbond-site/api/querySocialInsurance HTTP/1.1" 405 0 "-" "curl/7.19.7 (x86_64-redhat-linux-gnu) libcurl/7.19.7 NSS/3.19.1 Basic ECC zlib/1.2.3 libidn/1.18 libssh2/1.4.2" "-" "0.004" "10.201.30.12:8080"
117.122.213.136 - - [17/Jun/2017:14:27:25 +0800] "HEAD /winerbond-site/api/querySocialInsurance HTTP/1.1" 405 0 "-" "curl/7.19.7 (x86_64-redhat-linux-gnu) libcurl/7.19.7 NSS/3.19.1 Basic ECC zlib/1.2.3 libidn/1.18 libssh2/1.4.2" "-" "0.004" "10.201.30.11:8080"
117.122.213.136 - - [17/Jun/2017:14:27:49 +0800] "HEAD /winerbond-site/api/querySocialInsurance HTTP/1.1" 405 0 "-" "curl/7.19.7 (x86_64-redhat-linux-gnu) libcurl/7.19.7 NSS/3.19.1 Basic ECC zlib/1.2.3 libidn/1.18 libssh2/1.4.2" "-" "0.004" "10.201.30.12:8080"
117.122.213.136 - - [17/Jun/2017:14:28:03 +0800] "HEAD /winerbond-site/api/querySocialInsurance HTTP/1.1" 405 0 "-" "curl/7.19.7 (x86_64-redhat-linux-gnu) libcurl/7.19.7 NSS/3.19.1 Basic ECC zlib/1.2.3 libidn/1.18 libssh2/1.4.2" "-" "0.004" "10.201.30.11:8080"
117.122.213.136 - - [17/Jun/2017:14:28:05 +0800] "HEAD /winerbond-site/api/querySocialInsurance HTTP/1.1" 405 0 "-" "curl/7.19.7 (x86_64-redhat-linux-gnu) libcurl/7.19.7 NSS/3.19.1 Basic ECC zlib/1.2.3 libidn/1.18 libssh2/1.4.2" "-" "0.003" "10.201.30.12:8080"
101.95.165.34 - - [17/Jun/2017:14:28:11 +0800] "GET / HTTP/1.1" 301 178 "-" "Mozilla/5.0 (compatible; PRTG Network Monitor (www.paessler.com); Windows)" "-" "0.000" "-"
101.95.165.34 - - [17/Jun/2017:14:28:11 +0800] "GET /winerbond-site/ HTTP/1.1" 302 0 "-" "Mozilla/5.0 (compatible; PRTG Network Monitor (www.paessler.com); Windows)" "-" "0.006" "10.201.30.11:8080"
117.122.213.136 - - [17/Jun/2017:14:28:25 +0800] "HEAD /winerbond-site/api/querySocialInsurance HTTP/1.1" 405 0 "-" "curl/7.19.7 (x86_64-redhat-linux-gnu) libcurl/7.19.7 NSS/3.19.1 Basic ECC zlib/1.2.3 libidn/1.18 libssh2/1.4.2" "-" "0.004" "10.201.30.12:8080"
101.95.165.34 - - [17/Jun/2017:14:28:32 +0800] "GET / HTTP/1.1" 301 178 "-" "Mozilla/5.0 (compatible; PRTG Network Monitor (www.paessler.com); Windows)" "-" "0.000" "-"
101.95.165.34 - - [17/Jun/2017:14:28:32 +0800] "GET /winerbond-site/ HTTP/1.1" 302 0 "-" "Mozilla/5.0 (compatible; PRTG Network Monitor (www.paessler.com); Windows)" "-" "0.003" "10.201.30.11:8080"
117.122.213.136 - - [17/Jun/2017:14:28:49 +0800] "HEAD /winerbond-site/api/querySocialInsurance HTTP/1.1" 405 0 "-" "curl/7.19.7 (x86_64-redhat-linux-gnu) libcurl/7.19.7 NSS/3.19.1 Basic ECC zlib/1.2.3 libidn/1.18 libssh2/1.4.2" "-" "0.004" "10.201.30.11:8080"
101.95.165.34 - - [17/Jun/2017:14:28:53 +0800] "GET / HTTP/1.1" 301 178 "-" "Mozilla/5.0 (compatible; PRTG Network Monitor (www.paessler.com); Windows)" "-" "0.000" "-"
101.95.165.34 - - [17/Jun/2017:14:28:53 +0800] "GET /winerbond-site/ HTTP/1.1" 302 0 "-" "Mozilla/5.0 (compatible; PRTG Network Monitor (www.paessler.com); Windows)" "-" "0.003" "10.201.30.12:8080"
117.122.213.136 - - [17/Jun/2017:14:29:02 +0800] "HEAD /winerbond-site/api/querySocialInsurance HTTP/1.1" 405 0 "-" "curl/7.19.7 (x86_64-redhat-linux-gnu) libcurl/7.19.7 NSS/3.19.1 Basic ECC zlib/1.2.3 libidn/1.18 libssh2/1.4.2" "-" "0.004" "10.201.30.11:8080"
117.122.213.136 - - [17/Jun/2017:14:29:11 +0800] "HEAD /winerbond-site/api/querySocialInsurance HTTP/1.1" 405 0 "-" "curl/7.19.7 (x86_64-redhat-linux-gnu) libcurl/7.19.7 NSS/3.19.1 Basic ECC zlib/1.2.3 libidn/1.18 libssh2/1.4.2" "-" "0.004" "10.201.30.12:8080"
117.122.213.136 - - [17/Jun/2017:14:29:25 +0800] "HEAD /winerbond-site/api/querySocialInsurance HTTP/1.1" 405 0 "-" "curl/7.19.7 (x86_64-redhat-linux-gnu) libcurl/7.19.7 NSS/3.19.1 Basic ECC zlib/1.2.3 libidn/1.18 libssh2/1.4.2" "-" "0.004" "10.201.30.11:8080"
117.122.213.136 - - [17/Jun/2017:14:29:49 +0800] "HEAD /winerbond-site/api/querySocialInsurance HTTP/1.1" 405 0 "-" "curl/7.19.7 (x86_64-redhat-linux-gnu) libcurl/7.19.7 NSS/3.19.1 Basic ECC zlib/1.2.3 libidn/1.18 libssh2/1.4.2" "-" "0.004" "10.201.30.12:8080"
117.122.213.136 - - [17/Jun/2017:14:30:03 +0800] "HEAD /winerbond-site/api/querySocialInsurance HTTP/1.1" 405 0 "-" "curl/7.19.7 (x86_64-redhat-linux-gnu) libcurl/7.19.7 NSS/3.19.1 Basic ECC zlib/1.2.3 libidn/1.18 libssh2/1.4.2" "-" "0.004" "10.201.30.11:8080"
101.95.165.34 - - [17/Jun/2017:14:30:11 +0800] "GET / HTTP/1.1" 301 178 "-" "Mozilla/5.0 (compatible; PRTG Network Monitor (www.paessler.com); Windows)" "-" "0.000" "-"
101.95.165.34 - - [17/Jun/2017:14:30:11 +0800] "GET /winerbond-site/ HTTP/1.1" 302 0 "-" "Mozilla/5.0 (compatible; PRTG Network Monitor (www.paessler.com); Windows)" "-" "0.002" "10.201.30.12:8080"
117.122.213.136 - - [17/Jun/2017:14:30:16 +0800] "HEAD /winerbond-site/api/querySocialInsurance HTTP/1.1" 405 0 "-" "curl/7.19.7 (x86_64-redhat-linux-gnu) libcurl/7.19.7 NSS/3.19.1 Basic ECC zlib/1.2.3 libidn/1.18 libssh2/1.4.2" "-" "0.004" "10.201.30.12:8080"
117.122.213.136 - - [17/Jun/2017:14:30:25 +0800] "HEAD /winerbond-site/api/querySocialInsurance HTTP/1.1" 405 0 "-" "curl/7.19.7 (x86_64-redhat-linux-gnu) libcurl/7.19.7 NSS/3.19.1 Basic ECC zlib/1.2.3 libidn/1.18 libssh2/1.4.2" "-" "0.004" "10.201.30.11:8080"
101.95.165.34 - - [17/Jun/2017:14:30:32 +0800] "GET / HTTP/1.1" 301 178 "-" "Mozilla/5.0 (compatible; PRTG Network Monitor (www.paessler.com); Windows)" "-" "0.000" "-"
101.95.165.34 - - [17/Jun/2017:14:30:32 +0800] "GET /winerbond-site/ HTTP/1.1" 302 0 "-" "Mozilla/5.0 (compatible; PRTG Network Monitor (www.paessler.com); Windows)" "-" "0.003" "10.201.30.11:8080"
117.122.213.136 - - [17/Jun/2017:14:30:49 +0800] "HEAD /winerbond-site/api/querySocialInsurance HTTP/1.1" 405 0 "-" "curl/7.19.7 (x86_64-redhat-linux-gnu) libcurl/7.19.7 NSS/3.19.1 Basic ECC zlib/1.2.3 libidn/1.18 libssh2/1.4.2" "-" "0.004" "10.201.30.12:8080"
101.95.165.34 - - [17/Jun/2017:14:30:53 +0800] "GET / HTTP/1.1" 301 178 "-" "Mozilla/5.0 (compatible; PRTG Network Monitor (www.paessler.com); Windows)" "-" "0.000" "-"
101.95.165.34 - - [17/Jun/2017:14:30:53 +0800] "GET /winerbond-site/ HTTP/1.1" 302 0 "-" "Mozilla/5.0 (compatible; PRTG Network Monitor (www.paessler.com); Windows)" "-" "0.002" "10.201.30.12:8080"
117.122.213.136 - - [17/Jun/2017:14:31:03 +0800] "HEAD /winerbond-site/api/querySocialInsurance HTTP/1.1" 405 0 "-" "curl/7.19.7 (x86_64-redhat-linux-gnu) libcurl/7.19.7 NSS/3.19.1 Basic ECC zlib/1.2.3 libidn/1.18 libssh2/1.4.2" "-" "0.004" "10.201.30.11:8080"
117.122.213.136 - - [17/Jun/2017:14:31:24 +0800] "HEAD /winerbond-site/api/querySocialInsurance HTTP/1.1" 405 0 "-" "curl/7.19.7 (x86_64-redhat-linux-gnu) libcurl/7.19.7 NSS/3.19.1 Basic ECC zlib/1.2.3 libidn/1.18 libssh2/1.4.2" "-" "0.004" "10.201.30.11:8080"
117.122.213.136 - - [17/Jun/2017:14:31:25 +0800] "HEAD /winerbond-site/api/querySocialInsurance HTTP/1.1" 405 0 "-" "curl/7.19.7 (x86_64-redhat-linux-gnu) libcurl/7.19.7 NSS/3.19.1 Basic ECC zlib/1.2.3 libidn/1.18 libssh2/1.4.2" "-" "0.027" "10.201.30.12:8080"
117.122.213.136 - - [17/Jun/2017:14:31:49 +0800] "HEAD /winerbond-site/api/querySocialInsurance HTTP/1.1" 405 0 "-" "curl/7.19.7 (x86_64-redhat-linux-gnu) libcurl/7.19.7 NSS/3.19.1 Basic ECC zlib/1.2.3 libidn/1.18 libssh2/1.4.2" "-" "0.003" "10.201.30.12:8080"
117.122.213.136 - - [17/Jun/2017:14:32:02 +0800] "HEAD /winerbond-site/api/querySocialInsurance HTTP/1.1" 405 0 "-" "curl/7.19.7 (x86_64-redhat-linux-gnu) libcurl/7.19.7 NSS/3.19.1 Basic ECC zlib/1.2.3 libidn/1.18 libssh2/1.4.2" "-" "0.004" "10.201.30.11:8080"
101.95.165.34 - - [17/Jun/2017:14:32:11 +0800] "GET / HTTP/1.1" 301 178 "-" "Mozilla/5.0 (compatible; PRTG Network Monitor (www.paessler.com); Windows)" "-" "0.000" "-"
101.95.165.34 - - [17/Jun/2017:14:32:11 +0800] "GET /winerbond-site/ HTTP/1.1" 302 0 "-" "Mozilla/5.0 (compatible; PRTG Network Monitor (www.paessler.com); Windows)" "-" "0.002" "10.201.30.12:8080"
117.122.213.136 - - [17/Jun/2017:14:32:25 +0800] "HEAD /winerbond-site/api/querySocialInsurance HTTP/1.1" 405 0 "-" "curl/7.19.7 (x86_64-redhat-linux-gnu) libcurl/7.19.7 NSS/3.19.1 Basic ECC zlib/1.2.3 libidn/1.18 libssh2/1.4.2" "-" "0.004" "10.201.30.11:8080"
117.122.213.136 - - [17/Jun/2017:14:32:30 +0800] "HEAD /winerbond-site/api/querySocialInsurance HTTP/1.1" 405 0 "-" "curl/7.19.7 (x86_64-redhat-linux-gnu) libcurl/7.19.7 NSS/3.19.1 Basic ECC zlib/1.2.3 libidn/1.18 libssh2/1.4.2" "-" "0.003" "10.201.30.11:8080"
101.95.165.34 - - [17/Jun/2017:14:32:32 +0800] "GET / HTTP/1.1" 301 178 "-" "Mozilla/5.0 (compatible; PRTG Network Monitor (www.paessler.com); Windows)" "-" "0.000" "-"
101.95.165.34 - - [17/Jun/2017:14:32:32 +0800] "GET /winerbond-site/ HTTP/1.1" 302 0 "-" "Mozilla/5.0 (compatible; PRTG Network Monitor (www.paessler.com); Windows)" "-" "0.003" "10.201.30.12:8080"
117.122.213.136 - - [17/Jun/2017:14:32:48 +0800] "HEAD /winerbond-site/api/querySocialInsurance HTTP/1.1" 405 0 "-" "curl/7.19.7 (x86_64-redhat-linux-gnu) libcurl/7.19.7 NSS/3.19.1 Basic ECC zlib/1.2.3 libidn/1.18 libssh2/1.4.2" "-" "0.004" "10.201.30.11:8080"
101.95.165.34 - - [17/Jun/2017:14:32:53 +0800] "GET / HTTP/1.1" 301 178 "-" "Mozilla/5.0 (compatible; PRTG Network Monitor (www.paessler.com); Windows)" "-" "0.000" "-"
101.95.165.34 - - [17/Jun/2017:14:32:53 +0800] "GET /winerbond-site/ HTTP/1.1" 302 0 "-" "Mozilla/5.0 (compatible; PRTG Network Monitor (www.paessler.com); Windows)" "-" "0.003" "10.201.30.12:8080"
