117.122.213.136 - - [17/Jun/2017:13:44:03 +0800] "HEAD /winerbond-site/api/querySocialInsurance HTTP/1.1" 405 0 "-" "curl/7.19.7 (x86_64-redhat-linux-gnu) libcurl/7.19.7 NSS/3.19.1 Basic ECC zlib/1.2.3 libidn/1.18 libssh2/1.4.2" "-" "0.003" "10.201.30.11:8080"
101.95.165.34 - - [17/Jun/2017:13:44:11 +0800] "GET / HTTP/1.1" 301 178 "-" "Mozilla/5.0 (compatible; PRTG Network Monitor (www.paessler.com); Windows)" "-" "0.000" "-"
101.95.165.34 - - [17/Jun/2017:13:44:11 +0800] "GET /winerbond-site/ HTTP/1.1" 302 0 "-" "Mozilla/5.0 (compatible; PRTG Network Monitor (www.paessler.com); Windows)" "-" "0.002" "10.201.30.12:8080"
117.122.213.136 - - [17/Jun/2017:13:44:26 +0800] "HEAD /winerbond-site/api/querySocialInsurance HTTP/1.1" 405 0 "-" "curl/7.19.7 (x86_64-redhat-linux-gnu) libcurl/7.19.7 NSS/3.19.1 Basic ECC zlib/1.2.3 libidn/1.18 libssh2/1.4.2" "-" "0.004" "10.201.30.11:8080"
101.95.165.34 - - [17/Jun/2017:13:44:32 +0800] "GET / HTTP/1.1" 301 178 "-" "Mozilla/5.0 (compatible; PRTG Network Monitor (www.paessler.com); Windows)" "-" "0.000" "-"
101.95.165.34 - - [17/Jun/2017:13:44:32 +0800] "GET /winerbond-site/ HTTP/1.1" 302 0 "-" "Mozilla/5.0 (compatible; PRTG Network Monitor (www.paessler.com); Windows)" "-" "0.003" "10.201.30.12:8080"
117.122.213.136 - - [17/Jun/2017:13:44:48 +0800] "HEAD /winerbond-site/api/querySocialInsurance HTTP/1.1" 405 0 "-" "curl/7.19.7 (x86_64-redhat-linux-gnu) libcurl/7.19.7 NSS/3.19.1 Basic ECC zlib/1.2.3 libidn/1.18 libssh2/1.4.2" "-" "0.005" "10.201.30.12:8080"
101.95.165.34 - - [17/Jun/2017:13:44:53 +0800] "GET / HTTP/1.1" 301 178 "-" "Mozilla/5.0 (compatible; PRTG Network Monitor (www.paessler.com); Windows)" "-" "0.000" "-"
101.95.165.34 - - [17/Jun/2017:13:44:53 +0800] "GET /winerbond-site/ HTTP/1.1" 302 0 "-" "Mozilla/5.0 (compatible; PRTG Network Monitor (www.paessler.com); Windows)" "-" "0.003" "10.201.30.11:8080"
117.122.213.136 - - [17/Jun/2017:13:44:56 +0800] "HEAD /winerbond-site/api/querySocialInsurance HTTP/1.1" 405 0 "-" "curl/7.19.7 (x86_64-redhat-linux-gnu) libcurl/7.19.7 NSS/3.19.1 Basic ECC zlib/1.2.3 libidn/1.18 libssh2/1.4.2" "-" "0.004" "10.201.30.12:8080"
117.122.213.136 - - [17/Jun/2017:13:45:03 +0800] "HEAD /winerbond-site/api/querySocialInsurance HTTP/1.1" 405 0 "-" "curl/7.19.7 (x86_64-redhat-linux-gnu) libcurl/7.19.7 NSS/3.19.1 Basic ECC zlib/1.2.3 libidn/1.18 libssh2/1.4.2" "-" "0.004" "10.201.30.11:8080"
117.122.213.136 - - [17/Jun/2017:13:45:26 +0800] "HEAD /winerbond-site/api/querySocialInsurance HTTP/1.1" 405 0 "-" "curl/7.19.7 (x86_64-redhat-linux-gnu) libcurl/7.19.7 NSS/3.19.1 Basic ECC zlib/1.2.3 libidn/1.18 libssh2/1.4.2" "-" "0.004" "10.201.30.11:8080"
117.122.213.136 - - [17/Jun/2017:13:45:48 +0800] "HEAD /winerbond-site/api/querySocialInsurance HTTP/1.1" 405 0 "-" "curl/7.19.7 (x86_64-redhat-linux-gnu) libcurl/7.19.7 NSS/3.19.1 Basic ECC zlib/1.2.3 libidn/1.18 libssh2/1.4.2" "-" "0.004" "10.201.30.12:8080"
117.122.213.136 - - [17/Jun/2017:13:46:03 +0800] "HEAD /winerbond-site/api/querySocialInsurance HTTP/1.1" 405 0 "-" "curl/7.19.7 (x86_64-redhat-linux-gnu) libcurl/7.19.7 NSS/3.19.1 Basic ECC zlib/1.2.3 libidn/1.18 libssh2/1.4.2" "-" "0.004" "10.201.30.11:8080"
117.122.213.136 - - [17/Jun/2017:13:46:03 +0800] "HEAD /winerbond-site/api/querySocialInsurance HTTP/1.1" 405 0 "-" "curl/7.19.7 (x86_64-redhat-linux-gnu) libcurl/7.19.7 NSS/3.19.1 Basic ECC zlib/1.2.3 libidn/1.18 libssh2/1.4.2" "-" "0.003" "10.201.30.12:8080"
101.95.165.34 - - [17/Jun/2017:13:46:11 +0800] "GET / HTTP/1.1" 301 178 "-" "Mozilla/5.0 (compatible; PRTG Network Monitor (www.paessler.com); Windows)" "-" "0.000" "-"
101.95.165.34 - - [17/Jun/2017:13:46:11 +0800] "GET /winerbond-site/ HTTP/1.1" 302 0 "-" "Mozilla/5.0 (compatible; PRTG Network Monitor (www.paessler.com); Windows)" "-" "0.002" "10.201.30.12:8080"
117.122.213.136 - - [17/Jun/2017:13:46:26 +0800] "HEAD /winerbond-site/api/querySocialInsurance HTTP/1.1" 405 0 "-" "curl/7.19.7 (x86_64-redhat-linux-gnu) libcurl/7.19.7 NSS/3.19.1 Basic ECC zlib/1.2.3 libidn/1.18 libssh2/1.4.2" "-" "0.003" "10.201.30.11:8080"
101.95.165.34 - - [17/Jun/2017:13:46:32 +0800] "GET / HTTP/1.1" 301 178 "-" "Mozilla/5.0 (compatible; PRTG Network Monitor (www.paessler.com); Windows)" "-" "0.000" "-"
101.95.165.34 - - [17/Jun/2017:13:46:32 +0800] "GET /winerbond-site/ HTTP/1.1" 302 0 "-" "Mozilla/5.0 (compatible; PRTG Network Monitor (www.paessler.com); Windows)" "-" "0.005" "10.201.30.12:8080"
117.122.213.136 - - [17/Jun/2017:13:46:49 +0800] "HEAD /winerbond-site/api/querySocialInsurance HTTP/1.1" 405 0 "-" "curl/7.19.7 (x86_64-redhat-linux-gnu) libcurl/7.19.7 NSS/3.19.1 Basic ECC zlib/1.2.3 libidn/1.18 libssh2/1.4.2" "-" "0.004" "10.201.30.11:8080"
101.95.165.34 - - [17/Jun/2017:13:46:53 +0800] "GET / HTTP/1.1" 301 178 "-" "Mozilla/5.0 (compatible; PRTG Network Monitor (www.paessler.com); Windows)" "-" "0.000" "-"
101.95.165.34 - - [17/Jun/2017:13:46:53 +0800] "GET /winerbond-site/ HTTP/1.1" 302 0 "-" "Mozilla/5.0 (compatible; PRTG Network Monitor (www.paessler.com); Windows)" "-" "0.004" "10.201.30.12:8080"
220.184.201.244 - - [17/Jun/2017:13:46:57 +0800] "GET / HTTP/1.1" 301 178 "-" "Mozilla/5.0 (Windows NT 10.0; Win64; x64) AppleWebKit/537.36 (KHTML, like Gecko) Chrome/52.0.2743.116 Safari/537.36 Edge/15.15063" "-" "0.000" "-"
220.184.201.244 - - [17/Jun/2017:13:46:57 +0800] "GET /winerbond-site/ HTTP/1.1" 302 0 "-" "Mozilla/5.0 (Windows NT 10.0; Win64; x64) AppleWebKit/537.36 (KHTML, like Gecko) Chrome/52.0.2743.116 Safari/537.36 Edge/15.15063" "-" "0.006" "10.201.30.11:8080"
117.122.213.136 - - [17/Jun/2017:13:47:03 +0800] "HEAD /winerbond-site/api/querySocialInsurance HTTP/1.1" 405 0 "-" "curl/7.19.7 (x86_64-redhat-linux-gnu) libcurl/7.19.7 NSS/3.19.1 Basic ECC zlib/1.2.3 libidn/1.18 libssh2/1.4.2" "-" "0.004" "10.201.30.12:8080"
220.184.201.244 - - [17/Jun/2017:13:47:05 +0800] "GET / HTTP/1.1" 301 178 "-" "Mozilla/5.0 (Windows NT 10.0; Win64; x64) AppleWebKit/537.36 (KHTML, like Gecko) Chrome/52.0.2743.116 Safari/537.36 Edge/15.15063" "-" "0.000" "-"
220.184.201.244 - - [17/Jun/2017:13:47:05 +0800] "GET /winerbond-site/ HTTP/1.1" 302 0 "-" "Mozilla/5.0 (Windows NT 10.0; Win64; x64) AppleWebKit/537.36 (KHTML, like Gecko) Chrome/52.0.2743.116 Safari/537.36 Edge/15.15063" "-" "0.002" "10.201.30.11:8080"
117.122.213.136 - - [17/Jun/2017:13:47:09 +0800] "HEAD /winerbond-site/api/querySocialInsurance HTTP/1.1" 405 0 "-" "curl/7.19.7 (x86_64-redhat-linux-gnu) libcurl/7.19.7 NSS/3.19.1 Basic ECC zlib/1.2.3 libidn/1.18 libssh2/1.4.2" "-" "0.004" "10.201.30.12:8080"
220.184.201.244 - - [17/Jun/2017:13:47:24 +0800] "GET / HTTP/1.1" 301 178 "-" "Mozilla/5.0 (Windows NT 10.0; Win64; x64) AppleWebKit/537.36 (KHTML, like Gecko) Chrome/52.0.2743.116 Safari/537.36 Edge/15.15063" "-" "0.000" "-"
220.184.201.244 - - [17/Jun/2017:13:47:24 +0800] "GET /winerbond-site/ HTTP/1.1" 302 0 "-" "Mozilla/5.0 (Windows NT 10.0; Win64; x64) AppleWebKit/537.36 (KHTML, like Gecko) Chrome/52.0.2743.116 Safari/537.36 Edge/15.15063" "-" "0.003" "10.201.30.11:8080"
117.122.213.136 - - [17/Jun/2017:13:47:25 +0800] "HEAD /winerbond-site/api/querySocialInsurance HTTP/1.1" 405 0 "-" "curl/7.19.7 (x86_64-redhat-linux-gnu) libcurl/7.19.7 NSS/3.19.1 Basic ECC zlib/1.2.3 libidn/1.18 libssh2/1.4.2" "-" "0.004" "10.201.30.11:8080"
117.122.213.136 - - [17/Jun/2017:13:47:49 +0800] "HEAD /winerbond-site/api/querySocialInsurance HTTP/1.1" 405 0 "-" "curl/7.19.7 (x86_64-redhat-linux-gnu) libcurl/7.19.7 NSS/3.19.1 Basic ECC zlib/1.2.3 libidn/1.18 libssh2/1.4.2" "-" "0.004" "10.201.30.12:8080"
117.122.213.136 - - [17/Jun/2017:13:48:02 +0800] "HEAD /winerbond-site/api/querySocialInsurance HTTP/1.1" 405 0 "-" "curl/7.19.7 (x86_64-redhat-linux-gnu) libcurl/7.19.7 NSS/3.19.1 Basic ECC zlib/1.2.3 libidn/1.18 libssh2/1.4.2" "-" "0.004" "10.201.30.11:8080"
101.95.165.34 - - [17/Jun/2017:13:48:11 +0800] "GET / HTTP/1.1" 301 178 "-" "Mozilla/5.0 (compatible; PRTG Network Monitor (www.paessler.com); Windows)" "-" "0.000" "-"
101.95.165.34 - - [17/Jun/2017:13:48:11 +0800] "GET /winerbond-site/ HTTP/1.1" 302 0 "-" "Mozilla/5.0 (compatible; PRTG Network Monitor (www.paessler.com); Windows)" "-" "0.003" "10.201.30.12:8080"
117.122.213.136 - - [17/Jun/2017:13:48:15 +0800] "HEAD /winerbond-site/api/querySocialInsurance HTTP/1.1" 405 0 "-" "curl/7.19.7 (x86_64-redhat-linux-gnu) libcurl/7.19.7 NSS/3.19.1 Basic ECC zlib/1.2.3 libidn/1.18 libssh2/1.4.2" "-" "0.003" "10.201.30.11:8080"
117.122.213.136 - - [17/Jun/2017:13:48:25 +0800] "HEAD /winerbond-site/api/querySocialInsurance HTTP/1.1" 405 0 "-" "curl/7.19.7 (x86_64-redhat-linux-gnu) libcurl/7.19.7 NSS/3.19.1 Basic ECC zlib/1.2.3 libidn/1.18 libssh2/1.4.2" "-" "0.004" "10.201.30.12:8080"
101.95.165.34 - - [17/Jun/2017:13:48:32 +0800] "GET / HTTP/1.1" 301 178 "-" "Mozilla/5.0 (compatible; PRTG Network Monitor (www.paessler.com); Windows)" "-" "0.000" "-"
101.95.165.34 - - [17/Jun/2017:13:48:32 +0800] "GET /winerbond-site/ HTTP/1.1" 302 0 "-" "Mozilla/5.0 (compatible; PRTG Network Monitor (www.paessler.com); Windows)" "-" "0.003" "10.201.30.12:8080"
117.122.213.136 - - [17/Jun/2017:13:48:49 +0800] "HEAD /winerbond-site/api/querySocialInsurance HTTP/1.1" 405 0 "-" "curl/7.19.7 (x86_64-redhat-linux-gnu) libcurl/7.19.7 NSS/3.19.1 Basic ECC zlib/1.2.3 libidn/1.18 libssh2/1.4.2" "-" "0.005" "10.201.30.11:8080"
101.95.165.34 - - [17/Jun/2017:13:48:53 +0800] "GET / HTTP/1.1" 301 178 "-" "Mozilla/5.0 (compatible; PRTG Network Monitor (www.paessler.com); Windows)" "-" "0.000" "-"
101.95.165.34 - - [17/Jun/2017:13:48:53 +0800] "GET /winerbond-site/ HTTP/1.1" 302 0 "-" "Mozilla/5.0 (compatible; PRTG Network Monitor (www.paessler.com); Windows)" "-" "0.011" "10.201.30.12:8080"
117.122.213.136 - - [17/Jun/2017:13:49:03 +0800] "HEAD /winerbond-site/api/querySocialInsurance HTTP/1.1" 405 0 "-" "curl/7.19.7 (x86_64-redhat-linux-gnu) libcurl/7.19.7 NSS/3.19.1 Basic ECC zlib/1.2.3 libidn/1.18 libssh2/1.4.2" "-" "0.003" "10.201.30.11:8080"
101.200.183.32 - - [17/Jun/2017:13:49:05 +0800] "POST /winerbond-site/api/winerbondLogin?login_name=shlj@portal.com&login_psw=Admin_123 HTTP/1.1" 200 82 "-" "Mozilla/5.0 (Windows NT 6.3; WOW64) AppleWebKit/537.36 (KHTML, like Gecko) Chrome/39.0.2171.71 Safari/537.36" "-" "0.667" "10.201.30.11:8080"
117.122.213.136 - - [17/Jun/2017:13:49:22 +0800] "HEAD /winerbond-site/api/querySocialInsurance HTTP/1.1" 405 0 "-" "curl/7.19.7 (x86_64-redhat-linux-gnu) libcurl/7.19.7 NSS/3.19.1 Basic ECC zlib/1.2.3 libidn/1.18 libssh2/1.4.2" "-" "0.004" "10.201.30.12:8080"
117.122.213.136 - - [17/Jun/2017:13:49:26 +0800] "HEAD /winerbond-site/api/querySocialInsurance HTTP/1.1" 405 0 "-" "curl/7.19.7 (x86_64-redhat-linux-gnu) libcurl/7.19.7 NSS/3.19.1 Basic ECC zlib/1.2.3 libidn/1.18 libssh2/1.4.2" "-" "0.004" "10.201.30.12:8080"
117.122.213.136 - - [17/Jun/2017:13:49:49 +0800] "HEAD /winerbond-site/api/querySocialInsurance HTTP/1.1" 405 0 "-" "curl/7.19.7 (x86_64-redhat-linux-gnu) libcurl/7.19.7 NSS/3.19.1 Basic ECC zlib/1.2.3 libidn/1.18 libssh2/1.4.2" "-" "0.004" "10.201.30.11:8080"
117.122.213.136 - - [17/Jun/2017:13:50:03 +0800] "HEAD /winerbond-site/api/querySocialInsurance HTTP/1.1" 405 0 "-" "curl/7.19.7 (x86_64-redhat-linux-gnu) libcurl/7.19.7 NSS/3.19.1 Basic ECC zlib/1.2.3 libidn/1.18 libssh2/1.4.2" "-" "0.004" "10.201.30.12:8080"
101.95.165.34 - - [17/Jun/2017:13:50:11 +0800] "GET / HTTP/1.1" 301 178 "-" "Mozilla/5.0 (compatible; PRTG Network Monitor (www.paessler.com); Windows)" "-" "0.000" "-"
101.95.165.34 - - [17/Jun/2017:13:50:11 +0800] "GET /winerbond-site/ HTTP/1.1" 302 0 "-" "Mozilla/5.0 (compatible; PRTG Network Monitor (www.paessler.com); Windows)" "-" "0.003" "10.201.30.11:8080"
117.122.213.136 - - [17/Jun/2017:13:50:26 +0800] "HEAD /winerbond-site/api/querySocialInsurance HTTP/1.1" 405 0 "-" "curl/7.19.7 (x86_64-redhat-linux-gnu) libcurl/7.19.7 NSS/3.19.1 Basic ECC zlib/1.2.3 libidn/1.18 libssh2/1.4.2" "-" "0.004" "10.201.30.11:8080"
117.122.213.136 - - [17/Jun/2017:13:50:28 +0800] "HEAD /winerbond-site/api/querySocialInsurance HTTP/1.1" 405 0 "-" "curl/7.19.7 (x86_64-redhat-linux-gnu) libcurl/7.19.7 NSS/3.19.1 Basic ECC zlib/1.2.3 libidn/1.18 libssh2/1.4.2" "-" "0.003" "10.201.30.12:8080"
101.95.165.34 - - [17/Jun/2017:13:50:32 +0800] "GET / HTTP/1.1" 301 178 "-" "Mozilla/5.0 (compatible; PRTG Network Monitor (www.paessler.com); Windows)" "-" "0.000" "-"
101.95.165.34 - - [17/Jun/2017:13:50:32 +0800] "GET /winerbond-site/ HTTP/1.1" 302 0 "-" "Mozilla/5.0 (compatible; PRTG Network Monitor (www.paessler.com); Windows)" "-" "0.005" "10.201.30.11:8080"
117.122.213.136 - - [17/Jun/2017:13:50:49 +0800] "HEAD /winerbond-site/api/querySocialInsurance HTTP/1.1" 405 0 "-" "curl/7.19.7 (x86_64-redhat-linux-gnu) libcurl/7.19.7 NSS/3.19.1 Basic ECC zlib/1.2.3 libidn/1.18 libssh2/1.4.2" "-" "0.004" "10.201.30.12:8080"
101.95.165.34 - - [17/Jun/2017:13:50:53 +0800] "GET / HTTP/1.1" 301 178 "-" "Mozilla/5.0 (compatible; PRTG Network Monitor (www.paessler.com); Windows)" "-" "0.000" "-"
101.95.165.34 - - [17/Jun/2017:13:50:53 +0800] "GET /winerbond-site/ HTTP/1.1" 302 0 "-" "Mozilla/5.0 (compatible; PRTG Network Monitor (www.paessler.com); Windows)" "-" "0.002" "10.201.30.12:8080"
117.122.213.136 - - [17/Jun/2017:13:51:03 +0800] "HEAD /winerbond-site/api/querySocialInsurance HTTP/1.1" 405 0 "-" "curl/7.19.7 (x86_64-redhat-linux-gnu) libcurl/7.19.7 NSS/3.19.1 Basic ECC zlib/1.2.3 libidn/1.18 libssh2/1.4.2" "-" "0.004" "10.201.30.11:8080"
117.122.213.136 - - [17/Jun/2017:13:51:26 +0800] "HEAD /winerbond-site/api/querySocialInsurance HTTP/1.1" 405 0 "-" "curl/7.19.7 (x86_64-redhat-linux-gnu) libcurl/7.19.7 NSS/3.19.1 Basic ECC zlib/1.2.3 libidn/1.18 libssh2/1.4.2" "-" "0.004" "10.201.30.12:8080"
117.122.213.136 - - [17/Jun/2017:13:51:34 +0800] "HEAD /winerbond-site/api/querySocialInsurance HTTP/1.1" 405 0 "-" "curl/7.19.7 (x86_64-redhat-linux-gnu) libcurl/7.19.7 NSS/3.19.1 Basic ECC zlib/1.2.3 libidn/1.18 libssh2/1.4.2" "-" "0.004" "10.201.30.11:8080"
117.122.213.136 - - [17/Jun/2017:13:51:49 +0800] "HEAD /winerbond-site/api/querySocialInsurance HTTP/1.1" 405 0 "-" "curl/7.19.7 (x86_64-redhat-linux-gnu) libcurl/7.19.7 NSS/3.19.1 Basic ECC zlib/1.2.3 libidn/1.18 libssh2/1.4.2" "-" "0.004" "10.201.30.12:8080"
117.122.213.136 - - [17/Jun/2017:13:52:03 +0800] "HEAD /winerbond-site/api/querySocialInsurance HTTP/1.1" 405 0 "-" "curl/7.19.7 (x86_64-redhat-linux-gnu) libcurl/7.19.7 NSS/3.19.1 Basic ECC zlib/1.2.3 libidn/1.18 libssh2/1.4.2" "-" "0.003" "10.201.30.11:8080"
101.95.165.34 - - [17/Jun/2017:13:52:11 +0800] "GET / HTTP/1.1" 301 178 "-" "Mozilla/5.0 (compatible; PRTG Network Monitor (www.paessler.com); Windows)" "-" "0.000" "-"
101.95.165.34 - - [17/Jun/2017:13:52:11 +0800] "GET /winerbond-site/ HTTP/1.1" 302 0 "-" "Mozilla/5.0 (compatible; PRTG Network Monitor (www.paessler.com); Windows)" "-" "0.002" "10.201.30.12:8080"
117.122.213.136 - - [17/Jun/2017:13:52:26 +0800] "HEAD /winerbond-site/api/querySocialInsurance HTTP/1.1" 405 0 "-" "curl/7.19.7 (x86_64-redhat-linux-gnu) libcurl/7.19.7 NSS/3.19.1 Basic ECC zlib/1.2.3 libidn/1.18 libssh2/1.4.2" "-" "0.004" "10.201.30.11:8080"
101.95.165.34 - - [17/Jun/2017:13:52:32 +0800] "GET / HTTP/1.1" 301 178 "-" "Mozilla/5.0 (compatible; PRTG Network Monitor (www.paessler.com); Windows)" "-" "0.000" "-"
101.95.165.34 - - [17/Jun/2017:13:52:32 +0800] "GET /winerbond-site/ HTTP/1.1" 302 0 "-" "Mozilla/5.0 (compatible; PRTG Network Monitor (www.paessler.com); Windows)" "-" "0.003" "10.201.30.11:8080"
117.122.213.136 - - [17/Jun/2017:13:52:40 +0800] "HEAD /winerbond-site/api/querySocialInsurance HTTP/1.1" 405 0 "-" "curl/7.19.7 (x86_64-redhat-linux-gnu) libcurl/7.19.7 NSS/3.19.1 Basic ECC zlib/1.2.3 libidn/1.18 libssh2/1.4.2" "-" "0.004" "10.201.30.12:8080"
117.122.213.136 - - [17/Jun/2017:13:52:49 +0800] "HEAD /winerbond-site/api/querySocialInsurance HTTP/1.1" 405 0 "-" "curl/7.19.7 (x86_64-redhat-linux-gnu) libcurl/7.19.7 NSS/3.19.1 Basic ECC zlib/1.2.3 libidn/1.18 libssh2/1.4.2" "-" "0.004" "10.201.30.11:8080"
101.95.165.34 - - [17/Jun/2017:13:52:53 +0800] "GET / HTTP/1.1" 301 178 "-" "Mozilla/5.0 (compatible; PRTG Network Monitor (www.paessler.com); Windows)" "-" "0.000" "-"
101.95.165.34 - - [17/Jun/2017:13:52:53 +0800] "GET /winerbond-site/ HTTP/1.1" 302 0 "-" "Mozilla/5.0 (compatible; PRTG Network Monitor (www.paessler.com); Windows)" "-" "0.004" "10.201.30.12:8080"
117.122.213.136 - - [17/Jun/2017:13:53:02 +0800] "HEAD /winerbond-site/api/querySocialInsurance HTTP/1.1" 405 0 "-" "curl/7.19.7 (x86_64-redhat-linux-gnu) libcurl/7.19.7 NSS/3.19.1 Basic ECC zlib/1.2.3 libidn/1.18 libssh2/1.4.2" "-" "0.004" "10.201.30.11:8080"
117.122.213.136 - - [17/Jun/2017:13:53:26 +0800] "HEAD /winerbond-site/api/querySocialInsurance HTTP/1.1" 405 0 "-" "curl/7.19.7 (x86_64-redhat-linux-gnu) libcurl/7.19.7 NSS/3.19.1 Basic ECC zlib/1.2.3 libidn/1.18 libssh2/1.4.2" "-" "0.004" "10.201.30.12:8080"
117.122.213.136 - - [17/Jun/2017:13:53:47 +0800] "HEAD /winerbond-site/api/querySocialInsurance HTTP/1.1" 405 0 "-" "curl/7.19.7 (x86_64-redhat-linux-gnu) libcurl/7.19.7 NSS/3.19.1 Basic ECC zlib/1.2.3 libidn/1.18 libssh2/1.4.2" "-" "0.005" "10.201.30.11:8080"
117.122.213.136 - - [17/Jun/2017:13:53:49 +0800] "HEAD /winerbond-site/api/querySocialInsurance HTTP/1.1" 405 0 "-" "curl/7.19.7 (x86_64-redhat-linux-gnu) libcurl/7.19.7 NSS/3.19.1 Basic ECC zlib/1.2.3 libidn/1.18 libssh2/1.4.2" "-" "0.004" "10.201.30.12:8080"
117.122.213.136 - - [17/Jun/2017:13:54:03 +0800] "HEAD /winerbond-site/api/querySocialInsurance HTTP/1.1" 405 0 "-" "curl/7.19.7 (x86_64-redhat-linux-gnu) libcurl/7.19.7 NSS/3.19.1 Basic ECC zlib/1.2.3 libidn/1.18 libssh2/1.4.2" "-" "0.008" "10.201.30.11:8080"
101.95.165.34 - - [17/Jun/2017:13:54:11 +0800] "GET / HTTP/1.1" 301 178 "-" "Mozilla/5.0 (compatible; PRTG Network Monitor (www.paessler.com); Windows)" "-" "0.000" "-"
101.95.165.34 - - [17/Jun/2017:13:54:11 +0800] "GET /winerbond-site/ HTTP/1.1" 302 0 "-" "Mozilla/5.0 (compatible; PRTG Network Monitor (www.paessler.com); Windows)" "-" "0.002" "10.201.30.12:8080"
117.122.213.136 - - [17/Jun/2017:13:54:26 +0800] "HEAD /winerbond-site/api/querySocialInsurance HTTP/1.1" 405 0 "-" "curl/7.19.7 (x86_64-redhat-linux-gnu) libcurl/7.19.7 NSS/3.19.1 Basic ECC zlib/1.2.3 libidn/1.18 libssh2/1.4.2" "-" "0.004" "10.201.30.11:8080"
220.184.201.244 - - [17/Jun/2017:13:54:32 +0800] "GET / HTTP/1.1" 301 178 "-" "Mozilla/5.0 (Windows NT 10.0; Win64; x64) AppleWebKit/537.36 (KHTML, like Gecko) Chrome/52.0.2743.116 Safari/537.36 Edge/15.15063" "-" "0.000" "-"
220.184.201.244 - - [17/Jun/2017:13:54:32 +0800] "GET /winerbond-site/ HTTP/1.1" 302 0 "-" "Mozilla/5.0 (Windows NT 10.0; Win64; x64) AppleWebKit/537.36 (KHTML, like Gecko) Chrome/52.0.2743.116 Safari/537.36 Edge/15.15063" "-" "0.002" "10.201.30.12:8080"
101.95.165.34 - - [17/Jun/2017:13:54:32 +0800] "GET / HTTP/1.1" 301 178 "-" "Mozilla/5.0 (compatible; PRTG Network Monitor (www.paessler.com); Windows)" "-" "0.000" "-"
101.95.165.34 - - [17/Jun/2017:13:54:32 +0800] "GET /winerbond-site/ HTTP/1.1" 302 0 "-" "Mozilla/5.0 (compatible; PRTG Network Monitor (www.paessler.com); Windows)" "-" "0.002" "10.201.30.12:8080"
101.95.165.34 - - [17/Jun/2017:13:54:33 +0800] "GET /winerbond-site/ HTTP/1.1" 302 0 "-" "Mozilla/5.0 (Windows NT 10.0; WOW64) AppleWebKit/537.36 (KHTML, like Gecko) Maxthon/4.9.3.1000 Chrome/39.0.2146.0 Safari/537.36" "-" "0.008" "10.201.30.11:8080"
117.122.213.136 - - [17/Jun/2017:13:54:49 +0800] "HEAD /winerbond-site/api/querySocialInsurance HTTP/1.1" 405 0 "-" "curl/7.19.7 (x86_64-redhat-linux-gnu) libcurl/7.19.7 NSS/3.19.1 Basic ECC zlib/1.2.3 libidn/1.18 libssh2/1.4.2" "-" "0.004" "10.201.30.11:8080"
117.122.213.136 - - [17/Jun/2017:13:54:53 +0800] "HEAD /winerbond-site/api/querySocialInsurance HTTP/1.1" 405 0 "-" "curl/7.19.7 (x86_64-redhat-linux-gnu) libcurl/7.19.7 NSS/3.19.1 Basic ECC zlib/1.2.3 libidn/1.18 libssh2/1.4.2" "-" "0.004" "10.201.30.12:8080"
101.95.165.34 - - [17/Jun/2017:13:54:53 +0800] "GET / HTTP/1.1" 301 178 "-" "Mozilla/5.0 (compatible; PRTG Network Monitor (www.paessler.com); Windows)" "-" "0.000" "-"
101.95.165.34 - - [17/Jun/2017:13:54:53 +0800] "GET /winerbond-site/ HTTP/1.1" 302 0 "-" "Mozilla/5.0 (compatible; PRTG Network Monitor (www.paessler.com); Windows)" "-" "0.003" "10.201.30.12:8080"
117.122.213.136 - - [17/Jun/2017:13:55:03 +0800] "HEAD /winerbond-site/api/querySocialInsurance HTTP/1.1" 405 0 "-" "curl/7.19.7 (x86_64-redhat-linux-gnu) libcurl/7.19.7 NSS/3.19.1 Basic ECC zlib/1.2.3 libidn/1.18 libssh2/1.4.2" "-" "0.004" "10.201.30.11:8080"
220.184.201.244 - - [17/Jun/2017:13:55:16 +0800] "GET /winerbond-site/ HTTP/1.1" 302 0 "-" "Mozilla/5.0 (Macintosh; Intel Mac OS X 10_12_5) AppleWebKit/537.36 (KHTML, like Gecko) Chrome/58.0.3029.110 Safari/537.36" "-" "0.003" "10.201.30.12:8080"
117.122.213.136 - - [17/Jun/2017:13:55:26 +0800] "HEAD /winerbond-site/api/querySocialInsurance HTTP/1.1" 405 0 "-" "curl/7.19.7 (x86_64-redhat-linux-gnu) libcurl/7.19.7 NSS/3.19.1 Basic ECC zlib/1.2.3 libidn/1.18 libssh2/1.4.2" "-" "0.004" "10.201.30.11:8080"
220.184.201.244 - - [17/Jun/2017:13:55:38 +0800] "GET /winerbond-site/ HTTP/1.1" 302 0 "-" "Mozilla/5.0 (Macintosh; Intel Mac OS X 10_12_5) AppleWebKit/537.36 (KHTML, like Gecko) Chrome/58.0.3029.110 Safari/537.36" "-" "0.003" "10.201.30.12:8080"
117.122.213.136 - - [17/Jun/2017:13:55:49 +0800] "HEAD /winerbond-site/api/querySocialInsurance HTTP/1.1" 405 0 "-" "curl/7.19.7 (x86_64-redhat-linux-gnu) libcurl/7.19.7 NSS/3.19.1 Basic ECC zlib/1.2.3 libidn/1.18 libssh2/1.4.2" "-" "0.005" "10.201.30.11:8080"
117.122.213.136 - - [17/Jun/2017:13:55:59 +0800] "HEAD /winerbond-site/api/querySocialInsurance HTTP/1.1" 405 0 "-" "curl/7.19.7 (x86_64-redhat-linux-gnu) libcurl/7.19.7 NSS/3.19.1 Basic ECC zlib/1.2.3 libidn/1.18 libssh2/1.4.2" "-" "0.004" "10.201.30.12:8080"
117.122.213.136 - - [17/Jun/2017:13:56:03 +0800] "HEAD /winerbond-site/api/querySocialInsurance HTTP/1.1" 405 0 "-" "curl/7.19.7 (x86_64-redhat-linux-gnu) libcurl/7.19.7 NSS/3.19.1 Basic ECC zlib/1.2.3 libidn/1.18 libssh2/1.4.2" "-" "0.004" "10.201.30.11:8080"
101.95.165.34 - - [17/Jun/2017:13:56:11 +0800] "GET / HTTP/1.1" 301 178 "-" "Mozilla/5.0 (compatible; PRTG Network Monitor (www.paessler.com); Windows)" "-" "0.000" "-"
101.95.165.34 - - [17/Jun/2017:13:56:11 +0800] "GET /winerbond-site/ HTTP/1.1" 302 0 "-" "Mozilla/5.0 (compatible; PRTG Network Monitor (www.paessler.com); Windows)" "-" "0.002" "10.201.30.12:8080"
117.122.213.136 - - [17/Jun/2017:13:56:26 +0800] "HEAD /winerbond-site/api/querySocialInsurance HTTP/1.1" 405 0 "-" "curl/7.19.7 (x86_64-redhat-linux-gnu) libcurl/7.19.7 NSS/3.19.1 Basic ECC zlib/1.2.3 libidn/1.18 libssh2/1.4.2" "-" "0.004" "10.201.30.11:8080"
101.95.165.34 - - [17/Jun/2017:13:56:33 +0800] "GET / HTTP/1.1" 301 178 "-" "Mozilla/5.0 (compatible; PRTG Network Monitor (www.paessler.com); Windows)" "-" "0.000" "-"
101.95.165.34 - - [17/Jun/2017:13:56:33 +0800] "GET /winerbond-site/ HTTP/1.1" 302 0 "-" "Mozilla/5.0 (compatible; PRTG Network Monitor (www.paessler.com); Windows)" "-" "0.003" "10.201.30.11:8080"
117.122.213.136 - - [17/Jun/2017:13:56:49 +0800] "HEAD /winerbond-site/api/querySocialInsurance HTTP/1.1" 405 0 "-" "curl/7.19.7 (x86_64-redhat-linux-gnu) libcurl/7.19.7 NSS/3.19.1 Basic ECC zlib/1.2.3 libidn/1.18 libssh2/1.4.2" "-" "0.004" "10.201.30.12:8080"
101.95.165.34 - - [17/Jun/2017:13:56:54 +0800] "GET / HTTP/1.1" 301 178 "-" "Mozilla/5.0 (compatible; PRTG Network Monitor (www.paessler.com); Windows)" "-" "0.000" "-"
101.95.165.34 - - [17/Jun/2017:13:56:54 +0800] "GET /winerbond-site/ HTTP/1.1" 302 0 "-" "Mozilla/5.0 (compatible; PRTG Network Monitor (www.paessler.com); Windows)" "-" "0.003" "10.201.30.12:8080"
117.122.213.136 - - [17/Jun/2017:13:57:03 +0800] "HEAD /winerbond-site/api/querySocialInsurance HTTP/1.1" 405 0 "-" "curl/7.19.7 (x86_64-redhat-linux-gnu) libcurl/7.19.7 NSS/3.19.1 Basic ECC zlib/1.2.3 libidn/1.18 libssh2/1.4.2" "-" "0.003" "10.201.30.11:8080"
117.122.213.136 - - [17/Jun/2017:13:57:05 +0800] "HEAD /winerbond-site/api/querySocialInsurance HTTP/1.1" 405 0 "-" "curl/7.19.7 (x86_64-redhat-linux-gnu) libcurl/7.19.7 NSS/3.19.1 Basic ECC zlib/1.2.3 libidn/1.18 libssh2/1.4.2" "-" "0.004" "10.201.30.11:8080"
117.122.213.136 - - [17/Jun/2017:13:57:25 +0800] "HEAD /winerbond-site/api/querySocialInsurance HTTP/1.1" 405 0 "-" "curl/7.19.7 (x86_64-redhat-linux-gnu) libcurl/7.19.7 NSS/3.19.1 Basic ECC zlib/1.2.3 libidn/1.18 libssh2/1.4.2" "-" "0.003" "10.201.30.12:8080"
117.122.213.136 - - [17/Jun/2017:13:57:48 +0800] "HEAD /winerbond-site/api/querySocialInsurance HTTP/1.1" 405 0 "-" "curl/7.19.7 (x86_64-redhat-linux-gnu) libcurl/7.19.7 NSS/3.19.1 Basic ECC zlib/1.2.3 libidn/1.18 libssh2/1.4.2" "-" "0.003" "10.201.30.12:8080"
117.122.213.136 - - [17/Jun/2017:13:58:03 +0800] "HEAD /winerbond-site/api/querySocialInsurance HTTP/1.1" 405 0 "-" "curl/7.19.7 (x86_64-redhat-linux-gnu) libcurl/7.19.7 NSS/3.19.1 Basic ECC zlib/1.2.3 libidn/1.18 libssh2/1.4.2" "-" "0.005" "10.201.30.11:8080"
117.122.213.136 - - [17/Jun/2017:13:58:11 +0800] "HEAD /winerbond-site/api/querySocialInsurance HTTP/1.1" 405 0 "-" "curl/7.19.7 (x86_64-redhat-linux-gnu) libcurl/7.19.7 NSS/3.19.1 Basic ECC zlib/1.2.3 libidn/1.18 libssh2/1.4.2" "-" "0.004" "10.201.30.12:8080"
101.95.165.34 - - [17/Jun/2017:13:58:11 +0800] "GET / HTTP/1.1" 301 178 "-" "Mozilla/5.0 (compatible; PRTG Network Monitor (www.paessler.com); Windows)" "-" "0.000" "-"
101.95.165.34 - - [17/Jun/2017:13:58:11 +0800] "GET /winerbond-site/ HTTP/1.1" 302 0 "-" "Mozilla/5.0 (compatible; PRTG Network Monitor (www.paessler.com); Windows)" "-" "0.003" "10.201.30.11:8080"
117.122.213.136 - - [17/Jun/2017:13:58:25 +0800] "HEAD /winerbond-site/api/querySocialInsurance HTTP/1.1" 405 0 "-" "curl/7.19.7 (x86_64-redhat-linux-gnu) libcurl/7.19.7 NSS/3.19.1 Basic ECC zlib/1.2.3 libidn/1.18 libssh2/1.4.2" "-" "0.012" "10.201.30.11:8080"
101.95.165.34 - - [17/Jun/2017:13:58:32 +0800] "GET / HTTP/1.1" 301 178 "-" "Mozilla/5.0 (compatible; PRTG Network Monitor (www.paessler.com); Windows)" "-" "0.000" "-"
101.95.165.34 - - [17/Jun/2017:13:58:32 +0800] "GET /winerbond-site/ HTTP/1.1" 302 0 "-" "Mozilla/5.0 (compatible; PRTG Network Monitor (www.paessler.com); Windows)" "-" "0.003" "10.201.30.12:8080"
117.122.213.136 - - [17/Jun/2017:13:58:49 +0800] "HEAD /winerbond-site/api/querySocialInsurance HTTP/1.1" 405 0 "-" "curl/7.19.7 (x86_64-redhat-linux-gnu) libcurl/7.19.7 NSS/3.19.1 Basic ECC zlib/1.2.3 libidn/1.18 libssh2/1.4.2" "-" "0.004" "10.201.30.12:8080"
101.95.165.34 - - [17/Jun/2017:13:58:53 +0800] "GET / HTTP/1.1" 301 178 "-" "Mozilla/5.0 (compatible; PRTG Network Monitor (www.paessler.com); Windows)" "-" "0.000" "-"
101.95.165.34 - - [17/Jun/2017:13:58:53 +0800] "GET /winerbond-site/ HTTP/1.1" 302 0 "-" "Mozilla/5.0 (compatible; PRTG Network Monitor (www.paessler.com); Windows)" "-" "0.003" "10.201.30.11:8080"
117.122.213.136 - - [17/Jun/2017:13:59:03 +0800] "HEAD /winerbond-site/api/querySocialInsurance HTTP/1.1" 405 0 "-" "curl/7.19.7 (x86_64-redhat-linux-gnu) libcurl/7.19.7 NSS/3.19.1 Basic ECC zlib/1.2.3 libidn/1.18 libssh2/1.4.2" "-" "0.004" "10.201.30.12:8080"
117.122.213.136 - - [17/Jun/2017:13:59:16 +0800] "HEAD /winerbond-site/api/querySocialInsurance HTTP/1.1" 405 0 "-" "curl/7.19.7 (x86_64-redhat-linux-gnu) libcurl/7.19.7 NSS/3.19.1 Basic ECC zlib/1.2.3 libidn/1.18 libssh2/1.4.2" "-" "0.004" "10.201.30.11:8080"
117.122.213.136 - - [17/Jun/2017:13:59:26 +0800] "HEAD /winerbond-site/api/querySocialInsurance HTTP/1.1" 405 0 "-" "curl/7.19.7 (x86_64-redhat-linux-gnu) libcurl/7.19.7 NSS/3.19.1 Basic ECC zlib/1.2.3 libidn/1.18 libssh2/1.4.2" "-" "0.004" "10.201.30.12:8080"
117.122.213.136 - - [17/Jun/2017:13:59:49 +0800] "HEAD /winerbond-site/api/querySocialInsurance HTTP/1.1" 405 0 "-" "curl/7.19.7 (x86_64-redhat-linux-gnu) libcurl/7.19.7 NSS/3.19.1 Basic ECC zlib/1.2.3 libidn/1.18 libssh2/1.4.2" "-" "0.004" "10.201.30.11:8080"
117.122.213.136 - - [17/Jun/2017:14:00:03 +0800] "HEAD /winerbond-site/api/querySocialInsurance HTTP/1.1" 405 0 "-" "curl/7.19.7 (x86_64-redhat-linux-gnu) libcurl/7.19.7 NSS/3.19.1 Basic ECC zlib/1.2.3 libidn/1.18 libssh2/1.4.2" "-" "0.003" "10.201.30.12:8080"
101.95.165.34 - - [17/Jun/2017:14:00:11 +0800] "GET / HTTP/1.1" 301 178 "-" "Mozilla/5.0 (compatible; PRTG Network Monitor (www.paessler.com); Windows)" "-" "0.000" "-"
101.95.165.34 - - [17/Jun/2017:14:00:11 +0800] "GET /winerbond-site/ HTTP/1.1" 302 0 "-" "Mozilla/5.0 (compatible; PRTG Network Monitor (www.paessler.com); Windows)" "-" "0.003" "10.201.30.11:8080"
123.59.41.33 - - [17/Jun/2017:14:00:16 +0800] "POST /winerbond-site/creditreportApi/winerbondLogin HTTP/1.1" 200 82 "-" "Apache-HttpClient/4.4.1 (Java/1.7.0_67)" "-" "0.582" "10.201.30.12:8080"
117.122.213.136 - - [17/Jun/2017:14:00:22 +0800] "HEAD /winerbond-site/api/querySocialInsurance HTTP/1.1" 405 0 "-" "curl/7.19.7 (x86_64-redhat-linux-gnu) libcurl/7.19.7 NSS/3.19.1 Basic ECC zlib/1.2.3 libidn/1.18 libssh2/1.4.2" "-" "0.004" "10.201.30.11:8080"
117.122.213.136 - - [17/Jun/2017:14:00:26 +0800] "HEAD /winerbond-site/api/querySocialInsurance HTTP/1.1" 405 0 "-" "curl/7.19.7 (x86_64-redhat-linux-gnu) libcurl/7.19.7 NSS/3.19.1 Basic ECC zlib/1.2.3 libidn/1.18 libssh2/1.4.2" "-" "0.004" "10.201.30.12:8080"
101.95.165.34 - - [17/Jun/2017:14:00:32 +0800] "GET / HTTP/1.1" 301 178 "-" "Mozilla/5.0 (compatible; PRTG Network Monitor (www.paessler.com); Windows)" "-" "0.000" "-"
101.95.165.34 - - [17/Jun/2017:14:00:32 +0800] "GET /winerbond-site/ HTTP/1.1" 302 0 "-" "Mozilla/5.0 (compatible; PRTG Network Monitor (www.paessler.com); Windows)" "-" "0.003" "10.201.30.12:8080"
123.59.41.33 - - [17/Jun/2017:14:00:37 +0800] "POST /winerbond-site/api/querySocialInsurance HTTP/1.1" 200 77 "-" "Apache-HttpClient/4.4.1 (Java/1.7.0_67)" "-" "20.967" "10.201.30.11:8080"
117.122.213.136 - - [17/Jun/2017:14:00:49 +0800] "HEAD /winerbond-site/api/querySocialInsurance HTTP/1.1" 405 0 "-" "curl/7.19.7 (x86_64-redhat-linux-gnu) libcurl/7.19.7 NSS/3.19.1 Basic ECC zlib/1.2.3 libidn/1.18 libssh2/1.4.2" "-" "0.004" "10.201.30.11:8080"
101.95.165.34 - - [17/Jun/2017:14:00:53 +0800] "GET / HTTP/1.1" 301 178 "-" "Mozilla/5.0 (compatible; PRTG Network Monitor (www.paessler.com); Windows)" "-" "0.000" "-"
101.95.165.34 - - [17/Jun/2017:14:00:53 +0800] "GET /winerbond-site/ HTTP/1.1" 302 0 "-" "Mozilla/5.0 (compatible; PRTG Network Monitor (www.paessler.com); Windows)" "-" "0.002" "10.201.30.12:8080"
117.122.213.136 - - [17/Jun/2017:14:01:03 +0800] "HEAD /winerbond-site/api/querySocialInsurance HTTP/1.1" 405 0 "-" "curl/7.19.7 (x86_64-redhat-linux-gnu) libcurl/7.19.7 NSS/3.19.1 Basic ECC zlib/1.2.3 libidn/1.18 libssh2/1.4.2" "-" "0.004" "10.201.30.11:8080"
117.122.213.136 - - [17/Jun/2017:14:01:26 +0800] "HEAD /winerbond-site/api/querySocialInsurance HTTP/1.1" 405 0 "-" "curl/7.19.7 (x86_64-redhat-linux-gnu) libcurl/7.19.7 NSS/3.19.1 Basic ECC zlib/1.2.3 libidn/1.18 libssh2/1.4.2" "-" "0.003" "10.201.30.11:8080"
117.122.213.136 - - [17/Jun/2017:14:01:28 +0800] "HEAD /winerbond-site/api/querySocialInsurance HTTP/1.1" 405 0 "-" "curl/7.19.7 (x86_64-redhat-linux-gnu) libcurl/7.19.7 NSS/3.19.1 Basic ECC zlib/1.2.3 libidn/1.18 libssh2/1.4.2" "-" "0.004" "10.201.30.12:8080"
117.122.213.136 - - [17/Jun/2017:14:01:49 +0800] "HEAD /winerbond-site/api/querySocialInsurance HTTP/1.1" 405 0 "-" "curl/7.19.7 (x86_64-redhat-linux-gnu) libcurl/7.19.7 NSS/3.19.1 Basic ECC zlib/1.2.3 libidn/1.18 libssh2/1.4.2" "-" "0.003" "10.201.30.11:8080"
117.122.213.136 - - [17/Jun/2017:14:02:03 +0800] "HEAD /winerbond-site/api/querySocialInsurance HTTP/1.1" 405 0 "-" "curl/7.19.7 (x86_64-redhat-linux-gnu) libcurl/7.19.7 NSS/3.19.1 Basic ECC zlib/1.2.3 libidn/1.18 libssh2/1.4.2" "-" "0.004" "10.201.30.12:8080"
101.95.165.34 - - [17/Jun/2017:14:02:11 +0800] "GET / HTTP/1.1" 301 178 "-" "Mozilla/5.0 (compatible; PRTG Network Monitor (www.paessler.com); Windows)" "-" "0.000" "-"
101.95.165.34 - - [17/Jun/2017:14:02:11 +0800] "GET /winerbond-site/ HTTP/1.1" 302 0 "-" "Mozilla/5.0 (compatible; PRTG Network Monitor (www.paessler.com); Windows)" "-" "0.003" "10.201.30.11:8080"
117.122.213.136 - - [17/Jun/2017:14:02:26 +0800] "HEAD /winerbond-site/api/querySocialInsurance HTTP/1.1" 405 0 "-" "curl/7.19.7 (x86_64-redhat-linux-gnu) libcurl/7.19.7 NSS/3.19.1 Basic ECC zlib/1.2.3 libidn/1.18 libssh2/1.4.2" "-" "0.004" "10.201.30.12:8080"
101.95.165.34 - - [17/Jun/2017:14:02:32 +0800] "GET / HTTP/1.1" 301 178 "-" "Mozilla/5.0 (compatible; PRTG Network Monitor (www.paessler.com); Windows)" "-" "0.000" "-"
101.95.165.34 - - [17/Jun/2017:14:02:32 +0800] "GET /winerbond-site/ HTTP/1.1" 302 0 "-" "Mozilla/5.0 (compatible; PRTG Network Monitor (www.paessler.com); Windows)" "-" "0.002" "10.201.30.11:8080"
117.122.213.136 - - [17/Jun/2017:14:02:34 +0800] "HEAD /winerbond-site/api/querySocialInsurance HTTP/1.1" 405 0 "-" "curl/7.19.7 (x86_64-redhat-linux-gnu) libcurl/7.19.7 NSS/3.19.1 Basic ECC zlib/1.2.3 libidn/1.18 libssh2/1.4.2" "-" "0.004" "10.201.30.12:8080"
117.122.213.136 - - [17/Jun/2017:14:02:49 +0800] "HEAD /winerbond-site/api/querySocialInsurance HTTP/1.1" 405 0 "-" "curl/7.19.7 (x86_64-redhat-linux-gnu) libcurl/7.19.7 NSS/3.19.1 Basic ECC zlib/1.2.3 libidn/1.18 libssh2/1.4.2" "-" "0.004" "10.201.30.11:8080"
101.95.165.34 - - [17/Jun/2017:14:02:53 +0800] "GET / HTTP/1.1" 301 178 "-" "Mozilla/5.0 (compatible; PRTG Network Monitor (www.paessler.com); Windows)" "-" "0.000" "-"
101.95.165.34 - - [17/Jun/2017:14:02:53 +0800] "GET /winerbond-site/ HTTP/1.1" 302 0 "-" "Mozilla/5.0 (compatible; PRTG Network Monitor (www.paessler.com); Windows)" "-" "0.008" "10.201.30.12:8080"
117.122.213.136 - - [17/Jun/2017:14:03:03 +0800] "HEAD /winerbond-site/api/querySocialInsurance HTTP/1.1" 405 0 "-" "curl/7.19.7 (x86_64-redhat-linux-gnu) libcurl/7.19.7 NSS/3.19.1 Basic ECC zlib/1.2.3 libidn/1.18 libssh2/1.4.2" "-" "0.004" "10.201.30.11:8080"
117.122.213.136 - - [17/Jun/2017:14:03:26 +0800] "HEAD /winerbond-site/api/querySocialInsurance HTTP/1.1" 405 0 "-" "curl/7.19.7 (x86_64-redhat-linux-gnu) libcurl/7.19.7 NSS/3.19.1 Basic ECC zlib/1.2.3 libidn/1.18 libssh2/1.4.2" "-" "0.004" "10.201.30.12:8080"
117.122.213.136 - - [17/Jun/2017:14:03:40 +0800] "HEAD /winerbond-site/api/querySocialInsurance HTTP/1.1" 405 0 "-" "curl/7.19.7 (x86_64-redhat-linux-gnu) libcurl/7.19.7 NSS/3.19.1 Basic ECC zlib/1.2.3 libidn/1.18 libssh2/1.4.2" "-" "0.015" "10.201.30.12:8080"
117.122.213.136 - - [17/Jun/2017:14:03:48 +0800] "HEAD /winerbond-site/api/querySocialInsurance HTTP/1.1" 405 0 "-" "curl/7.19.7 (x86_64-redhat-linux-gnu) libcurl/7.19.7 NSS/3.19.1 Basic ECC zlib/1.2.3 libidn/1.18 libssh2/1.4.2" "-" "0.004" "10.201.30.11:8080"
117.122.213.136 - - [17/Jun/2017:14:04:03 +0800] "HEAD /winerbond-site/api/querySocialInsurance HTTP/1.1" 405 0 "-" "curl/7.19.7 (x86_64-redhat-linux-gnu) libcurl/7.19.7 NSS/3.19.1 Basic ECC zlib/1.2.3 libidn/1.18 libssh2/1.4.2" "-" "0.004" "10.201.30.11:8080"
101.95.165.34 - - [17/Jun/2017:14:04:11 +0800] "GET / HTTP/1.1" 301 178 "-" "Mozilla/5.0 (compatible; PRTG Network Monitor (www.paessler.com); Windows)" "-" "0.000" "-"
101.95.165.34 - - [17/Jun/2017:14:04:11 +0800] "GET /winerbond-site/ HTTP/1.1" 302 0 "-" "Mozilla/5.0 (compatible; PRTG Network Monitor (www.paessler.com); Windows)" "-" "0.002" "10.201.30.12:8080"
117.122.213.136 - - [17/Jun/2017:14:04:26 +0800] "HEAD /winerbond-site/api/querySocialInsurance HTTP/1.1" 405 0 "-" "curl/7.19.7 (x86_64-redhat-linux-gnu) libcurl/7.19.7 NSS/3.19.1 Basic ECC zlib/1.2.3 libidn/1.18 libssh2/1.4.2" "-" "0.004" "10.201.30.11:8080"
101.95.165.34 - - [17/Jun/2017:14:04:32 +0800] "GET / HTTP/1.1" 301 178 "-" "Mozilla/5.0 (compatible; PRTG Network Monitor (www.paessler.com); Windows)" "-" "0.000" "-"
101.95.165.34 - - [17/Jun/2017:14:04:32 +0800] "GET /winerbond-site/ HTTP/1.1" 302 0 "-" "Mozilla/5.0 (compatible; PRTG Network Monitor (www.paessler.com); Windows)" "-" "0.003" "10.201.30.12:8080"
117.122.213.136 - - [17/Jun/2017:14:04:45 +0800] "HEAD /winerbond-site/api/querySocialInsurance HTTP/1.1" 405 0 "-" "curl/7.19.7 (x86_64-redhat-linux-gnu) libcurl/7.19.7 NSS/3.19.1 Basic ECC zlib/1.2.3 libidn/1.18 libssh2/1.4.2" "-" "0.004" "10.201.30.11:8080"
117.122.213.136 - - [17/Jun/2017:14:04:49 +0800] "HEAD /winerbond-site/api/querySocialInsurance HTTP/1.1" 405 0 "-" "curl/7.19.7 (x86_64-redhat-linux-gnu) libcurl/7.19.7 NSS/3.19.1 Basic ECC zlib/1.2.3 libidn/1.18 libssh2/1.4.2" "-" "0.004" "10.201.30.12:8080"
101.95.165.34 - - [17/Jun/2017:14:04:53 +0800] "GET / HTTP/1.1" 301 178 "-" "Mozilla/5.0 (compatible; PRTG Network Monitor (www.paessler.com); Windows)" "-" "0.000" "-"
101.95.165.34 - - [17/Jun/2017:14:04:53 +0800] "GET /winerbond-site/ HTTP/1.1" 302 0 "-" "Mozilla/5.0 (compatible; PRTG Network Monitor (www.paessler.com); Windows)" "-" "0.003" "10.201.30.11:8080"
101.229.72.137 - - [17/Jun/2017:14:04:55 +0800] "GET / HTTP/1.1" 301 178 "-" "Mozilla/5.0 (Macintosh; Intel Mac OS X 10_12_4) AppleWebKit/537.36 (KHTML, like Gecko) Chrome/59.0.3071.104 Safari/537.36" "-" "0.000" "-"
101.229.72.137 - - [17/Jun/2017:14:04:55 +0800] "GET /winerbond-site/ HTTP/1.1" 302 0 "-" "Mozilla/5.0 (Macintosh; Intel Mac OS X 10_12_4) AppleWebKit/537.36 (KHTML, like Gecko) Chrome/59.0.3071.104 Safari/537.36" "-" "0.003" "10.201.30.12:8080"
101.229.72.137 - - [17/Jun/2017:14:04:55 +0800] "GET /winerbond-site/login HTTP/1.1" 200 2395 "-" "Mozilla/5.0 (Macintosh; Intel Mac OS X 10_12_4) AppleWebKit/537.36 (KHTML, like Gecko) Chrome/59.0.3071.104 Safari/537.36" "-" "0.006" "10.201.30.11:8080"
101.229.72.137 - - [17/Jun/2017:14:04:56 +0800] "GET /winerbond-site/static/bc/plugin/bootstrap/css/bootstrap.custom.css HTTP/1.1" 200 404 "https://portal.winerbond.com/winerbond-site/login" "Mozilla/5.0 (Macintosh; Intel Mac OS X 10_12_4) AppleWebKit/537.36 (KHTML, like Gecko) Chrome/59.0.3071.104 Safari/537.36" "-" "0.005" "10.201.30.12:8080"
101.229.72.137 - - [17/Jun/2017:14:05:00 +0800] "GET /winerbond-site/login HTTP/1.1" 200 2395 "-" "Mozilla/5.0 (Macintosh; Intel Mac OS X 10_12_4) AppleWebKit/537.36 (KHTML, like Gecko) Chrome/59.0.3071.104 Safari/537.36" "-" "0.006" "10.201.30.11:8080"
117.122.213.136 - - [17/Jun/2017:14:05:03 +0800] "HEAD /winerbond-site/api/querySocialInsurance HTTP/1.1" 405 0 "-" "curl/7.19.7 (x86_64-redhat-linux-gnu) libcurl/7.19.7 NSS/3.19.1 Basic ECC zlib/1.2.3 libidn/1.18 libssh2/1.4.2" "-" "0.004" "10.201.30.12:8080"
117.122.213.136 - - [17/Jun/2017:14:05:25 +0800] "HEAD /winerbond-site/api/querySocialInsurance HTTP/1.1" 405 0 "-" "curl/7.19.7 (x86_64-redhat-linux-gnu) libcurl/7.19.7 NSS/3.19.1 Basic ECC zlib/1.2.3 libidn/1.18 libssh2/1.4.2" "-" "0.004" "10.201.30.12:8080"
117.122.213.136 - - [17/Jun/2017:14:05:49 +0800] "HEAD /winerbond-site/api/querySocialInsurance HTTP/1.1" 405 0 "-" "curl/7.19.7 (x86_64-redhat-linux-gnu) libcurl/7.19.7 NSS/3.19.1 Basic ECC zlib/1.2.3 libidn/1.18 libssh2/1.4.2" "-" "0.004" "10.201.30.11:8080"
117.122.213.136 - - [17/Jun/2017:14:05:51 +0800] "HEAD /winerbond-site/api/querySocialInsurance HTTP/1.1" 405 0 "-" "curl/7.19.7 (x86_64-redhat-linux-gnu) libcurl/7.19.7 NSS/3.19.1 Basic ECC zlib/1.2.3 libidn/1.18 libssh2/1.4.2" "-" "0.004" "10.201.30.12:8080"
117.122.213.136 - - [17/Jun/2017:14:06:03 +0800] "HEAD /winerbond-site/api/querySocialInsurance HTTP/1.1" 405 0 "-" "curl/7.19.7 (x86_64-redhat-linux-gnu) libcurl/7.19.7 NSS/3.19.1 Basic ECC zlib/1.2.3 libidn/1.18 libssh2/1.4.2" "-" "0.004" "10.201.30.11:8080"
101.95.165.34 - - [17/Jun/2017:14:06:11 +0800] "GET / HTTP/1.1" 301 178 "-" "Mozilla/5.0 (compatible; PRTG Network Monitor (www.paessler.com); Windows)" "-" "0.000" "-"
101.95.165.34 - - [17/Jun/2017:14:06:11 +0800] "GET /winerbond-site/ HTTP/1.1" 302 0 "-" "Mozilla/5.0 (compatible; PRTG Network Monitor (www.paessler.com); Windows)" "-" "0.003" "10.201.30.11:8080"
117.122.213.136 - - [17/Jun/2017:14:06:25 +0800] "HEAD /winerbond-site/api/querySocialInsurance HTTP/1.1" 405 0 "-" "curl/7.19.7 (x86_64-redhat-linux-gnu) libcurl/7.19.7 NSS/3.19.1 Basic ECC zlib/1.2.3 libidn/1.18 libssh2/1.4.2" "-" "0.004" "10.201.30.12:8080"
101.95.165.34 - - [17/Jun/2017:14:06:32 +0800] "GET / HTTP/1.1" 301 178 "-" "Mozilla/5.0 (compatible; PRTG Network Monitor (www.paessler.com); Windows)" "-" "0.000" "-"
101.95.165.34 - - [17/Jun/2017:14:06:32 +0800] "GET /winerbond-site/ HTTP/1.1" 302 0 "-" "Mozilla/5.0 (compatible; PRTG Network Monitor (www.paessler.com); Windows)" "-" "0.003" "10.201.30.11:8080"
117.122.213.136 - - [17/Jun/2017:14:06:49 +0800] "HEAD /winerbond-site/api/querySocialInsurance HTTP/1.1" 405 0 "-" "curl/7.19.7 (x86_64-redhat-linux-gnu) libcurl/7.19.7 NSS/3.19.1 Basic ECC zlib/1.2.3 libidn/1.18 libssh2/1.4.2" "-" "0.008" "10.201.30.12:8080"
101.95.165.34 - - [17/Jun/2017:14:06:53 +0800] "GET / HTTP/1.1" 301 178 "-" "Mozilla/5.0 (compatible; PRTG Network Monitor (www.paessler.com); Windows)" "-" "0.000" "-"
101.95.165.34 - - [17/Jun/2017:14:06:53 +0800] "GET /winerbond-site/ HTTP/1.1" 302 0 "-" "Mozilla/5.0 (compatible; PRTG Network Monitor (www.paessler.com); Windows)" "-" "0.008" "10.201.30.12:8080"
117.122.213.136 - - [17/Jun/2017:14:06:57 +0800] "HEAD /winerbond-site/api/querySocialInsurance HTTP/1.1" 405 0 "-" "curl/7.19.7 (x86_64-redhat-linux-gnu) libcurl/7.19.7 NSS/3.19.1 Basic ECC zlib/1.2.3 libidn/1.18 libssh2/1.4.2" "-" "0.004" "10.201.30.11:8080"
117.122.213.136 - - [17/Jun/2017:14:07:02 +0800] "HEAD /winerbond-site/api/querySocialInsurance HTTP/1.1" 405 0 "-" "curl/7.19.7 (x86_64-redhat-linux-gnu) libcurl/7.19.7 NSS/3.19.1 Basic ECC zlib/1.2.3 libidn/1.18 libssh2/1.4.2" "-" "0.004" "10.201.30.11:8080"
101.200.183.32 - - [17/Jun/2017:14:07:07 +0800] "POST /winerbond-site/api/winerbondLogin?login_name=shlj@portal.com&login_psw=Admin_123 HTTP/1.1" 200 82 "-" "Mozilla/5.0 (Windows NT 6.3; WOW64) AppleWebKit/537.36 (KHTML, like Gecko) Chrome/39.0.2171.71 Safari/537.36" "-" "0.851" "10.201.30.12:8080"
117.122.213.136 - - [17/Jun/2017:14:07:25 +0800] "HEAD /winerbond-site/api/querySocialInsurance HTTP/1.1" 405 0 "-" "curl/7.19.7 (x86_64-redhat-linux-gnu) libcurl/7.19.7 NSS/3.19.1 Basic ECC zlib/1.2.3 libidn/1.18 libssh2/1.4.2" "-" "0.004" "10.201.30.11:8080"
117.122.213.136 - - [17/Jun/2017:14:07:49 +0800] "HEAD /winerbond-site/api/querySocialInsurance HTTP/1.1" 405 0 "-" "curl/7.19.7 (x86_64-redhat-linux-gnu) libcurl/7.19.7 NSS/3.19.1 Basic ECC zlib/1.2.3 libidn/1.18 libssh2/1.4.2" "-" "0.004" "10.201.30.12:8080"
117.122.213.136 - - [17/Jun/2017:14:08:03 +0800] "HEAD /winerbond-site/api/querySocialInsurance HTTP/1.1" 405 0 "-" "curl/7.19.7 (x86_64-redhat-linux-gnu) libcurl/7.19.7 NSS/3.19.1 Basic ECC zlib/1.2.3 libidn/1.18 libssh2/1.4.2" "-" "0.004" "10.201.30.11:8080"
117.122.213.136 - - [17/Jun/2017:14:08:03 +0800] "HEAD /winerbond-site/api/querySocialInsurance HTTP/1.1" 405 0 "-" "curl/7.19.7 (x86_64-redhat-linux-gnu) libcurl/7.19.7 NSS/3.19.1 Basic ECC zlib/1.2.3 libidn/1.18 libssh2/1.4.2" "-" "0.004" "10.201.30.12:8080"
101.95.165.34 - - [17/Jun/2017:14:08:11 +0800] "GET / HTTP/1.1" 301 178 "-" "Mozilla/5.0 (compatible; PRTG Network Monitor (www.paessler.com); Windows)" "-" "0.000" "-"
101.95.165.34 - - [17/Jun/2017:14:08:11 +0800] "GET /winerbond-site/ HTTP/1.1" 302 0 "-" "Mozilla/5.0 (compatible; PRTG Network Monitor (www.paessler.com); Windows)" "-" "0.003" "10.201.30.11:8080"
117.122.213.136 - - [17/Jun/2017:14:08:24 +0800] "HEAD /winerbond-site/api/querySocialInsurance HTTP/1.1" 405 0 "-" "curl/7.19.7 (x86_64-redhat-linux-gnu) libcurl/7.19.7 NSS/3.19.1 Basic ECC zlib/1.2.3 libidn/1.18 libssh2/1.4.2" "-" "0.003" "10.201.30.12:8080"
101.95.165.34 - - [17/Jun/2017:14:08:32 +0800] "GET / HTTP/1.1" 301 178 "-" "Mozilla/5.0 (compatible; PRTG Network Monitor (www.paessler.com); Windows)" "-" "0.000" "-"
101.95.165.34 - - [17/Jun/2017:14:08:32 +0800] "GET /winerbond-site/ HTTP/1.1" 302 0 "-" "Mozilla/5.0 (compatible; PRTG Network Monitor (www.paessler.com); Windows)" "-" "0.003" "10.201.30.11:8080"
117.122.213.136 - - [17/Jun/2017:14:08:49 +0800] "HEAD /winerbond-site/api/querySocialInsurance HTTP/1.1" 405 0 "-" "curl/7.19.7 (x86_64-redhat-linux-gnu) libcurl/7.19.7 NSS/3.19.1 Basic ECC zlib/1.2.3 libidn/1.18 libssh2/1.4.2" "-" "0.004" "10.201.30.12:8080"
101.95.165.34 - - [17/Jun/2017:14:08:53 +0800] "GET / HTTP/1.1" 301 178 "-" "Mozilla/5.0 (compatible; PRTG Network Monitor (www.paessler.com); Windows)" "-" "0.000" "-"
101.95.165.34 - - [17/Jun/2017:14:08:53 +0800] "GET /winerbond-site/ HTTP/1.1" 302 0 "-" "Mozilla/5.0 (compatible; PRTG Network Monitor (www.paessler.com); Windows)" "-" "0.004" "10.201.30.11:8080"
117.122.213.136 - - [17/Jun/2017:14:09:03 +0800] "HEAD /winerbond-site/api/querySocialInsurance HTTP/1.1" 405 0 "-" "curl/7.19.7 (x86_64-redhat-linux-gnu) libcurl/7.19.7 NSS/3.19.1 Basic ECC zlib/1.2.3 libidn/1.18 libssh2/1.4.2" "-" "0.004" "10.201.30.12:8080"
117.122.213.136 - - [17/Jun/2017:14:09:09 +0800] "HEAD /winerbond-site/api/querySocialInsurance HTTP/1.1" 405 0 "-" "curl/7.19.7 (x86_64-redhat-linux-gnu) libcurl/7.19.7 NSS/3.19.1 Basic ECC zlib/1.2.3 libidn/1.18 libssh2/1.4.2" "-" "0.004" "10.201.30.12:8080"
117.122.213.136 - - [17/Jun/2017:14:09:25 +0800] "HEAD /winerbond-site/api/querySocialInsurance HTTP/1.1" 405 0 "-" "curl/7.19.7 (x86_64-redhat-linux-gnu) libcurl/7.19.7 NSS/3.19.1 Basic ECC zlib/1.2.3 libidn/1.18 libssh2/1.4.2" "-" "0.004" "10.201.30.11:8080"
117.122.213.136 - - [17/Jun/2017:14:09:49 +0800] "HEAD /winerbond-site/api/querySocialInsurance HTTP/1.1" 405 0 "-" "curl/7.19.7 (x86_64-redhat-linux-gnu) libcurl/7.19.7 NSS/3.19.1 Basic ECC zlib/1.2.3 libidn/1.18 libssh2/1.4.2" "-" "0.004" "10.201.30.11:8080"
117.122.213.136 - - [17/Jun/2017:14:10:03 +0800] "HEAD /winerbond-site/api/querySocialInsurance HTTP/1.1" 405 0 "-" "curl/7.19.7 (x86_64-redhat-linux-gnu) libcurl/7.19.7 NSS/3.19.1 Basic ECC zlib/1.2.3 libidn/1.18 libssh2/1.4.2" "-" "0.004" "10.201.30.12:8080"
101.95.165.34 - - [17/Jun/2017:14:10:11 +0800] "GET / HTTP/1.1" 301 178 "-" "Mozilla/5.0 (compatible; PRTG Network Monitor (www.paessler.com); Windows)" "-" "0.000" "-"
101.95.165.34 - - [17/Jun/2017:14:10:11 +0800] "GET /winerbond-site/ HTTP/1.1" 302 0 "-" "Mozilla/5.0 (compatible; PRTG Network Monitor (www.paessler.com); Windows)" "-" "0.003" "10.201.30.11:8080"
117.122.213.136 - - [17/Jun/2017:14:10:14 +0800] "HEAD /winerbond-site/api/querySocialInsurance HTTP/1.1" 405 0 "-" "curl/7.19.7 (x86_64-redhat-linux-gnu) libcurl/7.19.7 NSS/3.19.1 Basic ECC zlib/1.2.3 libidn/1.18 libssh2/1.4.2" "-" "0.004" "10.201.30.12:8080"
117.122.213.136 - - [17/Jun/2017:14:10:25 +0800] "HEAD /winerbond-site/api/querySocialInsurance HTTP/1.1" 405 0 "-" "curl/7.19.7 (x86_64-redhat-linux-gnu) libcurl/7.19.7 NSS/3.19.1 Basic ECC zlib/1.2.3 libidn/1.18 libssh2/1.4.2" "-" "0.004" "10.201.30.12:8080"
101.95.165.34 - - [17/Jun/2017:14:10:32 +0800] "GET / HTTP/1.1" 301 178 "-" "Mozilla/5.0 (compatible; PRTG Network Monitor (www.paessler.com); Windows)" "-" "0.000" "-"
101.95.165.34 - - [17/Jun/2017:14:10:32 +0800] "GET /winerbond-site/ HTTP/1.1" 302 0 "-" "Mozilla/5.0 (compatible; PRTG Network Monitor (www.paessler.com); Windows)" "-" "0.003" "10.201.30.11:8080"
116.231.173.238 - - [17/Jun/2017:14:10:42 +0800] "GET /winerbond-site/login HTTP/1.1" 200 2395 "-" "Mozilla/5.0 (Linux; Android 7.1.1; ONEPLUS A3000 Build/NMF26F; wv) AppleWebKit/537.36 (KHTML, like Gecko) Version/4.0 Chrome/58.0.3029.83 Mobile Safari/537.36 MicroMessenger/6.5.8.1060 NetType/WIFI Language/zh_CN" "-" "0.007" "10.201.30.12:8080"
116.231.173.238 - - [17/Jun/2017:14:10:42 +0800] "GET /winerbond-site/static/bc/plugin/bootstrap/css/bootstrap.min.css HTTP/1.1" 200 117305 "https://portal.winerbond.com/winerbond-site/login" "Mozilla/5.0 (Linux; Android 7.1.1; ONEPLUS A3000 Build/NMF26F; wv) AppleWebKit/537.36 (KHTML, like Gecko) Version/4.0 Chrome/58.0.3029.83 Mobile Safari/537.36 MicroMessenger/6.5.8.1060 NetType/WIFI Language/zh_CN" "-" "0.026" "10.201.30.11:8080"
116.231.173.238 - - [17/Jun/2017:14:10:42 +0800] "GET /winerbond-site/static/bc/plugin/bootstrap/css/tab-fix.css HTTP/1.1" 200 2209 "https://portal.winerbond.com/winerbond-site/login" "Mozilla/5.0 (Linux; Android 7.1.1; ONEPLUS A3000 Build/NMF26F; wv) AppleWebKit/537.36 (KHTML, like Gecko) Version/4.0 Chrome/58.0.3029.83 Mobile Safari/537.36 MicroMessenger/6.5.8.1060 NetType/WIFI Language/zh_CN" "-" "0.004" "10.201.30.11:8080"
116.231.173.238 - - [17/Jun/2017:14:10:42 +0800] "GET /winerbond-site/static/bc/css/common.css HTTP/1.1" 200 9361 "https://portal.winerbond.com/winerbond-site/login" "Mozilla/5.0 (Linux; Android 7.1.1; ONEPLUS A3000 Build/NMF26F; wv) AppleWebKit/537.36 (KHTML, like Gecko) Version/4.0 Chrome/58.0.3029.83 Mobile Safari/537.36 MicroMessenger/6.5.8.1060 NetType/WIFI Language/zh_CN" "-" "0.004" "10.201.30.11:8080"
116.231.173.238 - - [17/Jun/2017:14:10:42 +0800] "GET /winerbond-site/static/bc/plugin/bootstrap/css/bootstrap.custom.css HTTP/1.1" 200 404 "https://portal.winerbond.com/winerbond-site/login" "Mozilla/5.0 (Linux; Android 7.1.1; ONEPLUS A3000 Build/NMF26F; wv) AppleWebKit/537.36 (KHTML, like Gecko) Version/4.0 Chrome/58.0.3029.83 Mobile Safari/537.36 MicroMessenger/6.5.8.1060 NetType/WIFI Language/zh_CN" "-" "0.004" "10.201.30.12:8080"
116.231.173.238 - - [17/Jun/2017:14:10:42 +0800] "GET /winerbond-site/static/jquery-validation/1.11.1/validate.css HTTP/1.1" 200 185 "https://portal.winerbond.com/winerbond-site/login" "Mozilla/5.0 (Linux; Android 7.1.1; ONEPLUS A3000 Build/NMF26F; wv) AppleWebKit/537.36 (KHTML, like Gecko) Version/4.0 Chrome/58.0.3029.83 Mobile Safari/537.36 MicroMessenger/6.5.8.1060 NetType/WIFI Language/zh_CN" "-" "0.005" "10.201.30.12:8080"
