117.122.213.136 - - [17/Jun/2017:13:18:26 +0800] "HEAD /winerbond-site/api/querySocialInsurance HTTP/1.1" 405 0 "-" "curl/7.19.7 (x86_64-redhat-linux-gnu) libcurl/7.19.7 NSS/3.19.1 Basic ECC zlib/1.2.3 libidn/1.18 libssh2/1.4.2" "-" "0.004" "10.201.30.12:8080"
117.122.213.136 - - [17/Jun/2017:13:18:30 +0800] "HEAD /winerbond-site/api/querySocialInsurance HTTP/1.1" 405 0 "-" "curl/7.19.7 (x86_64-redhat-linux-gnu) libcurl/7.19.7 NSS/3.19.1 Basic ECC zlib/1.2.3 libidn/1.18 libssh2/1.4.2" "-" "0.004" "10.201.30.11:8080"
101.95.165.34 - - [17/Jun/2017:13:18:32 +0800] "GET / HTTP/1.1" 301 178 "-" "Mozilla/5.0 (compatible; PRTG Network Monitor (www.paessler.com); Windows)" "-" "0.000" "-"
101.95.165.34 - - [17/Jun/2017:13:18:32 +0800] "GET /winerbond-site/ HTTP/1.1" 302 0 "-" "Mozilla/5.0 (compatible; PRTG Network Monitor (www.paessler.com); Windows)" "-" "0.003" "10.201.30.12:8080"
117.122.213.136 - - [17/Jun/2017:13:18:48 +0800] "HEAD /winerbond-site/api/querySocialInsurance HTTP/1.1" 405 0 "-" "curl/7.19.7 (x86_64-redhat-linux-gnu) libcurl/7.19.7 NSS/3.19.1 Basic ECC zlib/1.2.3 libidn/1.18 libssh2/1.4.2" "-" "0.004" "10.201.30.11:8080"
101.95.165.34 - - [17/Jun/2017:13:18:53 +0800] "GET / HTTP/1.1" 301 178 "-" "Mozilla/5.0 (compatible; PRTG Network Monitor (www.paessler.com); Windows)" "-" "0.000" "-"
101.95.165.34 - - [17/Jun/2017:13:18:53 +0800] "GET /winerbond-site/ HTTP/1.1" 302 0 "-" "Mozilla/5.0 (compatible; PRTG Network Monitor (www.paessler.com); Windows)" "-" "0.003" "10.201.30.12:8080"
117.122.213.136 - - [17/Jun/2017:13:19:03 +0800] "HEAD /winerbond-site/api/querySocialInsurance HTTP/1.1" 405 0 "-" "curl/7.19.7 (x86_64-redhat-linux-gnu) libcurl/7.19.7 NSS/3.19.1 Basic ECC zlib/1.2.3 libidn/1.18 libssh2/1.4.2" "-" "0.005" "10.201.30.11:8080"
117.122.213.136 - - [17/Jun/2017:13:19:25 +0800] "HEAD /winerbond-site/api/querySocialInsurance HTTP/1.1" 405 0 "-" "curl/7.19.7 (x86_64-redhat-linux-gnu) libcurl/7.19.7 NSS/3.19.1 Basic ECC zlib/1.2.3 libidn/1.18 libssh2/1.4.2" "-" "0.004" "10.201.30.12:8080"
117.122.213.136 - - [17/Jun/2017:13:19:35 +0800] "HEAD /winerbond-site/api/querySocialInsurance HTTP/1.1" 405 0 "-" "curl/7.19.7 (x86_64-redhat-linux-gnu) libcurl/7.19.7 NSS/3.19.1 Basic ECC zlib/1.2.3 libidn/1.18 libssh2/1.4.2" "-" "0.004" "10.201.30.12:8080"
117.122.213.136 - - [17/Jun/2017:13:19:48 +0800] "HEAD /winerbond-site/api/querySocialInsurance HTTP/1.1" 405 0 "-" "curl/7.19.7 (x86_64-redhat-linux-gnu) libcurl/7.19.7 NSS/3.19.1 Basic ECC zlib/1.2.3 libidn/1.18 libssh2/1.4.2" "-" "0.004" "10.201.30.11:8080"
117.122.213.136 - - [17/Jun/2017:13:20:03 +0800] "HEAD /winerbond-site/api/querySocialInsurance HTTP/1.1" 405 0 "-" "curl/7.19.7 (x86_64-redhat-linux-gnu) libcurl/7.19.7 NSS/3.19.1 Basic ECC zlib/1.2.3 libidn/1.18 libssh2/1.4.2" "-" "0.004" "10.201.30.11:8080"
101.95.165.34 - - [17/Jun/2017:13:20:11 +0800] "GET / HTTP/1.1" 301 178 "-" "Mozilla/5.0 (compatible; PRTG Network Monitor (www.paessler.com); Windows)" "-" "0.000" "-"
101.95.165.34 - - [17/Jun/2017:13:20:11 +0800] "GET /winerbond-site/ HTTP/1.1" 302 0 "-" "Mozilla/5.0 (compatible; PRTG Network Monitor (www.paessler.com); Windows)" "-" "0.003" "10.201.30.12:8080"
117.122.213.136 - - [17/Jun/2017:13:20:25 +0800] "HEAD /winerbond-site/api/querySocialInsurance HTTP/1.1" 405 0 "-" "curl/7.19.7 (x86_64-redhat-linux-gnu) libcurl/7.19.7 NSS/3.19.1 Basic ECC zlib/1.2.3 libidn/1.18 libssh2/1.4.2" "-" "0.003" "10.201.30.12:8080"
101.95.165.34 - - [17/Jun/2017:13:20:32 +0800] "GET / HTTP/1.1" 301 178 "-" "Mozilla/5.0 (compatible; PRTG Network Monitor (www.paessler.com); Windows)" "-" "0.000" "-"
101.95.165.34 - - [17/Jun/2017:13:20:32 +0800] "GET /winerbond-site/ HTTP/1.1" 302 0 "-" "Mozilla/5.0 (compatible; PRTG Network Monitor (www.paessler.com); Windows)" "-" "0.003" "10.201.30.11:8080"
117.122.213.136 - - [17/Jun/2017:13:20:41 +0800] "HEAD /winerbond-site/api/querySocialInsurance HTTP/1.1" 405 0 "-" "curl/7.19.7 (x86_64-redhat-linux-gnu) libcurl/7.19.7 NSS/3.19.1 Basic ECC zlib/1.2.3 libidn/1.18 libssh2/1.4.2" "-" "0.005" "10.201.30.11:8080"
117.122.213.136 - - [17/Jun/2017:13:20:49 +0800] "HEAD /winerbond-site/api/querySocialInsurance HTTP/1.1" 405 0 "-" "curl/7.19.7 (x86_64-redhat-linux-gnu) libcurl/7.19.7 NSS/3.19.1 Basic ECC zlib/1.2.3 libidn/1.18 libssh2/1.4.2" "-" "0.003" "10.201.30.12:8080"
101.95.165.34 - - [17/Jun/2017:13:20:53 +0800] "GET / HTTP/1.1" 301 178 "-" "Mozilla/5.0 (compatible; PRTG Network Monitor (www.paessler.com); Windows)" "-" "0.000" "-"
101.95.165.34 - - [17/Jun/2017:13:20:53 +0800] "GET /winerbond-site/ HTTP/1.1" 302 0 "-" "Mozilla/5.0 (compatible; PRTG Network Monitor (www.paessler.com); Windows)" "-" "0.003" "10.201.30.11:8080"
117.122.213.136 - - [17/Jun/2017:13:21:02 +0800] "HEAD /winerbond-site/api/querySocialInsurance HTTP/1.1" 405 0 "-" "curl/7.19.7 (x86_64-redhat-linux-gnu) libcurl/7.19.7 NSS/3.19.1 Basic ECC zlib/1.2.3 libidn/1.18 libssh2/1.4.2" "-" "0.004" "10.201.30.12:8080"
117.122.213.136 - - [17/Jun/2017:13:21:26 +0800] "HEAD /winerbond-site/api/querySocialInsurance HTTP/1.1" 405 0 "-" "curl/7.19.7 (x86_64-redhat-linux-gnu) libcurl/7.19.7 NSS/3.19.1 Basic ECC zlib/1.2.3 libidn/1.18 libssh2/1.4.2" "-" "0.004" "10.201.30.11:8080"
117.122.213.136 - - [17/Jun/2017:13:21:46 +0800] "HEAD /winerbond-site/api/querySocialInsurance HTTP/1.1" 405 0 "-" "curl/7.19.7 (x86_64-redhat-linux-gnu) libcurl/7.19.7 NSS/3.19.1 Basic ECC zlib/1.2.3 libidn/1.18 libssh2/1.4.2" "-" "0.004" "10.201.30.12:8080"
117.122.213.136 - - [17/Jun/2017:13:21:49 +0800] "HEAD /winerbond-site/api/querySocialInsurance HTTP/1.1" 405 0 "-" "curl/7.19.7 (x86_64-redhat-linux-gnu) libcurl/7.19.7 NSS/3.19.1 Basic ECC zlib/1.2.3 libidn/1.18 libssh2/1.4.2" "-" "0.004" "10.201.30.11:8080"
117.122.213.136 - - [17/Jun/2017:13:22:03 +0800] "HEAD /winerbond-site/api/querySocialInsurance HTTP/1.1" 405 0 "-" "curl/7.19.7 (x86_64-redhat-linux-gnu) libcurl/7.19.7 NSS/3.19.1 Basic ECC zlib/1.2.3 libidn/1.18 libssh2/1.4.2" "-" "0.004" "10.201.30.12:8080"
101.95.165.34 - - [17/Jun/2017:13:22:11 +0800] "GET / HTTP/1.1" 301 178 "-" "Mozilla/5.0 (compatible; PRTG Network Monitor (www.paessler.com); Windows)" "-" "0.000" "-"
101.95.165.34 - - [17/Jun/2017:13:22:11 +0800] "GET /winerbond-site/ HTTP/1.1" 302 0 "-" "Mozilla/5.0 (compatible; PRTG Network Monitor (www.paessler.com); Windows)" "-" "0.003" "10.201.30.11:8080"
117.122.213.136 - - [17/Jun/2017:13:22:26 +0800] "HEAD /winerbond-site/api/querySocialInsurance HTTP/1.1" 405 0 "-" "curl/7.19.7 (x86_64-redhat-linux-gnu) libcurl/7.19.7 NSS/3.19.1 Basic ECC zlib/1.2.3 libidn/1.18 libssh2/1.4.2" "-" "0.004" "10.201.30.12:8080"
101.95.165.34 - - [17/Jun/2017:13:22:32 +0800] "GET / HTTP/1.1" 301 178 "-" "Mozilla/5.0 (compatible; PRTG Network Monitor (www.paessler.com); Windows)" "-" "0.000" "-"
101.95.165.34 - - [17/Jun/2017:13:22:32 +0800] "GET /winerbond-site/ HTTP/1.1" 302 0 "-" "Mozilla/5.0 (compatible; PRTG Network Monitor (www.paessler.com); Windows)" "-" "0.011" "10.201.30.11:8080"
117.122.213.136 - - [17/Jun/2017:13:22:49 +0800] "HEAD /winerbond-site/api/querySocialInsurance HTTP/1.1" 405 0 "-" "curl/7.19.7 (x86_64-redhat-linux-gnu) libcurl/7.19.7 NSS/3.19.1 Basic ECC zlib/1.2.3 libidn/1.18 libssh2/1.4.2" "-" "0.007" "10.201.30.12:8080"
117.122.213.136 - - [17/Jun/2017:13:22:53 +0800] "HEAD /winerbond-site/api/querySocialInsurance HTTP/1.1" 405 0 "-" "curl/7.19.7 (x86_64-redhat-linux-gnu) libcurl/7.19.7 NSS/3.19.1 Basic ECC zlib/1.2.3 libidn/1.18 libssh2/1.4.2" "-" "0.003" "10.201.30.11:8080"
101.95.165.34 - - [17/Jun/2017:13:22:53 +0800] "GET / HTTP/1.1" 301 178 "-" "Mozilla/5.0 (compatible; PRTG Network Monitor (www.paessler.com); Windows)" "-" "0.000" "-"
101.95.165.34 - - [17/Jun/2017:13:22:53 +0800] "GET /winerbond-site/ HTTP/1.1" 302 0 "-" "Mozilla/5.0 (compatible; PRTG Network Monitor (www.paessler.com); Windows)" "-" "0.003" "10.201.30.12:8080"
117.122.213.136 - - [17/Jun/2017:13:23:02 +0800] "HEAD /winerbond-site/api/querySocialInsurance HTTP/1.1" 405 0 "-" "curl/7.19.7 (x86_64-redhat-linux-gnu) libcurl/7.19.7 NSS/3.19.1 Basic ECC zlib/1.2.3 libidn/1.18 libssh2/1.4.2" "-" "0.004" "10.201.30.11:8080"
117.122.213.136 - - [17/Jun/2017:13:23:26 +0800] "HEAD /winerbond-site/api/querySocialInsurance HTTP/1.1" 405 0 "-" "curl/7.19.7 (x86_64-redhat-linux-gnu) libcurl/7.19.7 NSS/3.19.1 Basic ECC zlib/1.2.3 libidn/1.18 libssh2/1.4.2" "-" "0.004" "10.201.30.12:8080"
117.122.213.136 - - [17/Jun/2017:13:23:48 +0800] "HEAD /winerbond-site/api/querySocialInsurance HTTP/1.1" 405 0 "-" "curl/7.19.7 (x86_64-redhat-linux-gnu) libcurl/7.19.7 NSS/3.19.1 Basic ECC zlib/1.2.3 libidn/1.18 libssh2/1.4.2" "-" "0.004" "10.201.30.11:8080"
117.122.213.136 - - [17/Jun/2017:13:24:01 +0800] "HEAD /winerbond-site/api/querySocialInsurance HTTP/1.1" 405 0 "-" "curl/7.19.7 (x86_64-redhat-linux-gnu) libcurl/7.19.7 NSS/3.19.1 Basic ECC zlib/1.2.3 libidn/1.18 libssh2/1.4.2" "-" "0.004" "10.201.30.12:8080"
117.122.213.136 - - [17/Jun/2017:13:24:03 +0800] "HEAD /winerbond-site/api/querySocialInsurance HTTP/1.1" 405 0 "-" "curl/7.19.7 (x86_64-redhat-linux-gnu) libcurl/7.19.7 NSS/3.19.1 Basic ECC zlib/1.2.3 libidn/1.18 libssh2/1.4.2" "-" "0.004" "10.201.30.11:8080"
101.95.165.34 - - [17/Jun/2017:13:24:11 +0800] "GET / HTTP/1.1" 301 178 "-" "Mozilla/5.0 (compatible; PRTG Network Monitor (www.paessler.com); Windows)" "-" "0.000" "-"
101.95.165.34 - - [17/Jun/2017:13:24:11 +0800] "GET /winerbond-site/ HTTP/1.1" 302 0 "-" "Mozilla/5.0 (compatible; PRTG Network Monitor (www.paessler.com); Windows)" "-" "0.003" "10.201.30.12:8080"
117.122.213.136 - - [17/Jun/2017:13:24:25 +0800] "HEAD /winerbond-site/api/querySocialInsurance HTTP/1.1" 405 0 "-" "curl/7.19.7 (x86_64-redhat-linux-gnu) libcurl/7.19.7 NSS/3.19.1 Basic ECC zlib/1.2.3 libidn/1.18 libssh2/1.4.2" "-" "0.004" "10.201.30.12:8080"
101.95.165.34 - - [17/Jun/2017:13:24:32 +0800] "GET / HTTP/1.1" 301 178 "-" "Mozilla/5.0 (compatible; PRTG Network Monitor (www.paessler.com); Windows)" "-" "0.000" "-"
101.95.165.34 - - [17/Jun/2017:13:24:32 +0800] "GET /winerbond-site/ HTTP/1.1" 302 0 "-" "Mozilla/5.0 (compatible; PRTG Network Monitor (www.paessler.com); Windows)" "-" "0.003" "10.201.30.11:8080"
117.122.213.136 - - [17/Jun/2017:13:24:48 +0800] "HEAD /winerbond-site/api/querySocialInsurance HTTP/1.1" 405 0 "-" "curl/7.19.7 (x86_64-redhat-linux-gnu) libcurl/7.19.7 NSS/3.19.1 Basic ECC zlib/1.2.3 libidn/1.18 libssh2/1.4.2" "-" "0.005" "10.201.30.11:8080"
101.95.165.34 - - [17/Jun/2017:13:24:53 +0800] "GET / HTTP/1.1" 301 178 "-" "Mozilla/5.0 (compatible; PRTG Network Monitor (www.paessler.com); Windows)" "-" "0.000" "-"
101.95.165.34 - - [17/Jun/2017:13:24:53 +0800] "GET /winerbond-site/ HTTP/1.1" 302 0 "-" "Mozilla/5.0 (compatible; PRTG Network Monitor (www.paessler.com); Windows)" "-" "0.003" "10.201.30.12:8080"
117.122.213.136 - - [17/Jun/2017:13:25:02 +0800] "HEAD /winerbond-site/api/querySocialInsurance HTTP/1.1" 405 0 "-" "curl/7.19.7 (x86_64-redhat-linux-gnu) libcurl/7.19.7 NSS/3.19.1 Basic ECC zlib/1.2.3 libidn/1.18 libssh2/1.4.2" "-" "0.003" "10.201.30.11:8080"
117.122.213.136 - - [17/Jun/2017:13:25:09 +0800] "HEAD /winerbond-site/api/querySocialInsurance HTTP/1.1" 405 0 "-" "curl/7.19.7 (x86_64-redhat-linux-gnu) libcurl/7.19.7 NSS/3.19.1 Basic ECC zlib/1.2.3 libidn/1.18 libssh2/1.4.2" "-" "0.004" "10.201.30.12:8080"
117.122.213.136 - - [17/Jun/2017:13:25:26 +0800] "HEAD /winerbond-site/api/querySocialInsurance HTTP/1.1" 405 0 "-" "curl/7.19.7 (x86_64-redhat-linux-gnu) libcurl/7.19.7 NSS/3.19.1 Basic ECC zlib/1.2.3 libidn/1.18 libssh2/1.4.2" "-" "0.005" "10.201.30.11:8080"
101.95.165.34 - - [17/Jun/2017:13:25:29 +0800] "GET /winerbond-site/ HTTP/1.1" 302 0 "-" "Mozilla/5.0 (Windows NT 10.0; WOW64) AppleWebKit/537.36 (KHTML, like Gecko) Maxthon/4.9.3.1000 Chrome/39.0.2146.0 Safari/537.36" "-" "0.003" "10.201.30.12:8080"
117.122.213.136 - - [17/Jun/2017:13:25:49 +0800] "HEAD /winerbond-site/api/querySocialInsurance HTTP/1.1" 405 0 "-" "curl/7.19.7 (x86_64-redhat-linux-gnu) libcurl/7.19.7 NSS/3.19.1 Basic ECC zlib/1.2.3 libidn/1.18 libssh2/1.4.2" "-" "0.006" "10.201.30.11:8080"
117.122.213.136 - - [17/Jun/2017:13:26:03 +0800] "HEAD /winerbond-site/api/querySocialInsurance HTTP/1.1" 405 0 "-" "curl/7.19.7 (x86_64-redhat-linux-gnu) libcurl/7.19.7 NSS/3.19.1 Basic ECC zlib/1.2.3 libidn/1.18 libssh2/1.4.2" "-" "0.004" "10.201.30.12:8080"
101.95.165.34 - - [17/Jun/2017:13:26:11 +0800] "GET / HTTP/1.1" 301 178 "-" "Mozilla/5.0 (compatible; PRTG Network Monitor (www.paessler.com); Windows)" "-" "0.000" "-"
101.95.165.34 - - [17/Jun/2017:13:26:11 +0800] "GET /winerbond-site/ HTTP/1.1" 302 0 "-" "Mozilla/5.0 (compatible; PRTG Network Monitor (www.paessler.com); Windows)" "-" "0.002" "10.201.30.12:8080"
117.122.213.136 - - [17/Jun/2017:13:26:14 +0800] "HEAD /winerbond-site/api/querySocialInsurance HTTP/1.1" 405 0 "-" "curl/7.19.7 (x86_64-redhat-linux-gnu) libcurl/7.19.7 NSS/3.19.1 Basic ECC zlib/1.2.3 libidn/1.18 libssh2/1.4.2" "-" "0.004" "10.201.30.11:8080"
117.122.213.136 - - [17/Jun/2017:13:26:26 +0800] "HEAD /winerbond-site/api/querySocialInsurance HTTP/1.1" 405 0 "-" "curl/7.19.7 (x86_64-redhat-linux-gnu) libcurl/7.19.7 NSS/3.19.1 Basic ECC zlib/1.2.3 libidn/1.18 libssh2/1.4.2" "-" "0.004" "10.201.30.12:8080"
101.95.165.34 - - [17/Jun/2017:13:26:32 +0800] "GET / HTTP/1.1" 301 178 "-" "Mozilla/5.0 (compatible; PRTG Network Monitor (www.paessler.com); Windows)" "-" "0.000" "-"
101.95.165.34 - - [17/Jun/2017:13:26:32 +0800] "GET /winerbond-site/ HTTP/1.1" 302 0 "-" "Mozilla/5.0 (compatible; PRTG Network Monitor (www.paessler.com); Windows)" "-" "0.003" "10.201.30.11:8080"
117.122.213.136 - - [17/Jun/2017:13:26:49 +0800] "HEAD /winerbond-site/api/querySocialInsurance HTTP/1.1" 405 0 "-" "curl/7.19.7 (x86_64-redhat-linux-gnu) libcurl/7.19.7 NSS/3.19.1 Basic ECC zlib/1.2.3 libidn/1.18 libssh2/1.4.2" "-" "0.004" "10.201.30.12:8080"
101.95.165.34 - - [17/Jun/2017:13:26:53 +0800] "GET / HTTP/1.1" 301 178 "-" "Mozilla/5.0 (compatible; PRTG Network Monitor (www.paessler.com); Windows)" "-" "0.000" "-"
101.95.165.34 - - [17/Jun/2017:13:26:53 +0800] "GET /winerbond-site/ HTTP/1.1" 302 0 "-" "Mozilla/5.0 (compatible; PRTG Network Monitor (www.paessler.com); Windows)" "-" "0.002" "10.201.30.11:8080"
117.122.213.136 - - [17/Jun/2017:13:27:03 +0800] "HEAD /winerbond-site/api/querySocialInsurance HTTP/1.1" 405 0 "-" "curl/7.19.7 (x86_64-redhat-linux-gnu) libcurl/7.19.7 NSS/3.19.1 Basic ECC zlib/1.2.3 libidn/1.18 libssh2/1.4.2" "-" "0.004" "10.201.30.11:8080"
117.122.213.136 - - [17/Jun/2017:13:27:20 +0800] "HEAD /winerbond-site/api/querySocialInsurance HTTP/1.1" 405 0 "-" "curl/7.19.7 (x86_64-redhat-linux-gnu) libcurl/7.19.7 NSS/3.19.1 Basic ECC zlib/1.2.3 libidn/1.18 libssh2/1.4.2" "-" "0.004" "10.201.30.12:8080"
117.122.213.136 - - [17/Jun/2017:13:27:26 +0800] "HEAD /winerbond-site/api/querySocialInsurance HTTP/1.1" 405 0 "-" "curl/7.19.7 (x86_64-redhat-linux-gnu) libcurl/7.19.7 NSS/3.19.1 Basic ECC zlib/1.2.3 libidn/1.18 libssh2/1.4.2" "-" "0.004" "10.201.30.11:8080"
220.184.201.244 - - [17/Jun/2017:13:27:40 +0800] "GET /winerbond-site HTTP/1.1" 302 5 "-" "Mozilla/5.0 (Windows NT 10.0; Win64; x64) AppleWebKit/537.36 (KHTML, like Gecko) Chrome/52.0.2743.116 Safari/537.36 Edge/15.15063" "-" "0.002" "10.201.30.12:8080"
117.122.213.136 - - [17/Jun/2017:13:27:49 +0800] "HEAD /winerbond-site/api/querySocialInsurance HTTP/1.1" 405 0 "-" "curl/7.19.7 (x86_64-redhat-linux-gnu) libcurl/7.19.7 NSS/3.19.1 Basic ECC zlib/1.2.3 libidn/1.18 libssh2/1.4.2" "-" "0.004" "10.201.30.12:8080"
117.122.213.136 - - [17/Jun/2017:13:28:03 +0800] "HEAD /winerbond-site/api/querySocialInsurance HTTP/1.1" 405 0 "-" "curl/7.19.7 (x86_64-redhat-linux-gnu) libcurl/7.19.7 NSS/3.19.1 Basic ECC zlib/1.2.3 libidn/1.18 libssh2/1.4.2" "-" "0.004" "10.201.30.11:8080"
101.95.165.34 - - [17/Jun/2017:13:28:11 +0800] "GET / HTTP/1.1" 301 178 "-" "Mozilla/5.0 (compatible; PRTG Network Monitor (www.paessler.com); Windows)" "-" "0.000" "-"
101.95.165.34 - - [17/Jun/2017:13:28:11 +0800] "GET /winerbond-site/ HTTP/1.1" 302 0 "-" "Mozilla/5.0 (compatible; PRTG Network Monitor (www.paessler.com); Windows)" "-" "0.002" "10.201.30.11:8080"
117.122.213.136 - - [17/Jun/2017:13:28:25 +0800] "HEAD /winerbond-site/api/querySocialInsurance HTTP/1.1" 405 0 "-" "curl/7.19.7 (x86_64-redhat-linux-gnu) libcurl/7.19.7 NSS/3.19.1 Basic ECC zlib/1.2.3 libidn/1.18 libssh2/1.4.2" "-" "0.004" "10.201.30.12:8080"
117.122.213.136 - - [17/Jun/2017:13:28:26 +0800] "HEAD /winerbond-site/api/querySocialInsurance HTTP/1.1" 405 0 "-" "curl/7.19.7 (x86_64-redhat-linux-gnu) libcurl/7.19.7 NSS/3.19.1 Basic ECC zlib/1.2.3 libidn/1.18 libssh2/1.4.2" "-" "0.004" "10.201.30.11:8080"
101.95.165.34 - - [17/Jun/2017:13:28:32 +0800] "GET / HTTP/1.1" 301 178 "-" "Mozilla/5.0 (compatible; PRTG Network Monitor (www.paessler.com); Windows)" "-" "0.000" "-"
101.95.165.34 - - [17/Jun/2017:13:28:32 +0800] "GET /winerbond-site/ HTTP/1.1" 302 0 "-" "Mozilla/5.0 (compatible; PRTG Network Monitor (www.paessler.com); Windows)" "-" "0.003" "10.201.30.12:8080"
123.59.41.33 - - [17/Jun/2017:13:28:47 +0800] "POST /winerbond-site/creditreportApi/winerbondLogin HTTP/1.1" 200 82 "-" "Apache-HttpClient/4.4.1 (Java/1.7.0_67)" "-" "0.611" "10.201.30.12:8080"
117.122.213.136 - - [17/Jun/2017:13:28:49 +0800] "HEAD /winerbond-site/api/querySocialInsurance HTTP/1.1" 405 0 "-" "curl/7.19.7 (x86_64-redhat-linux-gnu) libcurl/7.19.7 NSS/3.19.1 Basic ECC zlib/1.2.3 libidn/1.18 libssh2/1.4.2" "-" "0.004" "10.201.30.11:8080"
101.95.165.34 - - [17/Jun/2017:13:28:53 +0800] "GET / HTTP/1.1" 301 178 "-" "Mozilla/5.0 (compatible; PRTG Network Monitor (www.paessler.com); Windows)" "-" "0.000" "-"
101.95.165.34 - - [17/Jun/2017:13:28:53 +0800] "GET /winerbond-site/ HTTP/1.1" 302 0 "-" "Mozilla/5.0 (compatible; PRTG Network Monitor (www.paessler.com); Windows)" "-" "0.002" "10.201.30.12:8080"
220.184.201.244 - - [17/Jun/2017:13:29:01 +0800] "GET /winerbond-site/login HTTP/1.1" 200 2395 "-" "Mozilla/5.0 (Macintosh; Intel Mac OS X 10_12_5) AppleWebKit/537.36 (KHTML, like Gecko) Chrome/58.0.3029.110 Safari/537.36" "-" "0.006" "10.201.30.11:8080"
117.122.213.136 - - [17/Jun/2017:13:29:02 +0800] "HEAD /winerbond-site/api/querySocialInsurance HTTP/1.1" 405 0 "-" "curl/7.19.7 (x86_64-redhat-linux-gnu) libcurl/7.19.7 NSS/3.19.1 Basic ECC zlib/1.2.3 libidn/1.18 libssh2/1.4.2" "-" "0.004" "10.201.30.12:8080"
123.59.41.33 - - [17/Jun/2017:13:29:09 +0800] "POST /winerbond-site/api/querySocialInsurance HTTP/1.1" 200 77 "-" "Apache-HttpClient/4.4.1 (Java/1.7.0_67)" "-" "21.163" "10.201.30.11:8080"
220.184.201.244 - - [17/Jun/2017:13:29:20 +0800] "GET /winerbond-site/login HTTP/1.1" 200 2395 "-" "Mozilla/5.0 (Windows NT 10.0; Win64; x64) AppleWebKit/537.36 (KHTML, like Gecko) Chrome/52.0.2743.116 Safari/537.36 Edge/15.15063" "-" "0.006" "10.201.30.11:8080"
220.184.201.244 - - [17/Jun/2017:13:29:20 +0800] "GET /winerbond-site/static/bc/plugin/bootstrap/css/tab-fix.css HTTP/1.1" 200 2209 "https://portal.winerbond.com/winerbond-site/login" "Mozilla/5.0 (Windows NT 10.0; Win64; x64) AppleWebKit/537.36 (KHTML, like Gecko) Chrome/52.0.2743.116 Safari/537.36 Edge/15.15063" "-" "0.005" "10.201.30.11:8080"
220.184.201.244 - - [17/Jun/2017:13:29:20 +0800] "GET /winerbond-site/static/bc/plugin/bootstrap/css/bootstrap.custom.css HTTP/1.1" 200 404 "https://portal.winerbond.com/winerbond-site/login" "Mozilla/5.0 (Windows NT 10.0; Win64; x64) AppleWebKit/537.36 (KHTML, like Gecko) Chrome/52.0.2743.116 Safari/537.36 Edge/15.15063" "-" "0.005" "10.201.30.12:8080"
220.184.201.244 - - [17/Jun/2017:13:29:20 +0800] "GET /winerbond-site/static/bc/css/user.css HTTP/1.1" 200 3094 "https://portal.winerbond.com/winerbond-site/login" "Mozilla/5.0 (Windows NT 10.0; Win64; x64) AppleWebKit/537.36 (KHTML, like Gecko) Chrome/52.0.2743.116 Safari/537.36 Edge/15.15063" "-" "0.004" "10.201.30.12:8080"
220.184.201.244 - - [17/Jun/2017:13:29:20 +0800] "GET /winerbond-site/static/bc/css/common.css HTTP/1.1" 200 9361 "https://portal.winerbond.com/winerbond-site/login" "Mozilla/5.0 (Windows NT 10.0; Win64; x64) AppleWebKit/537.36 (KHTML, like Gecko) Chrome/52.0.2743.116 Safari/537.36 Edge/15.15063" "-" "0.004" "10.201.30.11:8080"
220.184.201.244 - - [17/Jun/2017:13:29:20 +0800] "GET /winerbond-site/static/bc/plugin/bootstrap/css/bootstrap.min.css HTTP/1.1" 200 117305 "https://portal.winerbond.com/winerbond-site/login" "Mozilla/5.0 (Windows NT 10.0; Win64; x64) AppleWebKit/537.36 (KHTML, like Gecko) Chrome/52.0.2743.116 Safari/537.36 Edge/15.15063" "-" "0.033" "10.201.30.12:8080"
220.184.201.244 - - [17/Jun/2017:13:29:20 +0800] "GET /winerbond-site/static/bc/plugin/bootstrap/js/ie-emulation-modes-warning.js HTTP/1.1" 200 2132 "https://portal.winerbond.com/winerbond-site/login" "Mozilla/5.0 (Windows NT 10.0; Win64; x64) AppleWebKit/537.36 (KHTML, like Gecko) Chrome/52.0.2743.116 Safari/537.36 Edge/15.15063" "-" "0.004" "10.201.30.12:8080"
220.184.201.244 - - [17/Jun/2017:13:29:20 +0800] "GET /winerbond-site/static/jquery-validation/1.11.1/validate.css HTTP/1.1" 200 185 "https://portal.winerbond.com/winerbond-site/login" "Mozilla/5.0 (Windows NT 10.0; Win64; x64) AppleWebKit/537.36 (KHTML, like Gecko) Chrome/52.0.2743.116 Safari/537.36 Edge/15.15063" "-" "0.004" "10.201.30.11:8080"
220.184.201.244 - - [17/Jun/2017:13:29:20 +0800] "GET /winerbond-site/static/jquery-validation/1.11.1/jquery.validate.min.js HTTP/1.1" 200 21069 "https://portal.winerbond.com/winerbond-site/login" "Mozilla/5.0 (Windows NT 10.0; Win64; x64) AppleWebKit/537.36 (KHTML, like Gecko) Chrome/52.0.2743.116 Safari/537.36 Edge/15.15063" "-" "0.004" "10.201.30.11:8080"
220.184.201.244 - - [17/Jun/2017:13:29:20 +0800] "GET /winerbond-site/static/jquery-validation/1.11.1/messages_bs_zh.js HTTP/1.1" 200 1231 "https://portal.winerbond.com/winerbond-site/login" "Mozilla/5.0 (Windows NT 10.0; Win64; x64) AppleWebKit/537.36 (KHTML, like Gecko) Chrome/52.0.2743.116 Safari/537.36 Edge/15.15063" "-" "0.004" "10.201.30.11:8080"
220.184.201.244 - - [17/Jun/2017:13:29:20 +0800] "GET /winerbond-site/static/bc/plugin/bootstrap/js/bootstrap.min.js HTTP/1.1" 200 35951 "https://portal.winerbond.com/winerbond-site/login" "Mozilla/5.0 (Windows NT 10.0; Win64; x64) AppleWebKit/537.36 (KHTML, like Gecko) Chrome/52.0.2743.116 Safari/537.36 Edge/15.15063" "-" "0.004" "10.201.30.12:8080"
220.184.201.244 - - [17/Jun/2017:13:29:20 +0800] "GET /winerbond-site/static/bc/plugin/bootstrap/js/ie10-viewport-bug-workaround.js HTTP/1.1" 200 694 "https://portal.winerbond.com/winerbond-site/login" "Mozilla/5.0 (Windows NT 10.0; Win64; x64) AppleWebKit/537.36 (KHTML, like Gecko) Chrome/52.0.2743.116 Safari/537.36 Edge/15.15063" "-" "0.005" "10.201.30.12:8080"
220.184.201.244 - - [17/Jun/2017:13:29:20 +0800] "GET /winerbond-site/static/bc/plugin/jquery/jquery.min.js HTTP/1.1" 200 95931 "https://portal.winerbond.com/winerbond-site/login" "Mozilla/5.0 (Windows NT 10.0; Win64; x64) AppleWebKit/537.36 (KHTML, like Gecko) Chrome/52.0.2743.116 Safari/537.36 Edge/15.15063" "-" "0.037" "10.201.30.12:8080"
220.184.201.244 - - [17/Jun/2017:13:29:20 +0800] "GET /winerbond-site/static/bc/img/banner01.jpg HTTP/1.1" 200 409490 "https://portal.winerbond.com/winerbond-site/login" "Mozilla/5.0 (Windows NT 10.0; Win64; x64) AppleWebKit/537.36 (KHTML, like Gecko) Chrome/52.0.2743.116 Safari/537.36 Edge/15.15063" "-" "0.021" "10.201.30.11:8080"
220.184.201.244 - - [17/Jun/2017:13:29:20 +0800] "GET /winerbond-site/static/bc/img/banner02.jpg HTTP/1.1" 200 177988 "https://portal.winerbond.com/winerbond-site/login" "Mozilla/5.0 (Windows NT 10.0; Win64; x64) AppleWebKit/537.36 (KHTML, like Gecko) Chrome/52.0.2743.116 Safari/537.36 Edge/15.15063" "-" "0.035" "10.201.30.12:8080"
220.184.201.244 - - [17/Jun/2017:13:29:20 +0800] "GET /winerbond-site/static/bc/img/homepage_bg.png HTTP/1.1" 200 1796 "https://portal.winerbond.com/winerbond-site/login" "Mozilla/5.0 (Windows NT 10.0; Win64; x64) AppleWebKit/537.36 (KHTML, like Gecko) Chrome/52.0.2743.116 Safari/537.36 Edge/15.15063" "-" "0.004" "10.201.30.11:8080"
220.184.201.244 - - [17/Jun/2017:13:29:20 +0800] "GET /winerbond-site/static/bc/img/images.png HTTP/1.1" 200 56616 "https://portal.winerbond.com/winerbond-site/login" "Mozilla/5.0 (Windows NT 10.0; Win64; x64) AppleWebKit/537.36 (KHTML, like Gecko) Chrome/52.0.2743.116 Safari/537.36 Edge/15.15063" "-" "0.005" "10.201.30.12:8080"
220.184.201.244 - - [17/Jun/2017:13:29:20 +0800] "GET /winerbond-site/static/bc/img/logo.png HTTP/1.1" 200 8075 "https://portal.winerbond.com/winerbond-site/login" "Mozilla/5.0 (Windows NT 10.0; Win64; x64) AppleWebKit/537.36 (KHTML, like Gecko) Chrome/52.0.2743.116 Safari/537.36 Edge/15.15063" "-" "0.004" "10.201.30.11:8080"
220.184.201.244 - - [17/Jun/2017:13:29:20 +0800] "GET /winerbond-site/static/bc/img/logo_text.jpg HTTP/1.1" 200 21380 "https://portal.winerbond.com/winerbond-site/login" "Mozilla/5.0 (Windows NT 10.0; Win64; x64) AppleWebKit/537.36 (KHTML, like Gecko) Chrome/52.0.2743.116 Safari/537.36 Edge/15.15063" "-" "0.004" "10.201.30.12:8080"
220.184.201.244 - - [17/Jun/2017:13:29:20 +0800] "GET /winerbond-site/static/bc/img/icons.png HTTP/1.1" 200 27628 "https://portal.winerbond.com/winerbond-site/login" "Mozilla/5.0 (Windows NT 10.0; Win64; x64) AppleWebKit/537.36 (KHTML, like Gecko) Chrome/52.0.2743.116 Safari/537.36 Edge/15.15063" "-" "0.004" "10.201.30.11:8080"
220.184.201.244 - - [17/Jun/2017:13:29:20 +0800] "GET /winerbond-site/static/bc/img/banner05.jpg HTTP/1.1" 200 423973 "https://portal.winerbond.com/winerbond-site/login" "Mozilla/5.0 (Windows NT 10.0; Win64; x64) AppleWebKit/537.36 (KHTML, like Gecko) Chrome/52.0.2743.116 Safari/537.36 Edge/15.15063" "-" "0.170" "10.201.30.11:8080"
220.184.201.244 - - [17/Jun/2017:13:29:25 +0800] "GET /winerbond-site HTTP/1.1" 302 5 "-" "Mozilla/5.0 (Windows NT 10.0; Win64; x64) AppleWebKit/537.36 (KHTML, like Gecko) Chrome/52.0.2743.116 Safari/537.36 Edge/15.15063" "-" "0.002" "10.201.30.12:8080"
117.122.213.136 - - [17/Jun/2017:13:29:26 +0800] "HEAD /winerbond-site/api/querySocialInsurance HTTP/1.1" 405 0 "-" "curl/7.19.7 (x86_64-redhat-linux-gnu) libcurl/7.19.7 NSS/3.19.1 Basic ECC zlib/1.2.3 libidn/1.18 libssh2/1.4.2" "-" "0.004" "10.201.30.11:8080"
220.184.201.244 - - [17/Jun/2017:13:29:29 +0800] "GET /favicon.ico HTTP/1.1" 404 193 "-" "Mozilla/5.0 (Windows NT 10.0; Win64; x64) AppleWebKit/537.36 (KHTML, like Gecko) Chrome/52.0.2743.116 Safari/537.36 Edge/15.15063" "-" "0.000" "-"
117.122.213.136 - - [17/Jun/2017:13:29:31 +0800] "HEAD /winerbond-site/api/querySocialInsurance HTTP/1.1" 405 0 "-" "curl/7.19.7 (x86_64-redhat-linux-gnu) libcurl/7.19.7 NSS/3.19.1 Basic ECC zlib/1.2.3 libidn/1.18 libssh2/1.4.2" "-" "0.004" "10.201.30.12:8080"
220.184.201.244 - - [17/Jun/2017:13:29:38 +0800] "GET /winerbond-site HTTP/1.1" 302 5 "-" "Mozilla/5.0 (Macintosh; Intel Mac OS X 10_12_5) AppleWebKit/537.36 (KHTML, like Gecko) Chrome/58.0.3029.110 Safari/537.36" "-" "0.002" "10.201.30.11:8080"
117.122.213.136 - - [17/Jun/2017:13:29:49 +0800] "HEAD /winerbond-site/api/querySocialInsurance HTTP/1.1" 405 0 "-" "curl/7.19.7 (x86_64-redhat-linux-gnu) libcurl/7.19.7 NSS/3.19.1 Basic ECC zlib/1.2.3 libidn/1.18 libssh2/1.4.2" "-" "0.013" "10.201.30.12:8080"
117.122.213.136 - - [17/Jun/2017:13:30:03 +0800] "HEAD /winerbond-site/api/querySocialInsurance HTTP/1.1" 405 0 "-" "curl/7.19.7 (x86_64-redhat-linux-gnu) libcurl/7.19.7 NSS/3.19.1 Basic ECC zlib/1.2.3 libidn/1.18 libssh2/1.4.2" "-" "0.004" "10.201.30.11:8080"
101.95.165.34 - - [17/Jun/2017:13:30:11 +0800] "GET / HTTP/1.1" 301 178 "-" "Mozilla/5.0 (compatible; PRTG Network Monitor (www.paessler.com); Windows)" "-" "0.000" "-"
101.95.165.34 - - [17/Jun/2017:13:30:11 +0800] "GET /winerbond-site/ HTTP/1.1" 302 0 "-" "Mozilla/5.0 (compatible; PRTG Network Monitor (www.paessler.com); Windows)" "-" "0.003" "10.201.30.12:8080"
117.122.213.136 - - [17/Jun/2017:13:30:26 +0800] "HEAD /winerbond-site/api/querySocialInsurance HTTP/1.1" 405 0 "-" "curl/7.19.7 (x86_64-redhat-linux-gnu) libcurl/7.19.7 NSS/3.19.1 Basic ECC zlib/1.2.3 libidn/1.18 libssh2/1.4.2" "-" "0.004" "10.201.30.12:8080"
101.95.165.34 - - [17/Jun/2017:13:30:32 +0800] "GET / HTTP/1.1" 301 178 "-" "Mozilla/5.0 (compatible; PRTG Network Monitor (www.paessler.com); Windows)" "-" "0.000" "-"
101.95.165.34 - - [17/Jun/2017:13:30:32 +0800] "GET /winerbond-site/ HTTP/1.1" 302 0 "-" "Mozilla/5.0 (compatible; PRTG Network Monitor (www.paessler.com); Windows)" "-" "0.002" "10.201.30.11:8080"
117.122.213.136 - - [17/Jun/2017:13:30:37 +0800] "HEAD /winerbond-site/api/querySocialInsurance HTTP/1.1" 405 0 "-" "curl/7.19.7 (x86_64-redhat-linux-gnu) libcurl/7.19.7 NSS/3.19.1 Basic ECC zlib/1.2.3 libidn/1.18 libssh2/1.4.2" "-" "0.004" "10.201.30.11:8080"
117.122.213.136 - - [17/Jun/2017:13:30:49 +0800] "HEAD /winerbond-site/api/querySocialInsurance HTTP/1.1" 405 0 "-" "curl/7.19.7 (x86_64-redhat-linux-gnu) libcurl/7.19.7 NSS/3.19.1 Basic ECC zlib/1.2.3 libidn/1.18 libssh2/1.4.2" "-" "0.004" "10.201.30.12:8080"
101.95.165.34 - - [17/Jun/2017:13:30:53 +0800] "GET / HTTP/1.1" 301 178 "-" "Mozilla/5.0 (compatible; PRTG Network Monitor (www.paessler.com); Windows)" "-" "0.000" "-"
101.95.165.34 - - [17/Jun/2017:13:30:53 +0800] "GET /winerbond-site/ HTTP/1.1" 302 0 "-" "Mozilla/5.0 (compatible; PRTG Network Monitor (www.paessler.com); Windows)" "-" "0.004" "10.201.30.11:8080"
117.122.213.136 - - [17/Jun/2017:13:31:03 +0800] "HEAD /winerbond-site/api/querySocialInsurance HTTP/1.1" 405 0 "-" "curl/7.19.7 (x86_64-redhat-linux-gnu) libcurl/7.19.7 NSS/3.19.1 Basic ECC zlib/1.2.3 libidn/1.18 libssh2/1.4.2" "-" "0.004" "10.201.30.12:8080"
101.200.183.32 - - [17/Jun/2017:13:31:04 +0800] "POST /winerbond-site/api/winerbondLogin?login_name=shlj@portal.com&login_psw=Admin_123 HTTP/1.1" 200 82 "-" "Mozilla/5.0 (Windows NT 6.3; WOW64) AppleWebKit/537.36 (KHTML, like Gecko) Chrome/39.0.2171.71 Safari/537.36" "-" "0.704" "10.201.30.11:8080"
117.122.213.136 - - [17/Jun/2017:13:31:26 +0800] "HEAD /winerbond-site/api/querySocialInsurance HTTP/1.1" 405 0 "-" "curl/7.19.7 (x86_64-redhat-linux-gnu) libcurl/7.19.7 NSS/3.19.1 Basic ECC zlib/1.2.3 libidn/1.18 libssh2/1.4.2" "-" "0.004" "10.201.30.12:8080"
117.122.213.136 - - [17/Jun/2017:13:31:46 +0800] "HEAD /winerbond-site/api/querySocialInsurance HTTP/1.1" 405 0 "-" "curl/7.19.7 (x86_64-redhat-linux-gnu) libcurl/7.19.7 NSS/3.19.1 Basic ECC zlib/1.2.3 libidn/1.18 libssh2/1.4.2" "-" "0.004" "10.201.30.11:8080"
117.122.213.136 - - [17/Jun/2017:13:31:49 +0800] "HEAD /winerbond-site/api/querySocialInsurance HTTP/1.1" 405 0 "-" "curl/7.19.7 (x86_64-redhat-linux-gnu) libcurl/7.19.7 NSS/3.19.1 Basic ECC zlib/1.2.3 libidn/1.18 libssh2/1.4.2" "-" "0.004" "10.201.30.12:8080"
117.122.213.136 - - [17/Jun/2017:13:32:03 +0800] "HEAD /winerbond-site/api/querySocialInsurance HTTP/1.1" 405 0 "-" "curl/7.19.7 (x86_64-redhat-linux-gnu) libcurl/7.19.7 NSS/3.19.1 Basic ECC zlib/1.2.3 libidn/1.18 libssh2/1.4.2" "-" "0.003" "10.201.30.11:8080"
101.95.165.34 - - [17/Jun/2017:13:32:11 +0800] "GET / HTTP/1.1" 301 178 "-" "Mozilla/5.0 (compatible; PRTG Network Monitor (www.paessler.com); Windows)" "-" "0.000" "-"
101.95.165.34 - - [17/Jun/2017:13:32:11 +0800] "GET /winerbond-site/ HTTP/1.1" 302 0 "-" "Mozilla/5.0 (compatible; PRTG Network Monitor (www.paessler.com); Windows)" "-" "0.005" "10.201.30.12:8080"
117.122.213.136 - - [17/Jun/2017:13:32:26 +0800] "HEAD /winerbond-site/api/querySocialInsurance HTTP/1.1" 405 0 "-" "curl/7.19.7 (x86_64-redhat-linux-gnu) libcurl/7.19.7 NSS/3.19.1 Basic ECC zlib/1.2.3 libidn/1.18 libssh2/1.4.2" "-" "0.004" "10.201.30.11:8080"
101.95.165.34 - - [17/Jun/2017:13:32:32 +0800] "GET / HTTP/1.1" 301 178 "-" "Mozilla/5.0 (compatible; PRTG Network Monitor (www.paessler.com); Windows)" "-" "0.000" "-"
101.95.165.34 - - [17/Jun/2017:13:32:32 +0800] "GET /winerbond-site/ HTTP/1.1" 302 0 "-" "Mozilla/5.0 (compatible; PRTG Network Monitor (www.paessler.com); Windows)" "-" "0.009" "10.201.30.12:8080"
117.122.213.136 - - [17/Jun/2017:13:32:49 +0800] "HEAD /winerbond-site/api/querySocialInsurance HTTP/1.1" 405 0 "-" "curl/7.19.7 (x86_64-redhat-linux-gnu) libcurl/7.19.7 NSS/3.19.1 Basic ECC zlib/1.2.3 libidn/1.18 libssh2/1.4.2" "-" "0.004" "10.201.30.12:8080"
117.122.213.136 - - [17/Jun/2017:13:32:52 +0800] "HEAD /winerbond-site/api/querySocialInsurance HTTP/1.1" 405 0 "-" "curl/7.19.7 (x86_64-redhat-linux-gnu) libcurl/7.19.7 NSS/3.19.1 Basic ECC zlib/1.2.3 libidn/1.18 libssh2/1.4.2" "-" "0.004" "10.201.30.11:8080"
101.95.165.34 - - [17/Jun/2017:13:32:53 +0800] "GET / HTTP/1.1" 301 178 "-" "Mozilla/5.0 (compatible; PRTG Network Monitor (www.paessler.com); Windows)" "-" "0.000" "-"
101.95.165.34 - - [17/Jun/2017:13:32:53 +0800] "GET /winerbond-site/ HTTP/1.1" 302 0 "-" "Mozilla/5.0 (compatible; PRTG Network Monitor (www.paessler.com); Windows)" "-" "0.003" "10.201.30.12:8080"
117.122.213.136 - - [17/Jun/2017:13:33:03 +0800] "HEAD /winerbond-site/api/querySocialInsurance HTTP/1.1" 405 0 "-" "curl/7.19.7 (x86_64-redhat-linux-gnu) libcurl/7.19.7 NSS/3.19.1 Basic ECC zlib/1.2.3 libidn/1.18 libssh2/1.4.2" "-" "0.004" "10.201.30.11:8080"
117.122.213.136 - - [17/Jun/2017:13:33:26 +0800] "HEAD /winerbond-site/api/querySocialInsurance HTTP/1.1" 405 0 "-" "curl/7.19.7 (x86_64-redhat-linux-gnu) libcurl/7.19.7 NSS/3.19.1 Basic ECC zlib/1.2.3 libidn/1.18 libssh2/1.4.2" "-" "0.004" "10.201.30.11:8080"
117.122.213.136 - - [17/Jun/2017:13:33:30 +0800] "HEAD /winerbond-site/api/querySocialInsurance HTTP/1.1" 405 0 "-" "curl/7.19.7 (x86_64-redhat-linux-gnu) libcurl/7.19.7 NSS/3.19.1 Basic ECC zlib/1.2.3 libidn/1.18 libssh2/1.4.2" "-" "0.004" "10.201.30.12:8080"
117.122.213.136 - - [17/Jun/2017:13:33:49 +0800] "HEAD /winerbond-site/api/querySocialInsurance HTTP/1.1" 405 0 "-" "curl/7.19.7 (x86_64-redhat-linux-gnu) libcurl/7.19.7 NSS/3.19.1 Basic ECC zlib/1.2.3 libidn/1.18 libssh2/1.4.2" "-" "0.004" "10.201.30.11:8080"
117.122.213.136 - - [17/Jun/2017:13:33:58 +0800] "HEAD /winerbond-site/api/querySocialInsurance HTTP/1.1" 405 0 "-" "curl/7.19.7 (x86_64-redhat-linux-gnu) libcurl/7.19.7 NSS/3.19.1 Basic ECC zlib/1.2.3 libidn/1.18 libssh2/1.4.2" "-" "0.004" "10.201.30.12:8080"
117.122.213.136 - - [17/Jun/2017:13:34:03 +0800] "HEAD /winerbond-site/api/querySocialInsurance HTTP/1.1" 405 0 "-" "curl/7.19.7 (x86_64-redhat-linux-gnu) libcurl/7.19.7 NSS/3.19.1 Basic ECC zlib/1.2.3 libidn/1.18 libssh2/1.4.2" "-" "0.003" "10.201.30.12:8080"
101.95.165.34 - - [17/Jun/2017:13:34:11 +0800] "GET / HTTP/1.1" 301 178 "-" "Mozilla/5.0 (compatible; PRTG Network Monitor (www.paessler.com); Windows)" "-" "0.000" "-"
101.95.165.34 - - [17/Jun/2017:13:34:11 +0800] "GET /winerbond-site/ HTTP/1.1" 302 0 "-" "Mozilla/5.0 (compatible; PRTG Network Monitor (www.paessler.com); Windows)" "-" "0.004" "10.201.30.11:8080"
117.122.213.136 - - [17/Jun/2017:13:34:26 +0800] "HEAD /winerbond-site/api/querySocialInsurance HTTP/1.1" 405 0 "-" "curl/7.19.7 (x86_64-redhat-linux-gnu) libcurl/7.19.7 NSS/3.19.1 Basic ECC zlib/1.2.3 libidn/1.18 libssh2/1.4.2" "-" "0.004" "10.201.30.11:8080"
101.95.165.34 - - [17/Jun/2017:13:34:32 +0800] "GET / HTTP/1.1" 301 178 "-" "Mozilla/5.0 (compatible; PRTG Network Monitor (www.paessler.com); Windows)" "-" "0.000" "-"
101.95.165.34 - - [17/Jun/2017:13:34:32 +0800] "GET /winerbond-site/ HTTP/1.1" 302 0 "-" "Mozilla/5.0 (compatible; PRTG Network Monitor (www.paessler.com); Windows)" "-" "0.003" "10.201.30.12:8080"
117.122.213.136 - - [17/Jun/2017:13:34:49 +0800] "HEAD /winerbond-site/api/querySocialInsurance HTTP/1.1" 405 0 "-" "curl/7.19.7 (x86_64-redhat-linux-gnu) libcurl/7.19.7 NSS/3.19.1 Basic ECC zlib/1.2.3 libidn/1.18 libssh2/1.4.2" "-" "0.004" "10.201.30.12:8080"
101.95.165.34 - - [17/Jun/2017:13:34:53 +0800] "GET / HTTP/1.1" 301 178 "-" "Mozilla/5.0 (compatible; PRTG Network Monitor (www.paessler.com); Windows)" "-" "0.000" "-"
101.95.165.34 - - [17/Jun/2017:13:34:53 +0800] "GET /winerbond-site/ HTTP/1.1" 302 0 "-" "Mozilla/5.0 (compatible; PRTG Network Monitor (www.paessler.com); Windows)" "-" "0.003" "10.201.30.11:8080"
117.122.213.136 - - [17/Jun/2017:13:35:03 +0800] "HEAD /winerbond-site/api/querySocialInsurance HTTP/1.1" 405 0 "-" "curl/7.19.7 (x86_64-redhat-linux-gnu) libcurl/7.19.7 NSS/3.19.1 Basic ECC zlib/1.2.3 libidn/1.18 libssh2/1.4.2" "-" "0.004" "10.201.30.12:8080"
117.122.213.136 - - [17/Jun/2017:13:35:05 +0800] "HEAD /winerbond-site/api/querySocialInsurance HTTP/1.1" 405 0 "-" "curl/7.19.7 (x86_64-redhat-linux-gnu) libcurl/7.19.7 NSS/3.19.1 Basic ECC zlib/1.2.3 libidn/1.18 libssh2/1.4.2" "-" "0.003" "10.201.30.11:8080"
117.122.213.136 - - [17/Jun/2017:13:35:26 +0800] "HEAD /winerbond-site/api/querySocialInsurance HTTP/1.1" 405 0 "-" "curl/7.19.7 (x86_64-redhat-linux-gnu) libcurl/7.19.7 NSS/3.19.1 Basic ECC zlib/1.2.3 libidn/1.18 libssh2/1.4.2" "-" "0.004" "10.201.30.12:8080"
117.122.213.136 - - [17/Jun/2017:13:35:49 +0800] "HEAD /winerbond-site/api/querySocialInsurance HTTP/1.1" 405 0 "-" "curl/7.19.7 (x86_64-redhat-linux-gnu) libcurl/7.19.7 NSS/3.19.1 Basic ECC zlib/1.2.3 libidn/1.18 libssh2/1.4.2" "-" "0.004" "10.201.30.11:8080"
117.122.213.136 - - [17/Jun/2017:13:36:03 +0800] "HEAD /winerbond-site/api/querySocialInsurance HTTP/1.1" 405 0 "-" "curl/7.19.7 (x86_64-redhat-linux-gnu) libcurl/7.19.7 NSS/3.19.1 Basic ECC zlib/1.2.3 libidn/1.18 libssh2/1.4.2" "-" "0.004" "10.201.30.11:8080"
117.122.213.136 - - [17/Jun/2017:13:36:10 +0800] "HEAD /winerbond-site/api/querySocialInsurance HTTP/1.1" 405 0 "-" "curl/7.19.7 (x86_64-redhat-linux-gnu) libcurl/7.19.7 NSS/3.19.1 Basic ECC zlib/1.2.3 libidn/1.18 libssh2/1.4.2" "-" "0.004" "10.201.30.12:8080"
101.95.165.34 - - [17/Jun/2017:13:36:11 +0800] "GET / HTTP/1.1" 301 178 "-" "Mozilla/5.0 (compatible; PRTG Network Monitor (www.paessler.com); Windows)" "-" "0.000" "-"
101.95.165.34 - - [17/Jun/2017:13:36:11 +0800] "GET /winerbond-site/ HTTP/1.1" 302 0 "-" "Mozilla/5.0 (compatible; PRTG Network Monitor (www.paessler.com); Windows)" "-" "0.003" "10.201.30.11:8080"
117.122.213.136 - - [17/Jun/2017:13:36:25 +0800] "HEAD /winerbond-site/api/querySocialInsurance HTTP/1.1" 405 0 "-" "curl/7.19.7 (x86_64-redhat-linux-gnu) libcurl/7.19.7 NSS/3.19.1 Basic ECC zlib/1.2.3 libidn/1.18 libssh2/1.4.2" "-" "0.004" "10.201.30.12:8080"
101.95.165.34 - - [17/Jun/2017:13:36:32 +0800] "GET / HTTP/1.1" 301 178 "-" "Mozilla/5.0 (compatible; PRTG Network Monitor (www.paessler.com); Windows)" "-" "0.000" "-"
101.95.165.34 - - [17/Jun/2017:13:36:32 +0800] "GET /winerbond-site/ HTTP/1.1" 302 0 "-" "Mozilla/5.0 (compatible; PRTG Network Monitor (www.paessler.com); Windows)" "-" "0.003" "10.201.30.11:8080"
117.122.213.136 - - [17/Jun/2017:13:36:49 +0800] "HEAD /winerbond-site/api/querySocialInsurance HTTP/1.1" 405 0 "-" "curl/7.19.7 (x86_64-redhat-linux-gnu) libcurl/7.19.7 NSS/3.19.1 Basic ECC zlib/1.2.3 libidn/1.18 libssh2/1.4.2" "-" "0.004" "10.201.30.12:8080"
101.95.165.34 - - [17/Jun/2017:13:36:53 +0800] "GET / HTTP/1.1" 301 178 "-" "Mozilla/5.0 (compatible; PRTG Network Monitor (www.paessler.com); Windows)" "-" "0.000" "-"
101.95.165.34 - - [17/Jun/2017:13:36:53 +0800] "GET /winerbond-site/ HTTP/1.1" 302 0 "-" "Mozilla/5.0 (compatible; PRTG Network Monitor (www.paessler.com); Windows)" "-" "0.003" "10.201.30.11:8080"
117.122.213.136 - - [17/Jun/2017:13:37:03 +0800] "HEAD /winerbond-site/api/querySocialInsurance HTTP/1.1" 405 0 "-" "curl/7.19.7 (x86_64-redhat-linux-gnu) libcurl/7.19.7 NSS/3.19.1 Basic ECC zlib/1.2.3 libidn/1.18 libssh2/1.4.2" "-" "0.004" "10.201.30.12:8080"
117.122.213.136 - - [17/Jun/2017:13:37:16 +0800] "HEAD /winerbond-site/api/querySocialInsurance HTTP/1.1" 405 0 "-" "curl/7.19.7 (x86_64-redhat-linux-gnu) libcurl/7.19.7 NSS/3.19.1 Basic ECC zlib/1.2.3 libidn/1.18 libssh2/1.4.2" "-" "0.016" "10.201.30.12:8080"
117.122.213.136 - - [17/Jun/2017:13:37:26 +0800] "HEAD /winerbond-site/api/querySocialInsurance HTTP/1.1" 405 0 "-" "curl/7.19.7 (x86_64-redhat-linux-gnu) libcurl/7.19.7 NSS/3.19.1 Basic ECC zlib/1.2.3 libidn/1.18 libssh2/1.4.2" "-" "0.004" "10.201.30.11:8080"
117.122.213.136 - - [17/Jun/2017:13:37:49 +0800] "HEAD /winerbond-site/api/querySocialInsurance HTTP/1.1" 405 0 "-" "curl/7.19.7 (x86_64-redhat-linux-gnu) libcurl/7.19.7 NSS/3.19.1 Basic ECC zlib/1.2.3 libidn/1.18 libssh2/1.4.2" "-" "0.004" "10.201.30.12:8080"
117.122.213.136 - - [17/Jun/2017:13:38:03 +0800] "HEAD /winerbond-site/api/querySocialInsurance HTTP/1.1" 405 0 "-" "curl/7.19.7 (x86_64-redhat-linux-gnu) libcurl/7.19.7 NSS/3.19.1 Basic ECC zlib/1.2.3 libidn/1.18 libssh2/1.4.2" "-" "0.018" "10.201.30.11:8080"
101.95.165.34 - - [17/Jun/2017:13:38:11 +0800] "GET / HTTP/1.1" 301 178 "-" "Mozilla/5.0 (compatible; PRTG Network Monitor (www.paessler.com); Windows)" "-" "0.000" "-"
101.95.165.34 - - [17/Jun/2017:13:38:11 +0800] "GET /winerbond-site/ HTTP/1.1" 302 0 "-" "Mozilla/5.0 (compatible; PRTG Network Monitor (www.paessler.com); Windows)" "-" "0.003" "10.201.30.12:8080"
117.122.213.136 - - [17/Jun/2017:13:38:22 +0800] "HEAD /winerbond-site/api/querySocialInsurance HTTP/1.1" 405 0 "-" "curl/7.19.7 (x86_64-redhat-linux-gnu) libcurl/7.19.7 NSS/3.19.1 Basic ECC zlib/1.2.3 libidn/1.18 libssh2/1.4.2" "-" "0.003" "10.201.30.11:8080"
117.122.213.136 - - [17/Jun/2017:13:38:26 +0800] "HEAD /winerbond-site/api/querySocialInsurance HTTP/1.1" 405 0 "-" "curl/7.19.7 (x86_64-redhat-linux-gnu) libcurl/7.19.7 NSS/3.19.1 Basic ECC zlib/1.2.3 libidn/1.18 libssh2/1.4.2" "-" "0.004" "10.201.30.12:8080"
101.95.165.34 - - [17/Jun/2017:13:38:32 +0800] "GET / HTTP/1.1" 301 178 "-" "Mozilla/5.0 (compatible; PRTG Network Monitor (www.paessler.com); Windows)" "-" "0.000" "-"
101.95.165.34 - - [17/Jun/2017:13:38:32 +0800] "GET /winerbond-site/ HTTP/1.1" 302 0 "-" "Mozilla/5.0 (compatible; PRTG Network Monitor (www.paessler.com); Windows)" "-" "0.003" "10.201.30.11:8080"
117.122.213.136 - - [17/Jun/2017:13:38:49 +0800] "HEAD /winerbond-site/api/querySocialInsurance HTTP/1.1" 405 0 "-" "curl/7.19.7 (x86_64-redhat-linux-gnu) libcurl/7.19.7 NSS/3.19.1 Basic ECC zlib/1.2.3 libidn/1.18 libssh2/1.4.2" "-" "0.004" "10.201.30.12:8080"
101.95.165.34 - - [17/Jun/2017:13:38:53 +0800] "GET / HTTP/1.1" 301 178 "-" "Mozilla/5.0 (compatible; PRTG Network Monitor (www.paessler.com); Windows)" "-" "0.000" "-"
101.95.165.34 - - [17/Jun/2017:13:38:53 +0800] "GET /winerbond-site/ HTTP/1.1" 302 0 "-" "Mozilla/5.0 (compatible; PRTG Network Monitor (www.paessler.com); Windows)" "-" "0.002" "10.201.30.11:8080"
117.122.213.136 - - [17/Jun/2017:13:39:03 +0800] "HEAD /winerbond-site/api/querySocialInsurance HTTP/1.1" 405 0 "-" "curl/7.19.7 (x86_64-redhat-linux-gnu) libcurl/7.19.7 NSS/3.19.1 Basic ECC zlib/1.2.3 libidn/1.18 libssh2/1.4.2" "-" "0.003" "10.201.30.11:8080"
117.122.213.136 - - [17/Jun/2017:13:39:26 +0800] "HEAD /winerbond-site/api/querySocialInsurance HTTP/1.1" 405 0 "-" "curl/7.19.7 (x86_64-redhat-linux-gnu) libcurl/7.19.7 NSS/3.19.1 Basic ECC zlib/1.2.3 libidn/1.18 libssh2/1.4.2" "-" "0.016" "10.201.30.12:8080"
117.122.213.136 - - [17/Jun/2017:13:39:27 +0800] "HEAD /winerbond-site/api/querySocialInsurance HTTP/1.1" 405 0 "-" "curl/7.19.7 (x86_64-redhat-linux-gnu) libcurl/7.19.7 NSS/3.19.1 Basic ECC zlib/1.2.3 libidn/1.18 libssh2/1.4.2" "-" "0.004" "10.201.30.12:8080"
117.122.213.136 - - [17/Jun/2017:13:39:49 +0800] "HEAD /winerbond-site/api/querySocialInsurance HTTP/1.1" 405 0 "-" "curl/7.19.7 (x86_64-redhat-linux-gnu) libcurl/7.19.7 NSS/3.19.1 Basic ECC zlib/1.2.3 libidn/1.18 libssh2/1.4.2" "-" "0.005" "10.201.30.11:8080"
117.122.213.136 - - [17/Jun/2017:13:40:10 +0800] "HEAD /winerbond-site/api/querySocialInsurance HTTP/1.1" 405 0 "-" "curl/7.19.7 (x86_64-redhat-linux-gnu) libcurl/7.19.7 NSS/3.19.1 Basic ECC zlib/1.2.3 libidn/1.18 libssh2/1.4.2" "-" "0.003" "10.201.30.11:8080"
101.95.165.34 - - [17/Jun/2017:13:40:11 +0800] "GET / HTTP/1.1" 301 178 "-" "Mozilla/5.0 (compatible; PRTG Network Monitor (www.paessler.com); Windows)" "-" "0.000" "-"
101.95.165.34 - - [17/Jun/2017:13:40:11 +0800] "GET /winerbond-site/ HTTP/1.1" 302 0 "-" "Mozilla/5.0 (compatible; PRTG Network Monitor (www.paessler.com); Windows)" "-" "0.003" "10.201.30.12:8080"
117.122.213.136 - - [17/Jun/2017:13:40:26 +0800] "HEAD /winerbond-site/api/querySocialInsurance HTTP/1.1" 405 0 "-" "curl/7.19.7 (x86_64-redhat-linux-gnu) libcurl/7.19.7 NSS/3.19.1 Basic ECC zlib/1.2.3 libidn/1.18 libssh2/1.4.2" "-" "0.004" "10.201.30.12:8080"
101.95.165.34 - - [17/Jun/2017:13:40:32 +0800] "GET / HTTP/1.1" 301 178 "-" "Mozilla/5.0 (compatible; PRTG Network Monitor (www.paessler.com); Windows)" "-" "0.000" "-"
101.95.165.34 - - [17/Jun/2017:13:40:32 +0800] "GET /winerbond-site/ HTTP/1.1" 302 0 "-" "Mozilla/5.0 (compatible; PRTG Network Monitor (www.paessler.com); Windows)" "-" "0.003" "10.201.30.11:8080"
117.122.213.136 - - [17/Jun/2017:13:40:33 +0800] "HEAD /winerbond-site/api/querySocialInsurance HTTP/1.1" 405 0 "-" "curl/7.19.7 (x86_64-redhat-linux-gnu) libcurl/7.19.7 NSS/3.19.1 Basic ECC zlib/1.2.3 libidn/1.18 libssh2/1.4.2" "-" "0.004" "10.201.30.11:8080"
117.122.213.136 - - [17/Jun/2017:13:40:49 +0800] "HEAD /winerbond-site/api/querySocialInsurance HTTP/1.1" 405 0 "-" "curl/7.19.7 (x86_64-redhat-linux-gnu) libcurl/7.19.7 NSS/3.19.1 Basic ECC zlib/1.2.3 libidn/1.18 libssh2/1.4.2" "-" "0.003" "10.201.30.12:8080"
101.95.165.34 - - [17/Jun/2017:13:40:53 +0800] "GET / HTTP/1.1" 301 178 "-" "Mozilla/5.0 (compatible; PRTG Network Monitor (www.paessler.com); Windows)" "-" "0.000" "-"
101.95.165.34 - - [17/Jun/2017:13:40:53 +0800] "GET /winerbond-site/ HTTP/1.1" 302 0 "-" "Mozilla/5.0 (compatible; PRTG Network Monitor (www.paessler.com); Windows)" "-" "0.002" "10.201.30.11:8080"
117.122.213.136 - - [17/Jun/2017:13:41:02 +0800] "HEAD /winerbond-site/api/querySocialInsurance HTTP/1.1" 405 0 "-" "curl/7.19.7 (x86_64-redhat-linux-gnu) libcurl/7.19.7 NSS/3.19.1 Basic ECC zlib/1.2.3 libidn/1.18 libssh2/1.4.2" "-" "0.004" "10.201.30.12:8080"
117.122.213.136 - - [17/Jun/2017:13:41:26 +0800] "HEAD /winerbond-site/api/querySocialInsurance HTTP/1.1" 405 0 "-" "curl/7.19.7 (x86_64-redhat-linux-gnu) libcurl/7.19.7 NSS/3.19.1 Basic ECC zlib/1.2.3 libidn/1.18 libssh2/1.4.2" "-" "0.004" "10.201.30.12:8080"
117.122.213.136 - - [17/Jun/2017:13:41:39 +0800] "HEAD /winerbond-site/api/querySocialInsurance HTTP/1.1" 405 0 "-" "curl/7.19.7 (x86_64-redhat-linux-gnu) libcurl/7.19.7 NSS/3.19.1 Basic ECC zlib/1.2.3 libidn/1.18 libssh2/1.4.2" "-" "0.004" "10.201.30.11:8080"
117.122.213.136 - - [17/Jun/2017:13:41:49 +0800] "HEAD /winerbond-site/api/querySocialInsurance HTTP/1.1" 405 0 "-" "curl/7.19.7 (x86_64-redhat-linux-gnu) libcurl/7.19.7 NSS/3.19.1 Basic ECC zlib/1.2.3 libidn/1.18 libssh2/1.4.2" "-" "0.004" "10.201.30.12:8080"
117.122.213.136 - - [17/Jun/2017:13:42:03 +0800] "HEAD /winerbond-site/api/querySocialInsurance HTTP/1.1" 405 0 "-" "curl/7.19.7 (x86_64-redhat-linux-gnu) libcurl/7.19.7 NSS/3.19.1 Basic ECC zlib/1.2.3 libidn/1.18 libssh2/1.4.2" "-" "0.004" "10.201.30.11:8080"
101.95.165.34 - - [17/Jun/2017:13:42:11 +0800] "GET / HTTP/1.1" 301 178 "-" "Mozilla/5.0 (compatible; PRTG Network Monitor (www.paessler.com); Windows)" "-" "0.000" "-"
101.95.165.34 - - [17/Jun/2017:13:42:11 +0800] "GET /winerbond-site/ HTTP/1.1" 302 0 "-" "Mozilla/5.0 (compatible; PRTG Network Monitor (www.paessler.com); Windows)" "-" "0.003" "10.201.30.11:8080"
117.122.213.136 - - [17/Jun/2017:13:42:26 +0800] "HEAD /winerbond-site/api/querySocialInsurance HTTP/1.1" 405 0 "-" "curl/7.19.7 (x86_64-redhat-linux-gnu) libcurl/7.19.7 NSS/3.19.1 Basic ECC zlib/1.2.3 libidn/1.18 libssh2/1.4.2" "-" "0.004" "10.201.30.12:8080"
101.95.165.34 - - [17/Jun/2017:13:42:32 +0800] "GET / HTTP/1.1" 301 178 "-" "Mozilla/5.0 (compatible; PRTG Network Monitor (www.paessler.com); Windows)" "-" "0.000" "-"
101.95.165.34 - - [17/Jun/2017:13:42:32 +0800] "GET /winerbond-site/ HTTP/1.1" 302 0 "-" "Mozilla/5.0 (compatible; PRTG Network Monitor (www.paessler.com); Windows)" "-" "0.003" "10.201.30.11:8080"
117.122.213.136 - - [17/Jun/2017:13:42:45 +0800] "HEAD /winerbond-site/api/querySocialInsurance HTTP/1.1" 405 0 "-" "curl/7.19.7 (x86_64-redhat-linux-gnu) libcurl/7.19.7 NSS/3.19.1 Basic ECC zlib/1.2.3 libidn/1.18 libssh2/1.4.2" "-" "0.004" "10.201.30.12:8080"
117.122.213.136 - - [17/Jun/2017:13:42:49 +0800] "HEAD /winerbond-site/api/querySocialInsurance HTTP/1.1" 405 0 "-" "curl/7.19.7 (x86_64-redhat-linux-gnu) libcurl/7.19.7 NSS/3.19.1 Basic ECC zlib/1.2.3 libidn/1.18 libssh2/1.4.2" "-" "0.004" "10.201.30.11:8080"
101.95.165.34 - - [17/Jun/2017:13:42:54 +0800] "GET / HTTP/1.1" 301 178 "-" "Mozilla/5.0 (compatible; PRTG Network Monitor (www.paessler.com); Windows)" "-" "0.000" "-"
101.95.165.34 - - [17/Jun/2017:13:42:54 +0800] "GET /winerbond-site/ HTTP/1.1" 302 0 "-" "Mozilla/5.0 (compatible; PRTG Network Monitor (www.paessler.com); Windows)" "-" "0.002" "10.201.30.12:8080"
117.122.213.136 - - [17/Jun/2017:13:43:03 +0800] "HEAD /winerbond-site/api/querySocialInsurance HTTP/1.1" 405 0 "-" "curl/7.19.7 (x86_64-redhat-linux-gnu) libcurl/7.19.7 NSS/3.19.1 Basic ECC zlib/1.2.3 libidn/1.18 libssh2/1.4.2" "-" "0.003" "10.201.30.11:8080"
117.122.213.136 - - [17/Jun/2017:13:43:26 +0800] "HEAD /winerbond-site/api/querySocialInsurance HTTP/1.1" 405 0 "-" "curl/7.19.7 (x86_64-redhat-linux-gnu) libcurl/7.19.7 NSS/3.19.1 Basic ECC zlib/1.2.3 libidn/1.18 libssh2/1.4.2" "-" "0.004" "10.201.30.12:8080"
117.122.213.136 - - [17/Jun/2017:13:43:49 +0800] "HEAD /winerbond-site/api/querySocialInsurance HTTP/1.1" 405 0 "-" "curl/7.19.7 (x86_64-redhat-linux-gnu) libcurl/7.19.7 NSS/3.19.1 Basic ECC zlib/1.2.3 libidn/1.18 libssh2/1.4.2" "-" "0.004" "10.201.30.12:8080"
117.122.213.136 - - [17/Jun/2017:13:43:51 +0800] "HEAD /winerbond-site/api/querySocialInsurance HTTP/1.1" 405 0 "-" "curl/7.19.7 (x86_64-redhat-linux-gnu) libcurl/7.19.7 NSS/3.19.1 Basic ECC zlib/1.2.3 libidn/1.18 libssh2/1.4.2" "-" "0.005" "10.201.30.11:8080"
